Alexs-MacBook-Pro:konane-final-project alexoneill$ python3 main.py

Select type of game to play:
	1)Human Player vs AI
	2)Server Player vs AI
	3)Itself
	4)Human vs Human
	5)Human vs Server Player
--> 2
id: 123
Opponent:111


Game:1

Player:1
?Remove:

*** Motley Crew's move ***
18 ■ □ ■ □ ■ □ ■ □ ■ □ ■ □ ■ □ ■ □ ■ □
17 □ ■ □ ■ □ ■ □ ■ □ ■ □ ■ □ ■ □ ■ □ ■
16 ■ □ ■ □ ■ □ ■ □ ■ □ ■ □ ■ □ ■ □ ■ □
15 □ ■ □ ■ □ ■ □ ■ □ ■ □ ■ □ ■ □ ■ □ ■
14 ■ □ ■ □ ■ □ ■ □ ■ □ ■ □ ■ □ ■ □ ■ □
13 □ ■ □ ■ □ ■ □ ■ □ ■ □ ■ □ ■ □ ■ □ ■
12 ■ □ ■ □ ■ □ ■ □ ■ □ ■ □ ■ □ ■ □ ■ □
11 □ ■ □ ■ □ ■ □ ■ □ ■ □ ■ □ ■ □ ■ □ ■
10 ■ □ ■ □ ■ □ ■ □ ■ □ ■ □ ■ □ ■ □ ■ □
 9 □ ■ □ ■ □ ■ □ ■ □ ■ □ ■ □ ■ □ ■ □ ■
 8 ■ □ ■ □ ■ □ ■ □ ■ □ ■ □ ■ □ ■ □ ■ □
 7 □ ■ □ ■ □ ■ □ ■ □ ■ □ ■ □ ■ □ ■ □ ■
 6 ■ □ ■ □ ■ □ ■ □ ■ □ ■ □ ■ □ ■ □ ■ □
 5 □ ■ □ ■ □ ■ □ ■ □ ■ □ ■ □ ■ □ ■ □ ■
 4 ■ □ ■ □ ■ □ ■ □ ■ □ ■ □ ■ □ ■ □ ■ □
 3 □ ■ □ ■ □ ■ □ ■ □ ■ □ ■ □ ■ □ ■ □ ■
 2 ■ □ ■ □ ■ □ ■ □ ■ □ ■ □ ■ □ ■ □ ■ □
 1 □ ■ □ ■ □ ■ □ ■ □ ■ □ ■ □ ■ □ ■ □ ■
-- a b c d e f g h i j k l m n o p q r
nocolor
Remove (1, a)
Removing encoding:
(1, a)
*** Server Opponent's move ***
18 ■ □ ■ □ ■ □ ■ □ ■ □ ■ □ ■ □ ■ □ ■ □
17 □ ■ □ ■ □ ■ □ ■ □ ■ □ ■ □ ■ □ ■ □ ■
16 ■ □ ■ □ ■ □ ■ □ ■ □ ■ □ ■ □ ■ □ ■ □
15 □ ■ □ ■ □ ■ □ ■ □ ■ □ ■ □ ■ □ ■ □ ■
14 ■ □ ■ □ ■ □ ■ □ ■ □ ■ □ ■ □ ■ □ ■ □
13 □ ■ □ ■ □ ■ □ ■ □ ■ □ ■ □ ■ □ ■ □ ■
12 ■ □ ■ □ ■ □ ■ □ ■ □ ■ □ ■ □ ■ □ ■ □
11 □ ■ □ ■ □ ■ □ ■ □ ■ □ ■ □ ■ □ ■ □ ■
10 ■ □ ■ □ ■ □ ■ □ ■ □ ■ □ ■ □ ■ □ ■ □
 9 □ ■ □ ■ □ ■ □ ■ □ ■ □ ■ □ ■ □ ■ □ ■
 8 ■ □ ■ □ ■ □ ■ □ ■ □ ■ □ ■ □ ■ □ ■ □
 7 □ ■ □ ■ □ ■ □ ■ □ ■ □ ■ □ ■ □ ■ □ ■
 6 ■ □ ■ □ ■ □ ■ □ ■ □ ■ □ ■ □ ■ □ ■ □
 5 □ ■ □ ■ □ ■ □ ■ □ ■ □ ■ □ ■ □ ■ □ ■
 4 ■ □ ■ □ ■ □ ■ □ ■ □ ■ □ ■ □ ■ □ ■ □
 3 □ ■ □ ■ □ ■ □ ■ □ ■ □ ■ □ ■ □ ■ □ ■
 2 ■ □ ■ □ ■ □ ■ □ ■ □ ■ □ ■ □ ■ □ ■ □
 1 - ■ □ ■ □ ■ □ ■ □ ■ □ ■ □ ■ □ ■ □ ■
-- a b c d e f g h i j k l m n o p q r
black
Color:BLACK

Removed:[0:0]

Removed:[0:1]

?Move(180000):

Removing decoding:
[0:1]

*** Motley Crew's move ***
18 ■ □ ■ □ ■ □ ■ □ ■ □ ■ □ ■ □ ■ □ ■ □
17 □ ■ □ ■ □ ■ □ ■ □ ■ □ ■ □ ■ □ ■ □ ■
16 ■ □ ■ □ ■ □ ■ □ ■ □ ■ □ ■ □ ■ □ ■ □
15 □ ■ □ ■ □ ■ □ ■ □ ■ □ ■ □ ■ □ ■ □ ■
14 ■ □ ■ □ ■ □ ■ □ ■ □ ■ □ ■ □ ■ □ ■ □
13 □ ■ □ ■ □ ■ □ ■ □ ■ □ ■ □ ■ □ ■ □ ■
12 ■ □ ■ □ ■ □ ■ □ ■ □ ■ □ ■ □ ■ □ ■ □
11 □ ■ □ ■ □ ■ □ ■ □ ■ □ ■ □ ■ □ ■ □ ■
10 ■ □ ■ □ ■ □ ■ □ ■ □ ■ □ ■ □ ■ □ ■ □
 9 □ ■ □ ■ □ ■ □ ■ □ ■ □ ■ □ ■ □ ■ □ ■
 8 ■ □ ■ □ ■ □ ■ □ ■ □ ■ □ ■ □ ■ □ ■ □
 7 □ ■ □ ■ □ ■ □ ■ □ ■ □ ■ □ ■ □ ■ □ ■
 6 ■ □ ■ □ ■ □ ■ □ ■ □ ■ □ ■ □ ■ □ ■ □
 5 □ ■ □ ■ □ ■ □ ■ □ ■ □ ■ □ ■ □ ■ □ ■
 4 ■ □ ■ □ ■ □ ■ □ ■ □ ■ □ ■ □ ■ □ ■ □
 3 □ ■ □ ■ □ ■ □ ■ □ ■ □ ■ □ ■ □ ■ □ ■
 2 ■ □ ■ □ ■ □ ■ □ ■ □ ■ □ ■ □ ■ □ ■ □
 1 - - □ ■ □ ■ □ ■ □ ■ □ ■ □ ■ □ ■ □ ■
-- a b c d e f g h i j k l m n o p q r
white
(3, a) -> (1, a)
Moving encoding:
['(3, a) ', ' (1, a)']
*** Server Opponent's move ***
18 ■ □ ■ □ ■ □ ■ □ ■ □ ■ □ ■ □ ■ □ ■ □
17 □ ■ □ ■ □ ■ □ ■ □ ■ □ ■ □ ■ □ ■ □ ■
16 ■ □ ■ □ ■ □ ■ □ ■ □ ■ □ ■ □ ■ □ ■ □
15 □ ■ □ ■ □ ■ □ ■ □ ■ □ ■ □ ■ □ ■ □ ■
14 ■ □ ■ □ ■ □ ■ □ ■ □ ■ □ ■ □ ■ □ ■ □
13 □ ■ □ ■ □ ■ □ ■ □ ■ □ ■ □ ■ □ ■ □ ■
12 ■ □ ■ □ ■ □ ■ □ ■ □ ■ □ ■ □ ■ □ ■ □
11 □ ■ □ ■ □ ■ □ ■ □ ■ □ ■ □ ■ □ ■ □ ■
10 ■ □ ■ □ ■ □ ■ □ ■ □ ■ □ ■ □ ■ □ ■ □
 9 □ ■ □ ■ □ ■ □ ■ □ ■ □ ■ □ ■ □ ■ □ ■
 8 ■ □ ■ □ ■ □ ■ □ ■ □ ■ □ ■ □ ■ □ ■ □
 7 □ ■ □ ■ □ ■ □ ■ □ ■ □ ■ □ ■ □ ■ □ ■
 6 ■ □ ■ □ ■ □ ■ □ ■ □ ■ □ ■ □ ■ □ ■ □
 5 □ ■ □ ■ □ ■ □ ■ □ ■ □ ■ □ ■ □ ■ □ ■
 4 ■ □ ■ □ ■ □ ■ □ ■ □ ■ □ ■ □ ■ □ ■ □
 3 - ■ □ ■ □ ■ □ ■ □ ■ □ ■ □ ■ □ ■ □ ■
 2 - □ ■ □ ■ □ ■ □ ■ □ ■ □ ■ □ ■ □ ■ □
 1 □ - □ ■ □ ■ □ ■ □ ■ □ ■ □ ■ □ ■ □ ■
-- a b c d e f g h i j k l m n o p q r
black
Move[2:0]:[0:0]

Move[0:3]:[0:1]

?Move(179892):

Moving decoding:
[0:3]:[0:1]

*** Motley Crew's move ***
18 ■ □ ■ □ ■ □ ■ □ ■ □ ■ □ ■ □ ■ □ ■ □
17 □ ■ □ ■ □ ■ □ ■ □ ■ □ ■ □ ■ □ ■ □ ■
16 ■ □ ■ □ ■ □ ■ □ ■ □ ■ □ ■ □ ■ □ ■ □
15 □ ■ □ ■ □ ■ □ ■ □ ■ □ ■ □ ■ □ ■ □ ■
14 ■ □ ■ □ ■ □ ■ □ ■ □ ■ □ ■ □ ■ □ ■ □
13 □ ■ □ ■ □ ■ □ ■ □ ■ □ ■ □ ■ □ ■ □ ■
12 ■ □ ■ □ ■ □ ■ □ ■ □ ■ □ ■ □ ■ □ ■ □
11 □ ■ □ ■ □ ■ □ ■ □ ■ □ ■ □ ■ □ ■ □ ■
10 ■ □ ■ □ ■ □ ■ □ ■ □ ■ □ ■ □ ■ □ ■ □
 9 □ ■ □ ■ □ ■ □ ■ □ ■ □ ■ □ ■ □ ■ □ ■
 8 ■ □ ■ □ ■ □ ■ □ ■ □ ■ □ ■ □ ■ □ ■ □
 7 □ ■ □ ■ □ ■ □ ■ □ ■ □ ■ □ ■ □ ■ □ ■
 6 ■ □ ■ □ ■ □ ■ □ ■ □ ■ □ ■ □ ■ □ ■ □
 5 □ ■ □ ■ □ ■ □ ■ □ ■ □ ■ □ ■ □ ■ □ ■
 4 ■ □ ■ □ ■ □ ■ □ ■ □ ■ □ ■ □ ■ □ ■ □
 3 - ■ □ ■ □ ■ □ ■ □ ■ □ ■ □ ■ □ ■ □ ■
 2 - □ ■ □ ■ □ ■ □ ■ □ ■ □ ■ □ ■ □ ■ □
 1 □ ■ - - □ ■ □ ■ □ ■ □ ■ □ ■ □ ■ □ ■
-- a b c d e f g h i j k l m n o p q r
white
(1, a) -> (1, c)
Moving encoding:
['(1, a) ', ' (1, c)']
*** Server Opponent's move ***
18 ■ □ ■ □ ■ □ ■ □ ■ □ ■ □ ■ □ ■ □ ■ □
17 □ ■ □ ■ □ ■ □ ■ □ ■ □ ■ □ ■ □ ■ □ ■
16 ■ □ ■ □ ■ □ ■ □ ■ □ ■ □ ■ □ ■ □ ■ □
15 □ ■ □ ■ □ ■ □ ■ □ ■ □ ■ □ ■ □ ■ □ ■
14 ■ □ ■ □ ■ □ ■ □ ■ □ ■ □ ■ □ ■ □ ■ □
13 □ ■ □ ■ □ ■ □ ■ □ ■ □ ■ □ ■ □ ■ □ ■
12 ■ □ ■ □ ■ □ ■ □ ■ □ ■ □ ■ □ ■ □ ■ □
11 □ ■ □ ■ □ ■ □ ■ □ ■ □ ■ □ ■ □ ■ □ ■
10 ■ □ ■ □ ■ □ ■ □ ■ □ ■ □ ■ □ ■ □ ■ □
 9 □ ■ □ ■ □ ■ □ ■ □ ■ □ ■ □ ■ □ ■ □ ■
 8 ■ □ ■ □ ■ □ ■ □ ■ □ ■ □ ■ □ ■ □ ■ □
 7 □ ■ □ ■ □ ■ □ ■ □ ■ □ ■ □ ■ □ ■ □ ■
 6 ■ □ ■ □ ■ □ ■ □ ■ □ ■ □ ■ □ ■ □ ■ □
 5 □ ■ □ ■ □ ■ □ ■ □ ■ □ ■ □ ■ □ ■ □ ■
 4 ■ □ ■ □ ■ □ ■ □ ■ □ ■ □ ■ □ ■ □ ■ □
 3 - ■ □ ■ □ ■ □ ■ □ ■ □ ■ □ ■ □ ■ □ ■
 2 - □ ■ □ ■ □ ■ □ ■ □ ■ □ ■ □ ■ □ ■ □
 1 - - □ - □ ■ □ ■ □ ■ □ ■ □ ■ □ ■ □ ■
-- a b c d e f g h i j k l m n o p q r
black
Move[0:0]:[0:2]

Move[0:5]:[0:3]

?Move(179697):

Moving decoding:
[0:5]:[0:3]

*** Motley Crew's move ***
18 ■ □ ■ □ ■ □ ■ □ ■ □ ■ □ ■ □ ■ □ ■ □
17 □ ■ □ ■ □ ■ □ ■ □ ■ □ ■ □ ■ □ ■ □ ■
16 ■ □ ■ □ ■ □ ■ □ ■ □ ■ □ ■ □ ■ □ ■ □
15 □ ■ □ ■ □ ■ □ ■ □ ■ □ ■ □ ■ □ ■ □ ■
14 ■ □ ■ □ ■ □ ■ □ ■ □ ■ □ ■ □ ■ □ ■ □
13 □ ■ □ ■ □ ■ □ ■ □ ■ □ ■ □ ■ □ ■ □ ■
12 ■ □ ■ □ ■ □ ■ □ ■ □ ■ □ ■ □ ■ □ ■ □
11 □ ■ □ ■ □ ■ □ ■ □ ■ □ ■ □ ■ □ ■ □ ■
10 ■ □ ■ □ ■ □ ■ □ ■ □ ■ □ ■ □ ■ □ ■ □
 9 □ ■ □ ■ □ ■ □ ■ □ ■ □ ■ □ ■ □ ■ □ ■
 8 ■ □ ■ □ ■ □ ■ □ ■ □ ■ □ ■ □ ■ □ ■ □
 7 □ ■ □ ■ □ ■ □ ■ □ ■ □ ■ □ ■ □ ■ □ ■
 6 ■ □ ■ □ ■ □ ■ □ ■ □ ■ □ ■ □ ■ □ ■ □
 5 □ ■ □ ■ □ ■ □ ■ □ ■ □ ■ □ ■ □ ■ □ ■
 4 ■ □ ■ □ ■ □ ■ □ ■ □ ■ □ ■ □ ■ □ ■ □
 3 - ■ □ ■ □ ■ □ ■ □ ■ □ ■ □ ■ □ ■ □ ■
 2 - □ ■ □ ■ □ ■ □ ■ □ ■ □ ■ □ ■ □ ■ □
 1 - - □ ■ - - □ ■ □ ■ □ ■ □ ■ □ ■ □ ■
-- a b c d e f g h i j k l m n o p q r
white
(1, c) -> (1, e)
Moving encoding:
['(1, c) ', ' (1, e)']
*** Server Opponent's move ***
18 ■ □ ■ □ ■ □ ■ □ ■ □ ■ □ ■ □ ■ □ ■ □
17 □ ■ □ ■ □ ■ □ ■ □ ■ □ ■ □ ■ □ ■ □ ■
16 ■ □ ■ □ ■ □ ■ □ ■ □ ■ □ ■ □ ■ □ ■ □
15 □ ■ □ ■ □ ■ □ ■ □ ■ □ ■ □ ■ □ ■ □ ■
14 ■ □ ■ □ ■ □ ■ □ ■ □ ■ □ ■ □ ■ □ ■ □
13 □ ■ □ ■ □ ■ □ ■ □ ■ □ ■ □ ■ □ ■ □ ■
12 ■ □ ■ □ ■ □ ■ □ ■ □ ■ □ ■ □ ■ □ ■ □
11 □ ■ □ ■ □ ■ □ ■ □ ■ □ ■ □ ■ □ ■ □ ■
10 ■ □ ■ □ ■ □ ■ □ ■ □ ■ □ ■ □ ■ □ ■ □
 9 □ ■ □ ■ □ ■ □ ■ □ ■ □ ■ □ ■ □ ■ □ ■
 8 ■ □ ■ □ ■ □ ■ □ ■ □ ■ □ ■ □ ■ □ ■ □
 7 □ ■ □ ■ □ ■ □ ■ □ ■ □ ■ □ ■ □ ■ □ ■
 6 ■ □ ■ □ ■ □ ■ □ ■ □ ■ □ ■ □ ■ □ ■ □
 5 □ ■ □ ■ □ ■ □ ■ □ ■ □ ■ □ ■ □ ■ □ ■
 4 ■ □ ■ □ ■ □ ■ □ ■ □ ■ □ ■ □ ■ □ ■ □
 3 - ■ □ ■ □ ■ □ ■ □ ■ □ ■ □ ■ □ ■ □ ■
 2 - □ ■ □ ■ □ ■ □ ■ □ ■ □ ■ □ ■ □ ■ □
 1 - - - - □ - □ ■ □ ■ □ ■ □ ■ □ ■ □ ■
-- a b c d e f g h i j k l m n o p q r
black
Move[0:2]:[0:4]

Move[0:7]:[0:5]

?Move(179505):

Moving decoding:
[0:7]:[0:5]

*** Motley Crew's move ***
18 ■ □ ■ □ ■ □ ■ □ ■ □ ■ □ ■ □ ■ □ ■ □
17 □ ■ □ ■ □ ■ □ ■ □ ■ □ ■ □ ■ □ ■ □ ■
16 ■ □ ■ □ ■ □ ■ □ ■ □ ■ □ ■ □ ■ □ ■ □
15 □ ■ □ ■ □ ■ □ ■ □ ■ □ ■ □ ■ □ ■ □ ■
14 ■ □ ■ □ ■ □ ■ □ ■ □ ■ □ ■ □ ■ □ ■ □
13 □ ■ □ ■ □ ■ □ ■ □ ■ □ ■ □ ■ □ ■ □ ■
12 ■ □ ■ □ ■ □ ■ □ ■ □ ■ □ ■ □ ■ □ ■ □
11 □ ■ □ ■ □ ■ □ ■ □ ■ □ ■ □ ■ □ ■ □ ■
10 ■ □ ■ □ ■ □ ■ □ ■ □ ■ □ ■ □ ■ □ ■ □
 9 □ ■ □ ■ □ ■ □ ■ □ ■ □ ■ □ ■ □ ■ □ ■
 8 ■ □ ■ □ ■ □ ■ □ ■ □ ■ □ ■ □ ■ □ ■ □
 7 □ ■ □ ■ □ ■ □ ■ □ ■ □ ■ □ ■ □ ■ □ ■
 6 ■ □ ■ □ ■ □ ■ □ ■ □ ■ □ ■ □ ■ □ ■ □
 5 □ ■ □ ■ □ ■ □ ■ □ ■ □ ■ □ ■ □ ■ □ ■
 4 ■ □ ■ □ ■ □ ■ □ ■ □ ■ □ ■ □ ■ □ ■ □
 3 - ■ □ ■ □ ■ □ ■ □ ■ □ ■ □ ■ □ ■ □ ■
 2 - □ ■ □ ■ □ ■ □ ■ □ ■ □ ■ □ ■ □ ■ □
 1 - - - - □ ■ - - □ ■ □ ■ □ ■ □ ■ □ ■
-- a b c d e f g h i j k l m n o p q r
white
(1, e) -> (1, g)
Moving encoding:
['(1, e) ', ' (1, g)']
*** Server Opponent's move ***
18 ■ □ ■ □ ■ □ ■ □ ■ □ ■ □ ■ □ ■ □ ■ □
17 □ ■ □ ■ □ ■ □ ■ □ ■ □ ■ □ ■ □ ■ □ ■
16 ■ □ ■ □ ■ □ ■ □ ■ □ ■ □ ■ □ ■ □ ■ □
15 □ ■ □ ■ □ ■ □ ■ □ ■ □ ■ □ ■ □ ■ □ ■
14 ■ □ ■ □ ■ □ ■ □ ■ □ ■ □ ■ □ ■ □ ■ □
13 □ ■ □ ■ □ ■ □ ■ □ ■ □ ■ □ ■ □ ■ □ ■
12 ■ □ ■ □ ■ □ ■ □ ■ □ ■ □ ■ □ ■ □ ■ □
11 □ ■ □ ■ □ ■ □ ■ □ ■ □ ■ □ ■ □ ■ □ ■
10 ■ □ ■ □ ■ □ ■ □ ■ □ ■ □ ■ □ ■ □ ■ □
 9 □ ■ □ ■ □ ■ □ ■ □ ■ □ ■ □ ■ □ ■ □ ■
 8 ■ □ ■ □ ■ □ ■ □ ■ □ ■ □ ■ □ ■ □ ■ □
 7 □ ■ □ ■ □ ■ □ ■ □ ■ □ ■ □ ■ □ ■ □ ■
 6 ■ □ ■ □ ■ □ ■ □ ■ □ ■ □ ■ □ ■ □ ■ □
 5 □ ■ □ ■ □ ■ □ ■ □ ■ □ ■ □ ■ □ ■ □ ■
 4 ■ □ ■ □ ■ □ ■ □ ■ □ ■ □ ■ □ ■ □ ■ □
 3 - ■ □ ■ □ ■ □ ■ □ ■ □ ■ □ ■ □ ■ □ ■
 2 - □ ■ □ ■ □ ■ □ ■ □ ■ □ ■ □ ■ □ ■ □
 1 - - - - - - □ - □ ■ □ ■ □ ■ □ ■ □ ■
-- a b c d e f g h i j k l m n o p q r
black
Move[0:4]:[0:6]

Move[0:9]:[0:7]

?Move(179261):

Moving decoding:
[0:9]:[0:7]

*** Motley Crew's move ***
18 ■ □ ■ □ ■ □ ■ □ ■ □ ■ □ ■ □ ■ □ ■ □
17 □ ■ □ ■ □ ■ □ ■ □ ■ □ ■ □ ■ □ ■ □ ■
16 ■ □ ■ □ ■ □ ■ □ ■ □ ■ □ ■ □ ■ □ ■ □
15 □ ■ □ ■ □ ■ □ ■ □ ■ □ ■ □ ■ □ ■ □ ■
14 ■ □ ■ □ ■ □ ■ □ ■ □ ■ □ ■ □ ■ □ ■ □
13 □ ■ □ ■ □ ■ □ ■ □ ■ □ ■ □ ■ □ ■ □ ■
12 ■ □ ■ □ ■ □ ■ □ ■ □ ■ □ ■ □ ■ □ ■ □
11 □ ■ □ ■ □ ■ □ ■ □ ■ □ ■ □ ■ □ ■ □ ■
10 ■ □ ■ □ ■ □ ■ □ ■ □ ■ □ ■ □ ■ □ ■ □
 9 □ ■ □ ■ □ ■ □ ■ □ ■ □ ■ □ ■ □ ■ □ ■
 8 ■ □ ■ □ ■ □ ■ □ ■ □ ■ □ ■ □ ■ □ ■ □
 7 □ ■ □ ■ □ ■ □ ■ □ ■ □ ■ □ ■ □ ■ □ ■
 6 ■ □ ■ □ ■ □ ■ □ ■ □ ■ □ ■ □ ■ □ ■ □
 5 □ ■ □ ■ □ ■ □ ■ □ ■ □ ■ □ ■ □ ■ □ ■
 4 ■ □ ■ □ ■ □ ■ □ ■ □ ■ □ ■ □ ■ □ ■ □
 3 - ■ □ ■ □ ■ □ ■ □ ■ □ ■ □ ■ □ ■ □ ■
 2 - □ ■ □ ■ □ ■ □ ■ □ ■ □ ■ □ ■ □ ■ □
 1 - - - - - - □ ■ - - □ ■ □ ■ □ ■ □ ■
-- a b c d e f g h i j k l m n o p q r
white
(1, g) -> (1, i)
Moving encoding:
['(1, g) ', ' (1, i)']
*** Server Opponent's move ***
18 ■ □ ■ □ ■ □ ■ □ ■ □ ■ □ ■ □ ■ □ ■ □
17 □ ■ □ ■ □ ■ □ ■ □ ■ □ ■ □ ■ □ ■ □ ■
16 ■ □ ■ □ ■ □ ■ □ ■ □ ■ □ ■ □ ■ □ ■ □
15 □ ■ □ ■ □ ■ □ ■ □ ■ □ ■ □ ■ □ ■ □ ■
14 ■ □ ■ □ ■ □ ■ □ ■ □ ■ □ ■ □ ■ □ ■ □
13 □ ■ □ ■ □ ■ □ ■ □ ■ □ ■ □ ■ □ ■ □ ■
12 ■ □ ■ □ ■ □ ■ □ ■ □ ■ □ ■ □ ■ □ ■ □
11 □ ■ □ ■ □ ■ □ ■ □ ■ □ ■ □ ■ □ ■ □ ■
10 ■ □ ■ □ ■ □ ■ □ ■ □ ■ □ ■ □ ■ □ ■ □
 9 □ ■ □ ■ □ ■ □ ■ □ ■ □ ■ □ ■ □ ■ □ ■
 8 ■ □ ■ □ ■ □ ■ □ ■ □ ■ □ ■ □ ■ □ ■ □
 7 □ ■ □ ■ □ ■ □ ■ □ ■ □ ■ □ ■ □ ■ □ ■
 6 ■ □ ■ □ ■ □ ■ □ ■ □ ■ □ ■ □ ■ □ ■ □
 5 □ ■ □ ■ □ ■ □ ■ □ ■ □ ■ □ ■ □ ■ □ ■
 4 ■ □ ■ □ ■ □ ■ □ ■ □ ■ □ ■ □ ■ □ ■ □
 3 - ■ □ ■ □ ■ □ ■ □ ■ □ ■ □ ■ □ ■ □ ■
 2 - □ ■ □ ■ □ ■ □ ■ □ ■ □ ■ □ ■ □ ■ □
 1 - - - - - - - - □ - □ ■ □ ■ □ ■ □ ■
-- a b c d e f g h i j k l m n o p q r
black
Move[0:6]:[0:8]

Move[0:11]:[0:9]

?Move(178943):

Moving decoding:
[0:11]:[0:9]

*** Motley Crew's move ***
18 ■ □ ■ □ ■ □ ■ □ ■ □ ■ □ ■ □ ■ □ ■ □
17 □ ■ □ ■ □ ■ □ ■ □ ■ □ ■ □ ■ □ ■ □ ■
16 ■ □ ■ □ ■ □ ■ □ ■ □ ■ □ ■ □ ■ □ ■ □
15 □ ■ □ ■ □ ■ □ ■ □ ■ □ ■ □ ■ □ ■ □ ■
14 ■ □ ■ □ ■ □ ■ □ ■ □ ■ □ ■ □ ■ □ ■ □
13 □ ■ □ ■ □ ■ □ ■ □ ■ □ ■ □ ■ □ ■ □ ■
12 ■ □ ■ □ ■ □ ■ □ ■ □ ■ □ ■ □ ■ □ ■ □
11 □ ■ □ ■ □ ■ □ ■ □ ■ □ ■ □ ■ □ ■ □ ■
10 ■ □ ■ □ ■ □ ■ □ ■ □ ■ □ ■ □ ■ □ ■ □
 9 □ ■ □ ■ □ ■ □ ■ □ ■ □ ■ □ ■ □ ■ □ ■
 8 ■ □ ■ □ ■ □ ■ □ ■ □ ■ □ ■ □ ■ □ ■ □
 7 □ ■ □ ■ □ ■ □ ■ □ ■ □ ■ □ ■ □ ■ □ ■
 6 ■ □ ■ □ ■ □ ■ □ ■ □ ■ □ ■ □ ■ □ ■ □
 5 □ ■ □ ■ □ ■ □ ■ □ ■ □ ■ □ ■ □ ■ □ ■
 4 ■ □ ■ □ ■ □ ■ □ ■ □ ■ □ ■ □ ■ □ ■ □
 3 - ■ □ ■ □ ■ □ ■ □ ■ □ ■ □ ■ □ ■ □ ■
 2 - □ ■ □ ■ □ ■ □ ■ □ ■ □ ■ □ ■ □ ■ □
 1 - - - - - - - - □ ■ - - □ ■ □ ■ □ ■
-- a b c d e f g h i j k l m n o p q r
white
(1, i) -> (1, k)
Moving encoding:
['(1, i) ', ' (1, k)']
*** Server Opponent's move ***
18 ■ □ ■ □ ■ □ ■ □ ■ □ ■ □ ■ □ ■ □ ■ □
17 □ ■ □ ■ □ ■ □ ■ □ ■ □ ■ □ ■ □ ■ □ ■
16 ■ □ ■ □ ■ □ ■ □ ■ □ ■ □ ■ □ ■ □ ■ □
15 □ ■ □ ■ □ ■ □ ■ □ ■ □ ■ □ ■ □ ■ □ ■
14 ■ □ ■ □ ■ □ ■ □ ■ □ ■ □ ■ □ ■ □ ■ □
13 □ ■ □ ■ □ ■ □ ■ □ ■ □ ■ □ ■ □ ■ □ ■
12 ■ □ ■ □ ■ □ ■ □ ■ □ ■ □ ■ □ ■ □ ■ □
11 □ ■ □ ■ □ ■ □ ■ □ ■ □ ■ □ ■ □ ■ □ ■
10 ■ □ ■ □ ■ □ ■ □ ■ □ ■ □ ■ □ ■ □ ■ □
 9 □ ■ □ ■ □ ■ □ ■ □ ■ □ ■ □ ■ □ ■ □ ■
 8 ■ □ ■ □ ■ □ ■ □ ■ □ ■ □ ■ □ ■ □ ■ □
 7 □ ■ □ ■ □ ■ □ ■ □ ■ □ ■ □ ■ □ ■ □ ■
 6 ■ □ ■ □ ■ □ ■ □ ■ □ ■ □ ■ □ ■ □ ■ □
 5 □ ■ □ ■ □ ■ □ ■ □ ■ □ ■ □ ■ □ ■ □ ■
 4 ■ □ ■ □ ■ □ ■ □ ■ □ ■ □ ■ □ ■ □ ■ □
 3 - ■ □ ■ □ ■ □ ■ □ ■ □ ■ □ ■ □ ■ □ ■
 2 - □ ■ □ ■ □ ■ □ ■ □ ■ □ ■ □ ■ □ ■ □
 1 - - - - - - - - - - □ - □ ■ □ ■ □ ■
-- a b c d e f g h i j k l m n o p q r
black
Move[0:8]:[0:10]

Move[0:13]:[0:11]

?Move(178561):

Moving decoding:
[0:13]:[0:11]

*** Motley Crew's move ***
18 ■ □ ■ □ ■ □ ■ □ ■ □ ■ □ ■ □ ■ □ ■ □
17 □ ■ □ ■ □ ■ □ ■ □ ■ □ ■ □ ■ □ ■ □ ■
16 ■ □ ■ □ ■ □ ■ □ ■ □ ■ □ ■ □ ■ □ ■ □
15 □ ■ □ ■ □ ■ □ ■ □ ■ □ ■ □ ■ □ ■ □ ■
14 ■ □ ■ □ ■ □ ■ □ ■ □ ■ □ ■ □ ■ □ ■ □
13 □ ■ □ ■ □ ■ □ ■ □ ■ □ ■ □ ■ □ ■ □ ■
12 ■ □ ■ □ ■ □ ■ □ ■ □ ■ □ ■ □ ■ □ ■ □
11 □ ■ □ ■ □ ■ □ ■ □ ■ □ ■ □ ■ □ ■ □ ■
10 ■ □ ■ □ ■ □ ■ □ ■ □ ■ □ ■ □ ■ □ ■ □
 9 □ ■ □ ■ □ ■ □ ■ □ ■ □ ■ □ ■ □ ■ □ ■
 8 ■ □ ■ □ ■ □ ■ □ ■ □ ■ □ ■ □ ■ □ ■ □
 7 □ ■ □ ■ □ ■ □ ■ □ ■ □ ■ □ ■ □ ■ □ ■
 6 ■ □ ■ □ ■ □ ■ □ ■ □ ■ □ ■ □ ■ □ ■ □
 5 □ ■ □ ■ □ ■ □ ■ □ ■ □ ■ □ ■ □ ■ □ ■
 4 ■ □ ■ □ ■ □ ■ □ ■ □ ■ □ ■ □ ■ □ ■ □
 3 - ■ □ ■ □ ■ □ ■ □ ■ □ ■ □ ■ □ ■ □ ■
 2 - □ ■ □ ■ □ ■ □ ■ □ ■ □ ■ □ ■ □ ■ □
 1 - - - - - - - - - - □ ■ - - □ ■ □ ■
-- a b c d e f g h i j k l m n o p q r
white
(1, k) -> (1, m)
Moving encoding:
['(1, k) ', ' (1, m)']
*** Server Opponent's move ***
18 ■ □ ■ □ ■ □ ■ □ ■ □ ■ □ ■ □ ■ □ ■ □
17 □ ■ □ ■ □ ■ □ ■ □ ■ □ ■ □ ■ □ ■ □ ■
16 ■ □ ■ □ ■ □ ■ □ ■ □ ■ □ ■ □ ■ □ ■ □
15 □ ■ □ ■ □ ■ □ ■ □ ■ □ ■ □ ■ □ ■ □ ■
14 ■ □ ■ □ ■ □ ■ □ ■ □ ■ □ ■ □ ■ □ ■ □
13 □ ■ □ ■ □ ■ □ ■ □ ■ □ ■ □ ■ □ ■ □ ■
12 ■ □ ■ □ ■ □ ■ □ ■ □ ■ □ ■ □ ■ □ ■ □
11 □ ■ □ ■ □ ■ □ ■ □ ■ □ ■ □ ■ □ ■ □ ■
10 ■ □ ■ □ ■ □ ■ □ ■ □ ■ □ ■ □ ■ □ ■ □
 9 □ ■ □ ■ □ ■ □ ■ □ ■ □ ■ □ ■ □ ■ □ ■
 8 ■ □ ■ □ ■ □ ■ □ ■ □ ■ □ ■ □ ■ □ ■ □
 7 □ ■ □ ■ □ ■ □ ■ □ ■ □ ■ □ ■ □ ■ □ ■
 6 ■ □ ■ □ ■ □ ■ □ ■ □ ■ □ ■ □ ■ □ ■ □
 5 □ ■ □ ■ □ ■ □ ■ □ ■ □ ■ □ ■ □ ■ □ ■
 4 ■ □ ■ □ ■ □ ■ □ ■ □ ■ □ ■ □ ■ □ ■ □
 3 - ■ □ ■ □ ■ □ ■ □ ■ □ ■ □ ■ □ ■ □ ■
 2 - □ ■ □ ■ □ ■ □ ■ □ ■ □ ■ □ ■ □ ■ □
 1 - - - - - - - - - - - - □ - □ ■ □ ■
-- a b c d e f g h i j k l m n o p q r
black
Move[0:10]:[0:12]

Move[0:15]:[0:13]

?Move(178102):

Moving decoding:
[0:15]:[0:13]

*** Motley Crew's move ***
18 ■ □ ■ □ ■ □ ■ □ ■ □ ■ □ ■ □ ■ □ ■ □
17 □ ■ □ ■ □ ■ □ ■ □ ■ □ ■ □ ■ □ ■ □ ■
16 ■ □ ■ □ ■ □ ■ □ ■ □ ■ □ ■ □ ■ □ ■ □
15 □ ■ □ ■ □ ■ □ ■ □ ■ □ ■ □ ■ □ ■ □ ■
14 ■ □ ■ □ ■ □ ■ □ ■ □ ■ □ ■ □ ■ □ ■ □
13 □ ■ □ ■ □ ■ □ ■ □ ■ □ ■ □ ■ □ ■ □ ■
12 ■ □ ■ □ ■ □ ■ □ ■ □ ■ □ ■ □ ■ □ ■ □
11 □ ■ □ ■ □ ■ □ ■ □ ■ □ ■ □ ■ □ ■ □ ■
10 ■ □ ■ □ ■ □ ■ □ ■ □ ■ □ ■ □ ■ □ ■ □
 9 □ ■ □ ■ □ ■ □ ■ □ ■ □ ■ □ ■ □ ■ □ ■
 8 ■ □ ■ □ ■ □ ■ □ ■ □ ■ □ ■ □ ■ □ ■ □
 7 □ ■ □ ■ □ ■ □ ■ □ ■ □ ■ □ ■ □ ■ □ ■
 6 ■ □ ■ □ ■ □ ■ □ ■ □ ■ □ ■ □ ■ □ ■ □
 5 □ ■ □ ■ □ ■ □ ■ □ ■ □ ■ □ ■ □ ■ □ ■
 4 ■ □ ■ □ ■ □ ■ □ ■ □ ■ □ ■ □ ■ □ ■ □
 3 - ■ □ ■ □ ■ □ ■ □ ■ □ ■ □ ■ □ ■ □ ■
 2 - □ ■ □ ■ □ ■ □ ■ □ ■ □ ■ □ ■ □ ■ □
 1 - - - - - - - - - - - - □ ■ - - □ ■
-- a b c d e f g h i j k l m n o p q r
white
(1, m) -> (1, o)
Moving encoding:
['(1, m) ', ' (1, o)']
*** Server Opponent's move ***
18 ■ □ ■ □ ■ □ ■ □ ■ □ ■ □ ■ □ ■ □ ■ □
17 □ ■ □ ■ □ ■ □ ■ □ ■ □ ■ □ ■ □ ■ □ ■
16 ■ □ ■ □ ■ □ ■ □ ■ □ ■ □ ■ □ ■ □ ■ □
15 □ ■ □ ■ □ ■ □ ■ □ ■ □ ■ □ ■ □ ■ □ ■
14 ■ □ ■ □ ■ □ ■ □ ■ □ ■ □ ■ □ ■ □ ■ □
13 □ ■ □ ■ □ ■ □ ■ □ ■ □ ■ □ ■ □ ■ □ ■
12 ■ □ ■ □ ■ □ ■ □ ■ □ ■ □ ■ □ ■ □ ■ □
11 □ ■ □ ■ □ ■ □ ■ □ ■ □ ■ □ ■ □ ■ □ ■
10 ■ □ ■ □ ■ □ ■ □ ■ □ ■ □ ■ □ ■ □ ■ □
 9 □ ■ □ ■ □ ■ □ ■ □ ■ □ ■ □ ■ □ ■ □ ■
 8 ■ □ ■ □ ■ □ ■ □ ■ □ ■ □ ■ □ ■ □ ■ □
 7 □ ■ □ ■ □ ■ □ ■ □ ■ □ ■ □ ■ □ ■ □ ■
 6 ■ □ ■ □ ■ □ ■ □ ■ □ ■ □ ■ □ ■ □ ■ □
 5 □ ■ □ ■ □ ■ □ ■ □ ■ □ ■ □ ■ □ ■ □ ■
 4 ■ □ ■ □ ■ □ ■ □ ■ □ ■ □ ■ □ ■ □ ■ □
 3 - ■ □ ■ □ ■ □ ■ □ ■ □ ■ □ ■ □ ■ □ ■
 2 - □ ■ □ ■ □ ■ □ ■ □ ■ □ ■ □ ■ □ ■ □
 1 - - - - - - - - - - - - - - □ - □ ■
-- a b c d e f g h i j k l m n o p q r
black
Move[0:12]:[0:14]

Move[0:17]:[0:15]

?Move(177572):

Moving decoding:
[0:17]:[0:15]

*** Motley Crew's move ***
18 ■ □ ■ □ ■ □ ■ □ ■ □ ■ □ ■ □ ■ □ ■ □
17 □ ■ □ ■ □ ■ □ ■ □ ■ □ ■ □ ■ □ ■ □ ■
16 ■ □ ■ □ ■ □ ■ □ ■ □ ■ □ ■ □ ■ □ ■ □
15 □ ■ □ ■ □ ■ □ ■ □ ■ □ ■ □ ■ □ ■ □ ■
14 ■ □ ■ □ ■ □ ■ □ ■ □ ■ □ ■ □ ■ □ ■ □
13 □ ■ □ ■ □ ■ □ ■ □ ■ □ ■ □ ■ □ ■ □ ■
12 ■ □ ■ □ ■ □ ■ □ ■ □ ■ □ ■ □ ■ □ ■ □
11 □ ■ □ ■ □ ■ □ ■ □ ■ □ ■ □ ■ □ ■ □ ■
10 ■ □ ■ □ ■ □ ■ □ ■ □ ■ □ ■ □ ■ □ ■ □
 9 □ ■ □ ■ □ ■ □ ■ □ ■ □ ■ □ ■ □ ■ □ ■
 8 ■ □ ■ □ ■ □ ■ □ ■ □ ■ □ ■ □ ■ □ ■ □
 7 □ ■ □ ■ □ ■ □ ■ □ ■ □ ■ □ ■ □ ■ □ ■
 6 ■ □ ■ □ ■ □ ■ □ ■ □ ■ □ ■ □ ■ □ ■ □
 5 □ ■ □ ■ □ ■ □ ■ □ ■ □ ■ □ ■ □ ■ □ ■
 4 ■ □ ■ □ ■ □ ■ □ ■ □ ■ □ ■ □ ■ □ ■ □
 3 - ■ □ ■ □ ■ □ ■ □ ■ □ ■ □ ■ □ ■ □ ■
 2 - □ ■ □ ■ □ ■ □ ■ □ ■ □ ■ □ ■ □ ■ □
 1 - - - - - - - - - - - - - - □ ■ - -
-- a b c d e f g h i j k l m n o p q r
white
(1, o) -> (1, q)
Moving encoding:
['(1, o) ', ' (1, q)']
*** Server Opponent's move ***
18 ■ □ ■ □ ■ □ ■ □ ■ □ ■ □ ■ □ ■ □ ■ □
17 □ ■ □ ■ □ ■ □ ■ □ ■ □ ■ □ ■ □ ■ □ ■
16 ■ □ ■ □ ■ □ ■ □ ■ □ ■ □ ■ □ ■ □ ■ □
15 □ ■ □ ■ □ ■ □ ■ □ ■ □ ■ □ ■ □ ■ □ ■
14 ■ □ ■ □ ■ □ ■ □ ■ □ ■ □ ■ □ ■ □ ■ □
13 □ ■ □ ■ □ ■ □ ■ □ ■ □ ■ □ ■ □ ■ □ ■
12 ■ □ ■ □ ■ □ ■ □ ■ □ ■ □ ■ □ ■ □ ■ □
11 □ ■ □ ■ □ ■ □ ■ □ ■ □ ■ □ ■ □ ■ □ ■
10 ■ □ ■ □ ■ □ ■ □ ■ □ ■ □ ■ □ ■ □ ■ □
 9 □ ■ □ ■ □ ■ □ ■ □ ■ □ ■ □ ■ □ ■ □ ■
 8 ■ □ ■ □ ■ □ ■ □ ■ □ ■ □ ■ □ ■ □ ■ □
 7 □ ■ □ ■ □ ■ □ ■ □ ■ □ ■ □ ■ □ ■ □ ■
 6 ■ □ ■ □ ■ □ ■ □ ■ □ ■ □ ■ □ ■ □ ■ □
 5 □ ■ □ ■ □ ■ □ ■ □ ■ □ ■ □ ■ □ ■ □ ■
 4 ■ □ ■ □ ■ □ ■ □ ■ □ ■ □ ■ □ ■ □ ■ □
 3 - ■ □ ■ □ ■ □ ■ □ ■ □ ■ □ ■ □ ■ □ ■
 2 - □ ■ □ ■ □ ■ □ ■ □ ■ □ ■ □ ■ □ ■ □
 1 - - - - - - - - - - - - - - - - □ -
-- a b c d e f g h i j k l m n o p q r
black
Move[0:14]:[0:16]

Move[1:2]:[1:0]

?Move(176987):

Moving decoding:
[1:2]:[1:0]

*** Motley Crew's move ***
18 ■ □ ■ □ ■ □ ■ □ ■ □ ■ □ ■ □ ■ □ ■ □
17 □ ■ □ ■ □ ■ □ ■ □ ■ □ ■ □ ■ □ ■ □ ■
16 ■ □ ■ □ ■ □ ■ □ ■ □ ■ □ ■ □ ■ □ ■ □
15 □ ■ □ ■ □ ■ □ ■ □ ■ □ ■ □ ■ □ ■ □ ■
14 ■ □ ■ □ ■ □ ■ □ ■ □ ■ □ ■ □ ■ □ ■ □
13 □ ■ □ ■ □ ■ □ ■ □ ■ □ ■ □ ■ □ ■ □ ■
12 ■ □ ■ □ ■ □ ■ □ ■ □ ■ □ ■ □ ■ □ ■ □
11 □ ■ □ ■ □ ■ □ ■ □ ■ □ ■ □ ■ □ ■ □ ■
10 ■ □ ■ □ ■ □ ■ □ ■ □ ■ □ ■ □ ■ □ ■ □
 9 □ ■ □ ■ □ ■ □ ■ □ ■ □ ■ □ ■ □ ■ □ ■
 8 ■ □ ■ □ ■ □ ■ □ ■ □ ■ □ ■ □ ■ □ ■ □
 7 □ ■ □ ■ □ ■ □ ■ □ ■ □ ■ □ ■ □ ■ □ ■
 6 ■ □ ■ □ ■ □ ■ □ ■ □ ■ □ ■ □ ■ □ ■ □
 5 □ ■ □ ■ □ ■ □ ■ □ ■ □ ■ □ ■ □ ■ □ ■
 4 ■ □ ■ □ ■ □ ■ □ ■ □ ■ □ ■ □ ■ □ ■ □
 3 - ■ □ ■ □ ■ □ ■ □ ■ □ ■ □ ■ □ ■ □ ■
 2 ■ - - □ ■ □ ■ □ ■ □ ■ □ ■ □ ■ □ ■ □
 1 - - - - - - - - - - - - - - - - □ -
-- a b c d e f g h i j k l m n o p q r
white
(3, c) -> (3, a)
Moving encoding:
['(3, c) ', ' (3, a)']
*** Server Opponent's move ***
18 ■ □ ■ □ ■ □ ■ □ ■ □ ■ □ ■ □ ■ □ ■ □
17 □ ■ □ ■ □ ■ □ ■ □ ■ □ ■ □ ■ □ ■ □ ■
16 ■ □ ■ □ ■ □ ■ □ ■ □ ■ □ ■ □ ■ □ ■ □
15 □ ■ □ ■ □ ■ □ ■ □ ■ □ ■ □ ■ □ ■ □ ■
14 ■ □ ■ □ ■ □ ■ □ ■ □ ■ □ ■ □ ■ □ ■ □
13 □ ■ □ ■ □ ■ □ ■ □ ■ □ ■ □ ■ □ ■ □ ■
12 ■ □ ■ □ ■ □ ■ □ ■ □ ■ □ ■ □ ■ □ ■ □
11 □ ■ □ ■ □ ■ □ ■ □ ■ □ ■ □ ■ □ ■ □ ■
10 ■ □ ■ □ ■ □ ■ □ ■ □ ■ □ ■ □ ■ □ ■ □
 9 □ ■ □ ■ □ ■ □ ■ □ ■ □ ■ □ ■ □ ■ □ ■
 8 ■ □ ■ □ ■ □ ■ □ ■ □ ■ □ ■ □ ■ □ ■ □
 7 □ ■ □ ■ □ ■ □ ■ □ ■ □ ■ □ ■ □ ■ □ ■
 6 ■ □ ■ □ ■ □ ■ □ ■ □ ■ □ ■ □ ■ □ ■ □
 5 □ ■ □ ■ □ ■ □ ■ □ ■ □ ■ □ ■ □ ■ □ ■
 4 ■ □ ■ □ ■ □ ■ □ ■ □ ■ □ ■ □ ■ □ ■ □
 3 □ - - ■ □ ■ □ ■ □ ■ □ ■ □ ■ □ ■ □ ■
 2 ■ - - □ ■ □ ■ □ ■ □ ■ □ ■ □ ■ □ ■ □
 1 - - - - - - - - - - - - - - - - □ -
-- a b c d e f g h i j k l m n o p q r
black
Move[2:2]:[2:0]

Move[1:4]:[1:2]

?Move(176362):

Moving decoding:
[1:4]:[1:2]

*** Motley Crew's move ***
18 ■ □ ■ □ ■ □ ■ □ ■ □ ■ □ ■ □ ■ □ ■ □
17 □ ■ □ ■ □ ■ □ ■ □ ■ □ ■ □ ■ □ ■ □ ■
16 ■ □ ■ □ ■ □ ■ □ ■ □ ■ □ ■ □ ■ □ ■ □
15 □ ■ □ ■ □ ■ □ ■ □ ■ □ ■ □ ■ □ ■ □ ■
14 ■ □ ■ □ ■ □ ■ □ ■ □ ■ □ ■ □ ■ □ ■ □
13 □ ■ □ ■ □ ■ □ ■ □ ■ □ ■ □ ■ □ ■ □ ■
12 ■ □ ■ □ ■ □ ■ □ ■ □ ■ □ ■ □ ■ □ ■ □
11 □ ■ □ ■ □ ■ □ ■ □ ■ □ ■ □ ■ □ ■ □ ■
10 ■ □ ■ □ ■ □ ■ □ ■ □ ■ □ ■ □ ■ □ ■ □
 9 □ ■ □ ■ □ ■ □ ■ □ ■ □ ■ □ ■ □ ■ □ ■
 8 ■ □ ■ □ ■ □ ■ □ ■ □ ■ □ ■ □ ■ □ ■ □
 7 □ ■ □ ■ □ ■ □ ■ □ ■ □ ■ □ ■ □ ■ □ ■
 6 ■ □ ■ □ ■ □ ■ □ ■ □ ■ □ ■ □ ■ □ ■ □
 5 □ ■ □ ■ □ ■ □ ■ □ ■ □ ■ □ ■ □ ■ □ ■
 4 ■ □ ■ □ ■ □ ■ □ ■ □ ■ □ ■ □ ■ □ ■ □
 3 □ - - ■ □ ■ □ ■ □ ■ □ ■ □ ■ □ ■ □ ■
 2 ■ - ■ - - □ ■ □ ■ □ ■ □ ■ □ ■ □ ■ □
 1 - - - - - - - - - - - - - - - - □ -
-- a b c d e f g h i j k l m n o p q r
white
(3, a) -> (1, a)
Moving encoding:
['(3, a) ', ' (1, a)']
*** Server Opponent's move ***
18 ■ □ ■ □ ■ □ ■ □ ■ □ ■ □ ■ □ ■ □ ■ □
17 □ ■ □ ■ □ ■ □ ■ □ ■ □ ■ □ ■ □ ■ □ ■
16 ■ □ ■ □ ■ □ ■ □ ■ □ ■ □ ■ □ ■ □ ■ □
15 □ ■ □ ■ □ ■ □ ■ □ ■ □ ■ □ ■ □ ■ □ ■
14 ■ □ ■ □ ■ □ ■ □ ■ □ ■ □ ■ □ ■ □ ■ □
13 □ ■ □ ■ □ ■ □ ■ □ ■ □ ■ □ ■ □ ■ □ ■
12 ■ □ ■ □ ■ □ ■ □ ■ □ ■ □ ■ □ ■ □ ■ □
11 □ ■ □ ■ □ ■ □ ■ □ ■ □ ■ □ ■ □ ■ □ ■
10 ■ □ ■ □ ■ □ ■ □ ■ □ ■ □ ■ □ ■ □ ■ □
 9 □ ■ □ ■ □ ■ □ ■ □ ■ □ ■ □ ■ □ ■ □ ■
 8 ■ □ ■ □ ■ □ ■ □ ■ □ ■ □ ■ □ ■ □ ■ □
 7 □ ■ □ ■ □ ■ □ ■ □ ■ □ ■ □ ■ □ ■ □ ■
 6 ■ □ ■ □ ■ □ ■ □ ■ □ ■ □ ■ □ ■ □ ■ □
 5 □ ■ □ ■ □ ■ □ ■ □ ■ □ ■ □ ■ □ ■ □ ■
 4 ■ □ ■ □ ■ □ ■ □ ■ □ ■ □ ■ □ ■ □ ■ □
 3 - - - ■ □ ■ □ ■ □ ■ □ ■ □ ■ □ ■ □ ■
 2 - - ■ - - □ ■ □ ■ □ ■ □ ■ □ ■ □ ■ □
 1 □ - - - - - - - - - - - - - - - □ -
-- a b c d e f g h i j k l m n o p q r
black
Move[2:0]:[0:0]

Move[1:6]:[1:4]

?Move(175752):

Moving decoding:
[1:6]:[1:4]

*** Motley Crew's move ***
18 ■ □ ■ □ ■ □ ■ □ ■ □ ■ □ ■ □ ■ □ ■ □
17 □ ■ □ ■ □ ■ □ ■ □ ■ □ ■ □ ■ □ ■ □ ■
16 ■ □ ■ □ ■ □ ■ □ ■ □ ■ □ ■ □ ■ □ ■ □
15 □ ■ □ ■ □ ■ □ ■ □ ■ □ ■ □ ■ □ ■ □ ■
14 ■ □ ■ □ ■ □ ■ □ ■ □ ■ □ ■ □ ■ □ ■ □
13 □ ■ □ ■ □ ■ □ ■ □ ■ □ ■ □ ■ □ ■ □ ■
12 ■ □ ■ □ ■ □ ■ □ ■ □ ■ □ ■ □ ■ □ ■ □
11 □ ■ □ ■ □ ■ □ ■ □ ■ □ ■ □ ■ □ ■ □ ■
10 ■ □ ■ □ ■ □ ■ □ ■ □ ■ □ ■ □ ■ □ ■ □
 9 □ ■ □ ■ □ ■ □ ■ □ ■ □ ■ □ ■ □ ■ □ ■
 8 ■ □ ■ □ ■ □ ■ □ ■ □ ■ □ ■ □ ■ □ ■ □
 7 □ ■ □ ■ □ ■ □ ■ □ ■ □ ■ □ ■ □ ■ □ ■
 6 ■ □ ■ □ ■ □ ■ □ ■ □ ■ □ ■ □ ■ □ ■ □
 5 □ ■ □ ■ □ ■ □ ■ □ ■ □ ■ □ ■ □ ■ □ ■
 4 ■ □ ■ □ ■ □ ■ □ ■ □ ■ □ ■ □ ■ □ ■ □
 3 - - - ■ □ ■ □ ■ □ ■ □ ■ □ ■ □ ■ □ ■
 2 - - ■ - ■ - - □ ■ □ ■ □ ■ □ ■ □ ■ □
 1 □ - - - - - - - - - - - - - - - □ -
-- a b c d e f g h i j k l m n o p q r
white
(3, e) -> (3, c)
Moving encoding:
['(3, e) ', ' (3, c)']
*** Server Opponent's move ***
18 ■ □ ■ □ ■ □ ■ □ ■ □ ■ □ ■ □ ■ □ ■ □
17 □ ■ □ ■ □ ■ □ ■ □ ■ □ ■ □ ■ □ ■ □ ■
16 ■ □ ■ □ ■ □ ■ □ ■ □ ■ □ ■ □ ■ □ ■ □
15 □ ■ □ ■ □ ■ □ ■ □ ■ □ ■ □ ■ □ ■ □ ■
14 ■ □ ■ □ ■ □ ■ □ ■ □ ■ □ ■ □ ■ □ ■ □
13 □ ■ □ ■ □ ■ □ ■ □ ■ □ ■ □ ■ □ ■ □ ■
12 ■ □ ■ □ ■ □ ■ □ ■ □ ■ □ ■ □ ■ □ ■ □
11 □ ■ □ ■ □ ■ □ ■ □ ■ □ ■ □ ■ □ ■ □ ■
10 ■ □ ■ □ ■ □ ■ □ ■ □ ■ □ ■ □ ■ □ ■ □
 9 □ ■ □ ■ □ ■ □ ■ □ ■ □ ■ □ ■ □ ■ □ ■
 8 ■ □ ■ □ ■ □ ■ □ ■ □ ■ □ ■ □ ■ □ ■ □
 7 □ ■ □ ■ □ ■ □ ■ □ ■ □ ■ □ ■ □ ■ □ ■
 6 ■ □ ■ □ ■ □ ■ □ ■ □ ■ □ ■ □ ■ □ ■ □
 5 □ ■ □ ■ □ ■ □ ■ □ ■ □ ■ □ ■ □ ■ □ ■
 4 ■ □ ■ □ ■ □ ■ □ ■ □ ■ □ ■ □ ■ □ ■ □
 3 - - □ - - ■ □ ■ □ ■ □ ■ □ ■ □ ■ □ ■
 2 - - ■ - ■ - - □ ■ □ ■ □ ■ □ ■ □ ■ □
 1 □ - - - - - - - - - - - - - - - □ -
-- a b c d e f g h i j k l m n o p q r
black
Move[2:4]:[2:2]

Move[1:8]:[1:6]

?Move(175029):

Moving decoding:
[1:8]:[1:6]

*** Motley Crew's move ***
18 ■ □ ■ □ ■ □ ■ □ ■ □ ■ □ ■ □ ■ □ ■ □
17 □ ■ □ ■ □ ■ □ ■ □ ■ □ ■ □ ■ □ ■ □ ■
16 ■ □ ■ □ ■ □ ■ □ ■ □ ■ □ ■ □ ■ □ ■ □
15 □ ■ □ ■ □ ■ □ ■ □ ■ □ ■ □ ■ □ ■ □ ■
14 ■ □ ■ □ ■ □ ■ □ ■ □ ■ □ ■ □ ■ □ ■ □
13 □ ■ □ ■ □ ■ □ ■ □ ■ □ ■ □ ■ □ ■ □ ■
12 ■ □ ■ □ ■ □ ■ □ ■ □ ■ □ ■ □ ■ □ ■ □
11 □ ■ □ ■ □ ■ □ ■ □ ■ □ ■ □ ■ □ ■ □ ■
10 ■ □ ■ □ ■ □ ■ □ ■ □ ■ □ ■ □ ■ □ ■ □
 9 □ ■ □ ■ □ ■ □ ■ □ ■ □ ■ □ ■ □ ■ □ ■
 8 ■ □ ■ □ ■ □ ■ □ ■ □ ■ □ ■ □ ■ □ ■ □
 7 □ ■ □ ■ □ ■ □ ■ □ ■ □ ■ □ ■ □ ■ □ ■
 6 ■ □ ■ □ ■ □ ■ □ ■ □ ■ □ ■ □ ■ □ ■ □
 5 □ ■ □ ■ □ ■ □ ■ □ ■ □ ■ □ ■ □ ■ □ ■
 4 ■ □ ■ □ ■ □ ■ □ ■ □ ■ □ ■ □ ■ □ ■ □
 3 - - □ - - ■ □ ■ □ ■ □ ■ □ ■ □ ■ □ ■
 2 - - ■ - ■ - ■ - - □ ■ □ ■ □ ■ □ ■ □
 1 □ - - - - - - - - - - - - - - - □ -
-- a b c d e f g h i j k l m n o p q r
white
(3, c) -> (1, c)
Moving encoding:
['(3, c) ', ' (1, c)']
*** Server Opponent's move ***
18 ■ □ ■ □ ■ □ ■ □ ■ □ ■ □ ■ □ ■ □ ■ □
17 □ ■ □ ■ □ ■ □ ■ □ ■ □ ■ □ ■ □ ■ □ ■
16 ■ □ ■ □ ■ □ ■ □ ■ □ ■ □ ■ □ ■ □ ■ □
15 □ ■ □ ■ □ ■ □ ■ □ ■ □ ■ □ ■ □ ■ □ ■
14 ■ □ ■ □ ■ □ ■ □ ■ □ ■ □ ■ □ ■ □ ■ □
13 □ ■ □ ■ □ ■ □ ■ □ ■ □ ■ □ ■ □ ■ □ ■
12 ■ □ ■ □ ■ □ ■ □ ■ □ ■ □ ■ □ ■ □ ■ □
11 □ ■ □ ■ □ ■ □ ■ □ ■ □ ■ □ ■ □ ■ □ ■
10 ■ □ ■ □ ■ □ ■ □ ■ □ ■ □ ■ □ ■ □ ■ □
 9 □ ■ □ ■ □ ■ □ ■ □ ■ □ ■ □ ■ □ ■ □ ■
 8 ■ □ ■ □ ■ □ ■ □ ■ □ ■ □ ■ □ ■ □ ■ □
 7 □ ■ □ ■ □ ■ □ ■ □ ■ □ ■ □ ■ □ ■ □ ■
 6 ■ □ ■ □ ■ □ ■ □ ■ □ ■ □ ■ □ ■ □ ■ □
 5 □ ■ □ ■ □ ■ □ ■ □ ■ □ ■ □ ■ □ ■ □ ■
 4 ■ □ ■ □ ■ □ ■ □ ■ □ ■ □ ■ □ ■ □ ■ □
 3 - - - - - ■ □ ■ □ ■ □ ■ □ ■ □ ■ □ ■
 2 - - - - ■ - ■ - - □ ■ □ ■ □ ■ □ ■ □
 1 □ - □ - - - - - - - - - - - - - □ -
-- a b c d e f g h i j k l m n o p q r
black
Move[2:2]:[0:2]

Move[1:10]:[1:8]

?Move(174323):

Moving decoding:
[1:10]:[1:8]

*** Motley Crew's move ***
18 ■ □ ■ □ ■ □ ■ □ ■ □ ■ □ ■ □ ■ □ ■ □
17 □ ■ □ ■ □ ■ □ ■ □ ■ □ ■ □ ■ □ ■ □ ■
16 ■ □ ■ □ ■ □ ■ □ ■ □ ■ □ ■ □ ■ □ ■ □
15 □ ■ □ ■ □ ■ □ ■ □ ■ □ ■ □ ■ □ ■ □ ■
14 ■ □ ■ □ ■ □ ■ □ ■ □ ■ □ ■ □ ■ □ ■ □
13 □ ■ □ ■ □ ■ □ ■ □ ■ □ ■ □ ■ □ ■ □ ■
12 ■ □ ■ □ ■ □ ■ □ ■ □ ■ □ ■ □ ■ □ ■ □
11 □ ■ □ ■ □ ■ □ ■ □ ■ □ ■ □ ■ □ ■ □ ■
10 ■ □ ■ □ ■ □ ■ □ ■ □ ■ □ ■ □ ■ □ ■ □
 9 □ ■ □ ■ □ ■ □ ■ □ ■ □ ■ □ ■ □ ■ □ ■
 8 ■ □ ■ □ ■ □ ■ □ ■ □ ■ □ ■ □ ■ □ ■ □
 7 □ ■ □ ■ □ ■ □ ■ □ ■ □ ■ □ ■ □ ■ □ ■
 6 ■ □ ■ □ ■ □ ■ □ ■ □ ■ □ ■ □ ■ □ ■ □
 5 □ ■ □ ■ □ ■ □ ■ □ ■ □ ■ □ ■ □ ■ □ ■
 4 ■ □ ■ □ ■ □ ■ □ ■ □ ■ □ ■ □ ■ □ ■ □
 3 - - - - - ■ □ ■ □ ■ □ ■ □ ■ □ ■ □ ■
 2 - - - - ■ - ■ - ■ - - □ ■ □ ■ □ ■ □
 1 □ - □ - - - - - - - - - - - - - □ -
-- a b c d e f g h i j k l m n o p q r
white
(3, g) -> (3, e)
Moving encoding:
['(3, g) ', ' (3, e)']
*** Server Opponent's move ***
18 ■ □ ■ □ ■ □ ■ □ ■ □ ■ □ ■ □ ■ □ ■ □
17 □ ■ □ ■ □ ■ □ ■ □ ■ □ ■ □ ■ □ ■ □ ■
16 ■ □ ■ □ ■ □ ■ □ ■ □ ■ □ ■ □ ■ □ ■ □
15 □ ■ □ ■ □ ■ □ ■ □ ■ □ ■ □ ■ □ ■ □ ■
14 ■ □ ■ □ ■ □ ■ □ ■ □ ■ □ ■ □ ■ □ ■ □
13 □ ■ □ ■ □ ■ □ ■ □ ■ □ ■ □ ■ □ ■ □ ■
12 ■ □ ■ □ ■ □ ■ □ ■ □ ■ □ ■ □ ■ □ ■ □
11 □ ■ □ ■ □ ■ □ ■ □ ■ □ ■ □ ■ □ ■ □ ■
10 ■ □ ■ □ ■ □ ■ □ ■ □ ■ □ ■ □ ■ □ ■ □
 9 □ ■ □ ■ □ ■ □ ■ □ ■ □ ■ □ ■ □ ■ □ ■
 8 ■ □ ■ □ ■ □ ■ □ ■ □ ■ □ ■ □ ■ □ ■ □
 7 □ ■ □ ■ □ ■ □ ■ □ ■ □ ■ □ ■ □ ■ □ ■
 6 ■ □ ■ □ ■ □ ■ □ ■ □ ■ □ ■ □ ■ □ ■ □
 5 □ ■ □ ■ □ ■ □ ■ □ ■ □ ■ □ ■ □ ■ □ ■
 4 ■ □ ■ □ ■ □ ■ □ ■ □ ■ □ ■ □ ■ □ ■ □
 3 - - - - □ - - ■ □ ■ □ ■ □ ■ □ ■ □ ■
 2 - - - - ■ - ■ - ■ - - □ ■ □ ■ □ ■ □
 1 □ - □ - - - - - - - - - - - - - □ -
-- a b c d e f g h i j k l m n o p q r
black
Move[2:6]:[2:4]

Move[1:12]:[1:10]

?Move(173501):

Moving decoding:
[1:12]:[1:10]

*** Motley Crew's move ***
18 ■ □ ■ □ ■ □ ■ □ ■ □ ■ □ ■ □ ■ □ ■ □
17 □ ■ □ ■ □ ■ □ ■ □ ■ □ ■ □ ■ □ ■ □ ■
16 ■ □ ■ □ ■ □ ■ □ ■ □ ■ □ ■ □ ■ □ ■ □
15 □ ■ □ ■ □ ■ □ ■ □ ■ □ ■ □ ■ □ ■ □ ■
14 ■ □ ■ □ ■ □ ■ □ ■ □ ■ □ ■ □ ■ □ ■ □
13 □ ■ □ ■ □ ■ □ ■ □ ■ □ ■ □ ■ □ ■ □ ■
12 ■ □ ■ □ ■ □ ■ □ ■ □ ■ □ ■ □ ■ □ ■ □
11 □ ■ □ ■ □ ■ □ ■ □ ■ □ ■ □ ■ □ ■ □ ■
10 ■ □ ■ □ ■ □ ■ □ ■ □ ■ □ ■ □ ■ □ ■ □
 9 □ ■ □ ■ □ ■ □ ■ □ ■ □ ■ □ ■ □ ■ □ ■
 8 ■ □ ■ □ ■ □ ■ □ ■ □ ■ □ ■ □ ■ □ ■ □
 7 □ ■ □ ■ □ ■ □ ■ □ ■ □ ■ □ ■ □ ■ □ ■
 6 ■ □ ■ □ ■ □ ■ □ ■ □ ■ □ ■ □ ■ □ ■ □
 5 □ ■ □ ■ □ ■ □ ■ □ ■ □ ■ □ ■ □ ■ □ ■
 4 ■ □ ■ □ ■ □ ■ □ ■ □ ■ □ ■ □ ■ □ ■ □
 3 - - - - □ - - ■ □ ■ □ ■ □ ■ □ ■ □ ■
 2 - - - - ■ - ■ - ■ - ■ - - □ ■ □ ■ □
 1 □ - □ - - - - - - - - - - - - - □ -
-- a b c d e f g h i j k l m n o p q r
white
(3, e) -> (1, e)
Moving encoding:
['(3, e) ', ' (1, e)']
*** Server Opponent's move ***
18 ■ □ ■ □ ■ □ ■ □ ■ □ ■ □ ■ □ ■ □ ■ □
17 □ ■ □ ■ □ ■ □ ■ □ ■ □ ■ □ ■ □ ■ □ ■
16 ■ □ ■ □ ■ □ ■ □ ■ □ ■ □ ■ □ ■ □ ■ □
15 □ ■ □ ■ □ ■ □ ■ □ ■ □ ■ □ ■ □ ■ □ ■
14 ■ □ ■ □ ■ □ ■ □ ■ □ ■ □ ■ □ ■ □ ■ □
13 □ ■ □ ■ □ ■ □ ■ □ ■ □ ■ □ ■ □ ■ □ ■
12 ■ □ ■ □ ■ □ ■ □ ■ □ ■ □ ■ □ ■ □ ■ □
11 □ ■ □ ■ □ ■ □ ■ □ ■ □ ■ □ ■ □ ■ □ ■
10 ■ □ ■ □ ■ □ ■ □ ■ □ ■ □ ■ □ ■ □ ■ □
 9 □ ■ □ ■ □ ■ □ ■ □ ■ □ ■ □ ■ □ ■ □ ■
 8 ■ □ ■ □ ■ □ ■ □ ■ □ ■ □ ■ □ ■ □ ■ □
 7 □ ■ □ ■ □ ■ □ ■ □ ■ □ ■ □ ■ □ ■ □ ■
 6 ■ □ ■ □ ■ □ ■ □ ■ □ ■ □ ■ □ ■ □ ■ □
 5 □ ■ □ ■ □ ■ □ ■ □ ■ □ ■ □ ■ □ ■ □ ■
 4 ■ □ ■ □ ■ □ ■ □ ■ □ ■ □ ■ □ ■ □ ■ □
 3 - - - - - - - ■ □ ■ □ ■ □ ■ □ ■ □ ■
 2 - - - - - - ■ - ■ - ■ - - □ ■ □ ■ □
 1 □ - □ - □ - - - - - - - - - - - □ -
-- a b c d e f g h i j k l m n o p q r
black
Move[2:4]:[0:4]

Move[1:14]:[1:12]

?Move(172705):

Moving decoding:
[1:14]:[1:12]

*** Motley Crew's move ***
18 ■ □ ■ □ ■ □ ■ □ ■ □ ■ □ ■ □ ■ □ ■ □
17 □ ■ □ ■ □ ■ □ ■ □ ■ □ ■ □ ■ □ ■ □ ■
16 ■ □ ■ □ ■ □ ■ □ ■ □ ■ □ ■ □ ■ □ ■ □
15 □ ■ □ ■ □ ■ □ ■ □ ■ □ ■ □ ■ □ ■ □ ■
14 ■ □ ■ □ ■ □ ■ □ ■ □ ■ □ ■ □ ■ □ ■ □
13 □ ■ □ ■ □ ■ □ ■ □ ■ □ ■ □ ■ □ ■ □ ■
12 ■ □ ■ □ ■ □ ■ □ ■ □ ■ □ ■ □ ■ □ ■ □
11 □ ■ □ ■ □ ■ □ ■ □ ■ □ ■ □ ■ □ ■ □ ■
10 ■ □ ■ □ ■ □ ■ □ ■ □ ■ □ ■ □ ■ □ ■ □
 9 □ ■ □ ■ □ ■ □ ■ □ ■ □ ■ □ ■ □ ■ □ ■
 8 ■ □ ■ □ ■ □ ■ □ ■ □ ■ □ ■ □ ■ □ ■ □
 7 □ ■ □ ■ □ ■ □ ■ □ ■ □ ■ □ ■ □ ■ □ ■
 6 ■ □ ■ □ ■ □ ■ □ ■ □ ■ □ ■ □ ■ □ ■ □
 5 □ ■ □ ■ □ ■ □ ■ □ ■ □ ■ □ ■ □ ■ □ ■
 4 ■ □ ■ □ ■ □ ■ □ ■ □ ■ □ ■ □ ■ □ ■ □
 3 - - - - - - - ■ □ ■ □ ■ □ ■ □ ■ □ ■
 2 - - - - - - ■ - ■ - ■ - ■ - - □ ■ □
 1 □ - □ - □ - - - - - - - - - - - □ -
-- a b c d e f g h i j k l m n o p q r
white
(3, i) -> (3, g)
Moving encoding:
['(3, i) ', ' (3, g)']
*** Server Opponent's move ***
18 ■ □ ■ □ ■ □ ■ □ ■ □ ■ □ ■ □ ■ □ ■ □
17 □ ■ □ ■ □ ■ □ ■ □ ■ □ ■ □ ■ □ ■ □ ■
16 ■ □ ■ □ ■ □ ■ □ ■ □ ■ □ ■ □ ■ □ ■ □
15 □ ■ □ ■ □ ■ □ ■ □ ■ □ ■ □ ■ □ ■ □ ■
14 ■ □ ■ □ ■ □ ■ □ ■ □ ■ □ ■ □ ■ □ ■ □
13 □ ■ □ ■ □ ■ □ ■ □ ■ □ ■ □ ■ □ ■ □ ■
12 ■ □ ■ □ ■ □ ■ □ ■ □ ■ □ ■ □ ■ □ ■ □
11 □ ■ □ ■ □ ■ □ ■ □ ■ □ ■ □ ■ □ ■ □ ■
10 ■ □ ■ □ ■ □ ■ □ ■ □ ■ □ ■ □ ■ □ ■ □
 9 □ ■ □ ■ □ ■ □ ■ □ ■ □ ■ □ ■ □ ■ □ ■
 8 ■ □ ■ □ ■ □ ■ □ ■ □ ■ □ ■ □ ■ □ ■ □
 7 □ ■ □ ■ □ ■ □ ■ □ ■ □ ■ □ ■ □ ■ □ ■
 6 ■ □ ■ □ ■ □ ■ □ ■ □ ■ □ ■ □ ■ □ ■ □
 5 □ ■ □ ■ □ ■ □ ■ □ ■ □ ■ □ ■ □ ■ □ ■
 4 ■ □ ■ □ ■ □ ■ □ ■ □ ■ □ ■ □ ■ □ ■ □
 3 - - - - - - □ - - ■ □ ■ □ ■ □ ■ □ ■
 2 - - - - - - ■ - ■ - ■ - ■ - - □ ■ □
 1 □ - □ - □ - - - - - - - - - - - □ -
-- a b c d e f g h i j k l m n o p q r
black
Move[2:8]:[2:6]

Move[1:16]:[1:14]

?Move(171745):

Moving decoding:
[1:16]:[1:14]

*** Motley Crew's move ***
18 ■ □ ■ □ ■ □ ■ □ ■ □ ■ □ ■ □ ■ □ ■ □
17 □ ■ □ ■ □ ■ □ ■ □ ■ □ ■ □ ■ □ ■ □ ■
16 ■ □ ■ □ ■ □ ■ □ ■ □ ■ □ ■ □ ■ □ ■ □
15 □ ■ □ ■ □ ■ □ ■ □ ■ □ ■ □ ■ □ ■ □ ■
14 ■ □ ■ □ ■ □ ■ □ ■ □ ■ □ ■ □ ■ □ ■ □
13 □ ■ □ ■ □ ■ □ ■ □ ■ □ ■ □ ■ □ ■ □ ■
12 ■ □ ■ □ ■ □ ■ □ ■ □ ■ □ ■ □ ■ □ ■ □
11 □ ■ □ ■ □ ■ □ ■ □ ■ □ ■ □ ■ □ ■ □ ■
10 ■ □ ■ □ ■ □ ■ □ ■ □ ■ □ ■ □ ■ □ ■ □
 9 □ ■ □ ■ □ ■ □ ■ □ ■ □ ■ □ ■ □ ■ □ ■
 8 ■ □ ■ □ ■ □ ■ □ ■ □ ■ □ ■ □ ■ □ ■ □
 7 □ ■ □ ■ □ ■ □ ■ □ ■ □ ■ □ ■ □ ■ □ ■
 6 ■ □ ■ □ ■ □ ■ □ ■ □ ■ □ ■ □ ■ □ ■ □
 5 □ ■ □ ■ □ ■ □ ■ □ ■ □ ■ □ ■ □ ■ □ ■
 4 ■ □ ■ □ ■ □ ■ □ ■ □ ■ □ ■ □ ■ □ ■ □
 3 - - - - - - □ - - ■ □ ■ □ ■ □ ■ □ ■
 2 - - - - - - ■ - ■ - ■ - ■ - ■ - - □
 1 □ - □ - □ - - - - - - - - - - - □ -
-- a b c d e f g h i j k l m n o p q r
white
(3, g) -> (1, g)
Moving encoding:
['(3, g) ', ' (1, g)']
*** Server Opponent's move ***
18 ■ □ ■ □ ■ □ ■ □ ■ □ ■ □ ■ □ ■ □ ■ □
17 □ ■ □ ■ □ ■ □ ■ □ ■ □ ■ □ ■ □ ■ □ ■
16 ■ □ ■ □ ■ □ ■ □ ■ □ ■ □ ■ □ ■ □ ■ □
15 □ ■ □ ■ □ ■ □ ■ □ ■ □ ■ □ ■ □ ■ □ ■
14 ■ □ ■ □ ■ □ ■ □ ■ □ ■ □ ■ □ ■ □ ■ □
13 □ ■ □ ■ □ ■ □ ■ □ ■ □ ■ □ ■ □ ■ □ ■
12 ■ □ ■ □ ■ □ ■ □ ■ □ ■ □ ■ □ ■ □ ■ □
11 □ ■ □ ■ □ ■ □ ■ □ ■ □ ■ □ ■ □ ■ □ ■
10 ■ □ ■ □ ■ □ ■ □ ■ □ ■ □ ■ □ ■ □ ■ □
 9 □ ■ □ ■ □ ■ □ ■ □ ■ □ ■ □ ■ □ ■ □ ■
 8 ■ □ ■ □ ■ □ ■ □ ■ □ ■ □ ■ □ ■ □ ■ □
 7 □ ■ □ ■ □ ■ □ ■ □ ■ □ ■ □ ■ □ ■ □ ■
 6 ■ □ ■ □ ■ □ ■ □ ■ □ ■ □ ■ □ ■ □ ■ □
 5 □ ■ □ ■ □ ■ □ ■ □ ■ □ ■ □ ■ □ ■ □ ■
 4 ■ □ ■ □ ■ □ ■ □ ■ □ ■ □ ■ □ ■ □ ■ □
 3 - - - - - - - - - ■ □ ■ □ ■ □ ■ □ ■
 2 - - - - - - - - ■ - ■ - ■ - ■ - - □
 1 □ - □ - □ - □ - - - - - - - - - □ -
-- a b c d e f g h i j k l m n o p q r
black
Move[2:6]:[0:6]

Move[2:17]:[0:17]

?Move(170791):

Moving decoding:
[2:17]:[0:17]

*** Motley Crew's move ***
18 ■ □ ■ □ ■ □ ■ □ ■ □ ■ □ ■ □ ■ □ ■ □
17 □ ■ □ ■ □ ■ □ ■ □ ■ □ ■ □ ■ □ ■ □ ■
16 ■ □ ■ □ ■ □ ■ □ ■ □ ■ □ ■ □ ■ □ ■ □
15 □ ■ □ ■ □ ■ □ ■ □ ■ □ ■ □ ■ □ ■ □ ■
14 ■ □ ■ □ ■ □ ■ □ ■ □ ■ □ ■ □ ■ □ ■ □
13 □ ■ □ ■ □ ■ □ ■ □ ■ □ ■ □ ■ □ ■ □ ■
12 ■ □ ■ □ ■ □ ■ □ ■ □ ■ □ ■ □ ■ □ ■ □
11 □ ■ □ ■ □ ■ □ ■ □ ■ □ ■ □ ■ □ ■ □ ■
10 ■ □ ■ □ ■ □ ■ □ ■ □ ■ □ ■ □ ■ □ ■ □
 9 □ ■ □ ■ □ ■ □ ■ □ ■ □ ■ □ ■ □ ■ □ ■
 8 ■ □ ■ □ ■ □ ■ □ ■ □ ■ □ ■ □ ■ □ ■ □
 7 □ ■ □ ■ □ ■ □ ■ □ ■ □ ■ □ ■ □ ■ □ ■
 6 ■ □ ■ □ ■ □ ■ □ ■ □ ■ □ ■ □ ■ □ ■ □
 5 □ ■ □ ■ □ ■ □ ■ □ ■ □ ■ □ ■ □ ■ □ ■
 4 ■ □ ■ □ ■ □ ■ □ ■ □ ■ □ ■ □ ■ □ ■ □
 3 - - - - - - - - - ■ □ ■ □ ■ □ ■ □ -
 2 - - - - - - - - ■ - ■ - ■ - ■ - - -
 1 □ - □ - □ - □ - - - - - - - - - □ ■
-- a b c d e f g h i j k l m n o p q r
white
(3, k) -> (3, i)
Moving encoding:
['(3, k) ', ' (3, i)']
*** Server Opponent's move ***
18 ■ □ ■ □ ■ □ ■ □ ■ □ ■ □ ■ □ ■ □ ■ □
17 □ ■ □ ■ □ ■ □ ■ □ ■ □ ■ □ ■ □ ■ □ ■
16 ■ □ ■ □ ■ □ ■ □ ■ □ ■ □ ■ □ ■ □ ■ □
15 □ ■ □ ■ □ ■ □ ■ □ ■ □ ■ □ ■ □ ■ □ ■
14 ■ □ ■ □ ■ □ ■ □ ■ □ ■ □ ■ □ ■ □ ■ □
13 □ ■ □ ■ □ ■ □ ■ □ ■ □ ■ □ ■ □ ■ □ ■
12 ■ □ ■ □ ■ □ ■ □ ■ □ ■ □ ■ □ ■ □ ■ □
11 □ ■ □ ■ □ ■ □ ■ □ ■ □ ■ □ ■ □ ■ □ ■
10 ■ □ ■ □ ■ □ ■ □ ■ □ ■ □ ■ □ ■ □ ■ □
 9 □ ■ □ ■ □ ■ □ ■ □ ■ □ ■ □ ■ □ ■ □ ■
 8 ■ □ ■ □ ■ □ ■ □ ■ □ ■ □ ■ □ ■ □ ■ □
 7 □ ■ □ ■ □ ■ □ ■ □ ■ □ ■ □ ■ □ ■ □ ■
 6 ■ □ ■ □ ■ □ ■ □ ■ □ ■ □ ■ □ ■ □ ■ □
 5 □ ■ □ ■ □ ■ □ ■ □ ■ □ ■ □ ■ □ ■ □ ■
 4 ■ □ ■ □ ■ □ ■ □ ■ □ ■ □ ■ □ ■ □ ■ □
 3 - - - - - - - - □ - - ■ □ ■ □ ■ □ -
 2 - - - - - - - - ■ - ■ - ■ - ■ - - -
 1 □ - □ - □ - □ - - - - - - - - - □ ■
-- a b c d e f g h i j k l m n o p q r
black
Move[2:10]:[2:8]

Move[0:17]:[0:15]

?Move(169818):

Moving decoding:
[0:17]:[0:15]

*** Motley Crew's move ***
18 ■ □ ■ □ ■ □ ■ □ ■ □ ■ □ ■ □ ■ □ ■ □
17 □ ■ □ ■ □ ■ □ ■ □ ■ □ ■ □ ■ □ ■ □ ■
16 ■ □ ■ □ ■ □ ■ □ ■ □ ■ □ ■ □ ■ □ ■ □
15 □ ■ □ ■ □ ■ □ ■ □ ■ □ ■ □ ■ □ ■ □ ■
14 ■ □ ■ □ ■ □ ■ □ ■ □ ■ □ ■ □ ■ □ ■ □
13 □ ■ □ ■ □ ■ □ ■ □ ■ □ ■ □ ■ □ ■ □ ■
12 ■ □ ■ □ ■ □ ■ □ ■ □ ■ □ ■ □ ■ □ ■ □
11 □ ■ □ ■ □ ■ □ ■ □ ■ □ ■ □ ■ □ ■ □ ■
10 ■ □ ■ □ ■ □ ■ □ ■ □ ■ □ ■ □ ■ □ ■ □
 9 □ ■ □ ■ □ ■ □ ■ □ ■ □ ■ □ ■ □ ■ □ ■
 8 ■ □ ■ □ ■ □ ■ □ ■ □ ■ □ ■ □ ■ □ ■ □
 7 □ ■ □ ■ □ ■ □ ■ □ ■ □ ■ □ ■ □ ■ □ ■
 6 ■ □ ■ □ ■ □ ■ □ ■ □ ■ □ ■ □ ■ □ ■ □
 5 □ ■ □ ■ □ ■ □ ■ □ ■ □ ■ □ ■ □ ■ □ ■
 4 ■ □ ■ □ ■ □ ■ □ ■ □ ■ □ ■ □ ■ □ ■ □
 3 - - - - - - - - □ - - ■ □ ■ □ ■ □ -
 2 - - - - - - - - ■ - ■ - ■ - ■ - - -
 1 □ - □ - □ - □ - - - - - - - - ■ - -
-- a b c d e f g h i j k l m n o p q r
white
(3, i) -> (1, i)
Moving encoding:
['(3, i) ', ' (1, i)']
*** Server Opponent's move ***
18 ■ □ ■ □ ■ □ ■ □ ■ □ ■ □ ■ □ ■ □ ■ □
17 □ ■ □ ■ □ ■ □ ■ □ ■ □ ■ □ ■ □ ■ □ ■
16 ■ □ ■ □ ■ □ ■ □ ■ □ ■ □ ■ □ ■ □ ■ □
15 □ ■ □ ■ □ ■ □ ■ □ ■ □ ■ □ ■ □ ■ □ ■
14 ■ □ ■ □ ■ □ ■ □ ■ □ ■ □ ■ □ ■ □ ■ □
13 □ ■ □ ■ □ ■ □ ■ □ ■ □ ■ □ ■ □ ■ □ ■
12 ■ □ ■ □ ■ □ ■ □ ■ □ ■ □ ■ □ ■ □ ■ □
11 □ ■ □ ■ □ ■ □ ■ □ ■ □ ■ □ ■ □ ■ □ ■
10 ■ □ ■ □ ■ □ ■ □ ■ □ ■ □ ■ □ ■ □ ■ □
 9 □ ■ □ ■ □ ■ □ ■ □ ■ □ ■ □ ■ □ ■ □ ■
 8 ■ □ ■ □ ■ □ ■ □ ■ □ ■ □ ■ □ ■ □ ■ □
 7 □ ■ □ ■ □ ■ □ ■ □ ■ □ ■ □ ■ □ ■ □ ■
 6 ■ □ ■ □ ■ □ ■ □ ■ □ ■ □ ■ □ ■ □ ■ □
 5 □ ■ □ ■ □ ■ □ ■ □ ■ □ ■ □ ■ □ ■ □ ■
 4 ■ □ ■ □ ■ □ ■ □ ■ □ ■ □ ■ □ ■ □ ■ □
 3 - - - - - - - - - - - ■ □ ■ □ ■ □ -
 2 - - - - - - - - - - ■ - ■ - ■ - - -
 1 □ - □ - □ - □ - □ - - - - - - ■ - -
-- a b c d e f g h i j k l m n o p q r
black
Move[2:8]:[0:8]

Move[2:15]:[2:17]

?Move(168906):

Moving decoding:
[2:15]:[2:17]

*** Motley Crew's move ***
18 ■ □ ■ □ ■ □ ■ □ ■ □ ■ □ ■ □ ■ □ ■ □
17 □ ■ □ ■ □ ■ □ ■ □ ■ □ ■ □ ■ □ ■ □ ■
16 ■ □ ■ □ ■ □ ■ □ ■ □ ■ □ ■ □ ■ □ ■ □
15 □ ■ □ ■ □ ■ □ ■ □ ■ □ ■ □ ■ □ ■ □ ■
14 ■ □ ■ □ ■ □ ■ □ ■ □ ■ □ ■ □ ■ □ ■ □
13 □ ■ □ ■ □ ■ □ ■ □ ■ □ ■ □ ■ □ ■ □ ■
12 ■ □ ■ □ ■ □ ■ □ ■ □ ■ □ ■ □ ■ □ ■ □
11 □ ■ □ ■ □ ■ □ ■ □ ■ □ ■ □ ■ □ ■ □ ■
10 ■ □ ■ □ ■ □ ■ □ ■ □ ■ □ ■ □ ■ □ ■ □
 9 □ ■ □ ■ □ ■ □ ■ □ ■ □ ■ □ ■ □ ■ □ ■
 8 ■ □ ■ □ ■ □ ■ □ ■ □ ■ □ ■ □ ■ □ ■ □
 7 □ ■ □ ■ □ ■ □ ■ □ ■ □ ■ □ ■ □ ■ □ ■
 6 ■ □ ■ □ ■ □ ■ □ ■ □ ■ □ ■ □ ■ □ ■ □
 5 □ ■ □ ■ □ ■ □ ■ □ ■ □ ■ □ ■ □ ■ □ ■
 4 ■ □ ■ □ ■ □ ■ □ ■ □ ■ □ ■ □ ■ □ ■ □
 3 - - - - - - - - - - - ■ □ ■ □ - - ■
 2 - - - - - - - - - - ■ - ■ - ■ - - -
 1 □ - □ - □ - □ - □ - - - - - - ■ - -
-- a b c d e f g h i j k l m n o p q r
white
(3, m) -> (3, k)
Moving encoding:
['(3, m) ', ' (3, k)']
*** Server Opponent's move ***
18 ■ □ ■ □ ■ □ ■ □ ■ □ ■ □ ■ □ ■ □ ■ □
17 □ ■ □ ■ □ ■ □ ■ □ ■ □ ■ □ ■ □ ■ □ ■
16 ■ □ ■ □ ■ □ ■ □ ■ □ ■ □ ■ □ ■ □ ■ □
15 □ ■ □ ■ □ ■ □ ■ □ ■ □ ■ □ ■ □ ■ □ ■
14 ■ □ ■ □ ■ □ ■ □ ■ □ ■ □ ■ □ ■ □ ■ □
13 □ ■ □ ■ □ ■ □ ■ □ ■ □ ■ □ ■ □ ■ □ ■
12 ■ □ ■ □ ■ □ ■ □ ■ □ ■ □ ■ □ ■ □ ■ □
11 □ ■ □ ■ □ ■ □ ■ □ ■ □ ■ □ ■ □ ■ □ ■
10 ■ □ ■ □ ■ □ ■ □ ■ □ ■ □ ■ □ ■ □ ■ □
 9 □ ■ □ ■ □ ■ □ ■ □ ■ □ ■ □ ■ □ ■ □ ■
 8 ■ □ ■ □ ■ □ ■ □ ■ □ ■ □ ■ □ ■ □ ■ □
 7 □ ■ □ ■ □ ■ □ ■ □ ■ □ ■ □ ■ □ ■ □ ■
 6 ■ □ ■ □ ■ □ ■ □ ■ □ ■ □ ■ □ ■ □ ■ □
 5 □ ■ □ ■ □ ■ □ ■ □ ■ □ ■ □ ■ □ ■ □ ■
 4 ■ □ ■ □ ■ □ ■ □ ■ □ ■ □ ■ □ ■ □ ■ □
 3 - - - - - - - - - - □ - - ■ □ - - ■
 2 - - - - - - - - - - ■ - ■ - ■ - - -
 1 □ - □ - □ - □ - □ - - - - - - ■ - -
-- a b c d e f g h i j k l m n o p q r
black
Move[2:12]:[2:10]

Move[2:13]:[2:15]

?Move(167899):

Moving decoding:
[2:13]:[2:15]

*** Motley Crew's move ***
18 ■ □ ■ □ ■ □ ■ □ ■ □ ■ □ ■ □ ■ □ ■ □
17 □ ■ □ ■ □ ■ □ ■ □ ■ □ ■ □ ■ □ ■ □ ■
16 ■ □ ■ □ ■ □ ■ □ ■ □ ■ □ ■ □ ■ □ ■ □
15 □ ■ □ ■ □ ■ □ ■ □ ■ □ ■ □ ■ □ ■ □ ■
14 ■ □ ■ □ ■ □ ■ □ ■ □ ■ □ ■ □ ■ □ ■ □
13 □ ■ □ ■ □ ■ □ ■ □ ■ □ ■ □ ■ □ ■ □ ■
12 ■ □ ■ □ ■ □ ■ □ ■ □ ■ □ ■ □ ■ □ ■ □
11 □ ■ □ ■ □ ■ □ ■ □ ■ □ ■ □ ■ □ ■ □ ■
10 ■ □ ■ □ ■ □ ■ □ ■ □ ■ □ ■ □ ■ □ ■ □
 9 □ ■ □ ■ □ ■ □ ■ □ ■ □ ■ □ ■ □ ■ □ ■
 8 ■ □ ■ □ ■ □ ■ □ ■ □ ■ □ ■ □ ■ □ ■ □
 7 □ ■ □ ■ □ ■ □ ■ □ ■ □ ■ □ ■ □ ■ □ ■
 6 ■ □ ■ □ ■ □ ■ □ ■ □ ■ □ ■ □ ■ □ ■ □
 5 □ ■ □ ■ □ ■ □ ■ □ ■ □ ■ □ ■ □ ■ □ ■
 4 ■ □ ■ □ ■ □ ■ □ ■ □ ■ □ ■ □ ■ □ ■ □
 3 - - - - - - - - - - □ - - - - ■ - ■
 2 - - - - - - - - - - ■ - ■ - ■ - - -
 1 □ - □ - □ - □ - □ - - - - - - ■ - -
-- a b c d e f g h i j k l m n o p q r
white
(3, k) -> (1, k)
Moving encoding:
['(3, k) ', ' (1, k)']
*** Server Opponent's move ***
18 ■ □ ■ □ ■ □ ■ □ ■ □ ■ □ ■ □ ■ □ ■ □
17 □ ■ □ ■ □ ■ □ ■ □ ■ □ ■ □ ■ □ ■ □ ■
16 ■ □ ■ □ ■ □ ■ □ ■ □ ■ □ ■ □ ■ □ ■ □
15 □ ■ □ ■ □ ■ □ ■ □ ■ □ ■ □ ■ □ ■ □ ■
14 ■ □ ■ □ ■ □ ■ □ ■ □ ■ □ ■ □ ■ □ ■ □
13 □ ■ □ ■ □ ■ □ ■ □ ■ □ ■ □ ■ □ ■ □ ■
12 ■ □ ■ □ ■ □ ■ □ ■ □ ■ □ ■ □ ■ □ ■ □
11 □ ■ □ ■ □ ■ □ ■ □ ■ □ ■ □ ■ □ ■ □ ■
10 ■ □ ■ □ ■ □ ■ □ ■ □ ■ □ ■ □ ■ □ ■ □
 9 □ ■ □ ■ □ ■ □ ■ □ ■ □ ■ □ ■ □ ■ □ ■
 8 ■ □ ■ □ ■ □ ■ □ ■ □ ■ □ ■ □ ■ □ ■ □
 7 □ ■ □ ■ □ ■ □ ■ □ ■ □ ■ □ ■ □ ■ □ ■
 6 ■ □ ■ □ ■ □ ■ □ ■ □ ■ □ ■ □ ■ □ ■ □
 5 □ ■ □ ■ □ ■ □ ■ □ ■ □ ■ □ ■ □ ■ □ ■
 4 ■ □ ■ □ ■ □ ■ □ ■ □ ■ □ ■ □ ■ □ ■ □
 3 - - - - - - - - - - - - - - - ■ - ■
 2 - - - - - - - - - - - - ■ - ■ - - -
 1 □ - □ - □ - □ - □ - □ - - - - ■ - -
-- a b c d e f g h i j k l m n o p q r
black
Move[2:10]:[0:10]

Move[4:1]:[2:1]

?Move(166965):

Moving decoding:
[4:1]:[2:1]

*** Motley Crew's move ***
18 ■ □ ■ □ ■ □ ■ □ ■ □ ■ □ ■ □ ■ □ ■ □
17 □ ■ □ ■ □ ■ □ ■ □ ■ □ ■ □ ■ □ ■ □ ■
16 ■ □ ■ □ ■ □ ■ □ ■ □ ■ □ ■ □ ■ □ ■ □
15 □ ■ □ ■ □ ■ □ ■ □ ■ □ ■ □ ■ □ ■ □ ■
14 ■ □ ■ □ ■ □ ■ □ ■ □ ■ □ ■ □ ■ □ ■ □
13 □ ■ □ ■ □ ■ □ ■ □ ■ □ ■ □ ■ □ ■ □ ■
12 ■ □ ■ □ ■ □ ■ □ ■ □ ■ □ ■ □ ■ □ ■ □
11 □ ■ □ ■ □ ■ □ ■ □ ■ □ ■ □ ■ □ ■ □ ■
10 ■ □ ■ □ ■ □ ■ □ ■ □ ■ □ ■ □ ■ □ ■ □
 9 □ ■ □ ■ □ ■ □ ■ □ ■ □ ■ □ ■ □ ■ □ ■
 8 ■ □ ■ □ ■ □ ■ □ ■ □ ■ □ ■ □ ■ □ ■ □
 7 □ ■ □ ■ □ ■ □ ■ □ ■ □ ■ □ ■ □ ■ □ ■
 6 ■ □ ■ □ ■ □ ■ □ ■ □ ■ □ ■ □ ■ □ ■ □
 5 □ - □ ■ □ ■ □ ■ □ ■ □ ■ □ ■ □ ■ □ ■
 4 ■ - ■ □ ■ □ ■ □ ■ □ ■ □ ■ □ ■ □ ■ □
 3 - ■ - - - - - - - - - - - - - ■ - ■
 2 - - - - - - - - - - - - ■ - ■ - - -
 1 □ - □ - □ - □ - □ - □ - - - - ■ - -
-- a b c d e f g h i j k l m n o p q r
white
(4, d) -> (4, b)
Moving encoding:
['(4, d) ', ' (4, b)']
*** Server Opponent's move ***
18 ■ □ ■ □ ■ □ ■ □ ■ □ ■ □ ■ □ ■ □ ■ □
17 □ ■ □ ■ □ ■ □ ■ □ ■ □ ■ □ ■ □ ■ □ ■
16 ■ □ ■ □ ■ □ ■ □ ■ □ ■ □ ■ □ ■ □ ■ □
15 □ ■ □ ■ □ ■ □ ■ □ ■ □ ■ □ ■ □ ■ □ ■
14 ■ □ ■ □ ■ □ ■ □ ■ □ ■ □ ■ □ ■ □ ■ □
13 □ ■ □ ■ □ ■ □ ■ □ ■ □ ■ □ ■ □ ■ □ ■
12 ■ □ ■ □ ■ □ ■ □ ■ □ ■ □ ■ □ ■ □ ■ □
11 □ ■ □ ■ □ ■ □ ■ □ ■ □ ■ □ ■ □ ■ □ ■
10 ■ □ ■ □ ■ □ ■ □ ■ □ ■ □ ■ □ ■ □ ■ □
 9 □ ■ □ ■ □ ■ □ ■ □ ■ □ ■ □ ■ □ ■ □ ■
 8 ■ □ ■ □ ■ □ ■ □ ■ □ ■ □ ■ □ ■ □ ■ □
 7 □ ■ □ ■ □ ■ □ ■ □ ■ □ ■ □ ■ □ ■ □ ■
 6 ■ □ ■ □ ■ □ ■ □ ■ □ ■ □ ■ □ ■ □ ■ □
 5 □ - □ ■ □ ■ □ ■ □ ■ □ ■ □ ■ □ ■ □ ■
 4 ■ □ - - ■ □ ■ □ ■ □ ■ □ ■ □ ■ □ ■ □
 3 - ■ - - - - - - - - - - - - - ■ - ■
 2 - - - - - - - - - - - - ■ - ■ - - -
 1 □ - □ - □ - □ - □ - □ - - - - ■ - -
-- a b c d e f g h i j k l m n o p q r
black
Move[3:3]:[3:1]

Move[2:1]:[4:1]

?Move(165997):

Moving decoding:
[2:1]:[4:1]

*** Motley Crew's move ***
18 ■ □ ■ □ ■ □ ■ □ ■ □ ■ □ ■ □ ■ □ ■ □
17 □ ■ □ ■ □ ■ □ ■ □ ■ □ ■ □ ■ □ ■ □ ■
16 ■ □ ■ □ ■ □ ■ □ ■ □ ■ □ ■ □ ■ □ ■ □
15 □ ■ □ ■ □ ■ □ ■ □ ■ □ ■ □ ■ □ ■ □ ■
14 ■ □ ■ □ ■ □ ■ □ ■ □ ■ □ ■ □ ■ □ ■ □
13 □ ■ □ ■ □ ■ □ ■ □ ■ □ ■ □ ■ □ ■ □ ■
12 ■ □ ■ □ ■ □ ■ □ ■ □ ■ □ ■ □ ■ □ ■ □
11 □ ■ □ ■ □ ■ □ ■ □ ■ □ ■ □ ■ □ ■ □ ■
10 ■ □ ■ □ ■ □ ■ □ ■ □ ■ □ ■ □ ■ □ ■ □
 9 □ ■ □ ■ □ ■ □ ■ □ ■ □ ■ □ ■ □ ■ □ ■
 8 ■ □ ■ □ ■ □ ■ □ ■ □ ■ □ ■ □ ■ □ ■ □
 7 □ ■ □ ■ □ ■ □ ■ □ ■ □ ■ □ ■ □ ■ □ ■
 6 ■ □ ■ □ ■ □ ■ □ ■ □ ■ □ ■ □ ■ □ ■ □
 5 □ ■ □ ■ □ ■ □ ■ □ ■ □ ■ □ ■ □ ■ □ ■
 4 ■ - - - ■ □ ■ □ ■ □ ■ □ ■ □ ■ □ ■ □
 3 - - - - - - - - - - - - - - - ■ - ■
 2 - - - - - - - - - - - - ■ - ■ - - -
 1 □ - □ - □ - □ - □ - □ - - - - ■ - -
-- a b c d e f g h i j k l m n o p q r
white
(4, f) -> (4, d)
Moving encoding:
['(4, f) ', ' (4, d)']
*** Server Opponent's move ***
18 ■ □ ■ □ ■ □ ■ □ ■ □ ■ □ ■ □ ■ □ ■ □
17 □ ■ □ ■ □ ■ □ ■ □ ■ □ ■ □ ■ □ ■ □ ■
16 ■ □ ■ □ ■ □ ■ □ ■ □ ■ □ ■ □ ■ □ ■ □
15 □ ■ □ ■ □ ■ □ ■ □ ■ □ ■ □ ■ □ ■ □ ■
14 ■ □ ■ □ ■ □ ■ □ ■ □ ■ □ ■ □ ■ □ ■ □
13 □ ■ □ ■ □ ■ □ ■ □ ■ □ ■ □ ■ □ ■ □ ■
12 ■ □ ■ □ ■ □ ■ □ ■ □ ■ □ ■ □ ■ □ ■ □
11 □ ■ □ ■ □ ■ □ ■ □ ■ □ ■ □ ■ □ ■ □ ■
10 ■ □ ■ □ ■ □ ■ □ ■ □ ■ □ ■ □ ■ □ ■ □
 9 □ ■ □ ■ □ ■ □ ■ □ ■ □ ■ □ ■ □ ■ □ ■
 8 ■ □ ■ □ ■ □ ■ □ ■ □ ■ □ ■ □ ■ □ ■ □
 7 □ ■ □ ■ □ ■ □ ■ □ ■ □ ■ □ ■ □ ■ □ ■
 6 ■ □ ■ □ ■ □ ■ □ ■ □ ■ □ ■ □ ■ □ ■ □
 5 □ ■ □ ■ □ ■ □ ■ □ ■ □ ■ □ ■ □ ■ □ ■
 4 ■ - - □ - - ■ □ ■ □ ■ □ ■ □ ■ □ ■ □
 3 - - - - - - - - - - - - - - - ■ - ■
 2 - - - - - - - - - - - - ■ - ■ - - -
 1 □ - □ - □ - □ - □ - □ - - - - ■ - -
-- a b c d e f g h i j k l m n o p q r
black
Move[3:5]:[3:3]

Move[4:3]:[2:3]

?Move(164966):

Moving decoding:
[4:3]:[2:3]

*** Motley Crew's move ***
18 ■ □ ■ □ ■ □ ■ □ ■ □ ■ □ ■ □ ■ □ ■ □
17 □ ■ □ ■ □ ■ □ ■ □ ■ □ ■ □ ■ □ ■ □ ■
16 ■ □ ■ □ ■ □ ■ □ ■ □ ■ □ ■ □ ■ □ ■ □
15 □ ■ □ ■ □ ■ □ ■ □ ■ □ ■ □ ■ □ ■ □ ■
14 ■ □ ■ □ ■ □ ■ □ ■ □ ■ □ ■ □ ■ □ ■ □
13 □ ■ □ ■ □ ■ □ ■ □ ■ □ ■ □ ■ □ ■ □ ■
12 ■ □ ■ □ ■ □ ■ □ ■ □ ■ □ ■ □ ■ □ ■ □
11 □ ■ □ ■ □ ■ □ ■ □ ■ □ ■ □ ■ □ ■ □ ■
10 ■ □ ■ □ ■ □ ■ □ ■ □ ■ □ ■ □ ■ □ ■ □
 9 □ ■ □ ■ □ ■ □ ■ □ ■ □ ■ □ ■ □ ■ □ ■
 8 ■ □ ■ □ ■ □ ■ □ ■ □ ■ □ ■ □ ■ □ ■ □
 7 □ ■ □ ■ □ ■ □ ■ □ ■ □ ■ □ ■ □ ■ □ ■
 6 ■ □ ■ □ ■ □ ■ □ ■ □ ■ □ ■ □ ■ □ ■ □
 5 □ ■ □ - □ ■ □ ■ □ ■ □ ■ □ ■ □ ■ □ ■
 4 ■ - - - - - ■ □ ■ □ ■ □ ■ □ ■ □ ■ □
 3 - - - ■ - - - - - - - - - - - ■ - ■
 2 - - - - - - - - - - - - ■ - ■ - - -
 1 □ - □ - □ - □ - □ - □ - - - - ■ - -
-- a b c d e f g h i j k l m n o p q r
white
(4, h) -> (4, f)
Moving encoding:
['(4, h) ', ' (4, f)']
*** Server Opponent's move ***
18 ■ □ ■ □ ■ □ ■ □ ■ □ ■ □ ■ □ ■ □ ■ □
17 □ ■ □ ■ □ ■ □ ■ □ ■ □ ■ □ ■ □ ■ □ ■
16 ■ □ ■ □ ■ □ ■ □ ■ □ ■ □ ■ □ ■ □ ■ □
15 □ ■ □ ■ □ ■ □ ■ □ ■ □ ■ □ ■ □ ■ □ ■
14 ■ □ ■ □ ■ □ ■ □ ■ □ ■ □ ■ □ ■ □ ■ □
13 □ ■ □ ■ □ ■ □ ■ □ ■ □ ■ □ ■ □ ■ □ ■
12 ■ □ ■ □ ■ □ ■ □ ■ □ ■ □ ■ □ ■ □ ■ □
11 □ ■ □ ■ □ ■ □ ■ □ ■ □ ■ □ ■ □ ■ □ ■
10 ■ □ ■ □ ■ □ ■ □ ■ □ ■ □ ■ □ ■ □ ■ □
 9 □ ■ □ ■ □ ■ □ ■ □ ■ □ ■ □ ■ □ ■ □ ■
 8 ■ □ ■ □ ■ □ ■ □ ■ □ ■ □ ■ □ ■ □ ■ □
 7 □ ■ □ ■ □ ■ □ ■ □ ■ □ ■ □ ■ □ ■ □ ■
 6 ■ □ ■ □ ■ □ ■ □ ■ □ ■ □ ■ □ ■ □ ■ □
 5 □ ■ □ - □ ■ □ ■ □ ■ □ ■ □ ■ □ ■ □ ■
 4 ■ - - - - □ - - ■ □ ■ □ ■ □ ■ □ ■ □
 3 - - - ■ - - - - - - - - - - - ■ - ■
 2 - - - - - - - - - - - - ■ - ■ - - -
 1 □ - □ - □ - □ - □ - □ - - - - ■ - -
-- a b c d e f g h i j k l m n o p q r
black
Move[3:7]:[3:5]

Move[4:1]:[4:3]

?Move(163980):

Moving decoding:
[4:1]:[4:3]

*** Motley Crew's move ***
18 ■ □ ■ □ ■ □ ■ □ ■ □ ■ □ ■ □ ■ □ ■ □
17 □ ■ □ ■ □ ■ □ ■ □ ■ □ ■ □ ■ □ ■ □ ■
16 ■ □ ■ □ ■ □ ■ □ ■ □ ■ □ ■ □ ■ □ ■ □
15 □ ■ □ ■ □ ■ □ ■ □ ■ □ ■ □ ■ □ ■ □ ■
14 ■ □ ■ □ ■ □ ■ □ ■ □ ■ □ ■ □ ■ □ ■ □
13 □ ■ □ ■ □ ■ □ ■ □ ■ □ ■ □ ■ □ ■ □ ■
12 ■ □ ■ □ ■ □ ■ □ ■ □ ■ □ ■ □ ■ □ ■ □
11 □ ■ □ ■ □ ■ □ ■ □ ■ □ ■ □ ■ □ ■ □ ■
10 ■ □ ■ □ ■ □ ■ □ ■ □ ■ □ ■ □ ■ □ ■ □
 9 □ ■ □ ■ □ ■ □ ■ □ ■ □ ■ □ ■ □ ■ □ ■
 8 ■ □ ■ □ ■ □ ■ □ ■ □ ■ □ ■ □ ■ □ ■ □
 7 □ ■ □ ■ □ ■ □ ■ □ ■ □ ■ □ ■ □ ■ □ ■
 6 ■ □ ■ □ ■ □ ■ □ ■ □ ■ □ ■ □ ■ □ ■ □
 5 □ - - ■ □ ■ □ ■ □ ■ □ ■ □ ■ □ ■ □ ■
 4 ■ - - - - □ - - ■ □ ■ □ ■ □ ■ □ ■ □
 3 - - - ■ - - - - - - - - - - - ■ - ■
 2 - - - - - - - - - - - - ■ - ■ - - -
 1 □ - □ - □ - □ - □ - □ - - - - ■ - -
-- a b c d e f g h i j k l m n o p q r
white
(4, j) -> (4, h)
Moving encoding:
['(4, j) ', ' (4, h)']
*** Server Opponent's move ***
18 ■ □ ■ □ ■ □ ■ □ ■ □ ■ □ ■ □ ■ □ ■ □
17 □ ■ □ ■ □ ■ □ ■ □ ■ □ ■ □ ■ □ ■ □ ■
16 ■ □ ■ □ ■ □ ■ □ ■ □ ■ □ ■ □ ■ □ ■ □
15 □ ■ □ ■ □ ■ □ ■ □ ■ □ ■ □ ■ □ ■ □ ■
14 ■ □ ■ □ ■ □ ■ □ ■ □ ■ □ ■ □ ■ □ ■ □
13 □ ■ □ ■ □ ■ □ ■ □ ■ □ ■ □ ■ □ ■ □ ■
12 ■ □ ■ □ ■ □ ■ □ ■ □ ■ □ ■ □ ■ □ ■ □
11 □ ■ □ ■ □ ■ □ ■ □ ■ □ ■ □ ■ □ ■ □ ■
10 ■ □ ■ □ ■ □ ■ □ ■ □ ■ □ ■ □ ■ □ ■ □
 9 □ ■ □ ■ □ ■ □ ■ □ ■ □ ■ □ ■ □ ■ □ ■
 8 ■ □ ■ □ ■ □ ■ □ ■ □ ■ □ ■ □ ■ □ ■ □
 7 □ ■ □ ■ □ ■ □ ■ □ ■ □ ■ □ ■ □ ■ □ ■
 6 ■ □ ■ □ ■ □ ■ □ ■ □ ■ □ ■ □ ■ □ ■ □
 5 □ - - ■ □ ■ □ ■ □ ■ □ ■ □ ■ □ ■ □ ■
 4 ■ - - - - □ - □ - - ■ □ ■ □ ■ □ ■ □
 3 - - - ■ - - - - - - - - - - - ■ - ■
 2 - - - - - - - - - - - - ■ - ■ - - -
 1 □ - □ - □ - □ - □ - □ - - - - ■ - -
-- a b c d e f g h i j k l m n o p q r
black
Move[3:9]:[3:7]

Move[4:5]:[2:5]

?Move(162838):

Moving decoding:
[4:5]:[2:5]

*** Motley Crew's move ***
18 ■ □ ■ □ ■ □ ■ □ ■ □ ■ □ ■ □ ■ □ ■ □
17 □ ■ □ ■ □ ■ □ ■ □ ■ □ ■ □ ■ □ ■ □ ■
16 ■ □ ■ □ ■ □ ■ □ ■ □ ■ □ ■ □ ■ □ ■ □
15 □ ■ □ ■ □ ■ □ ■ □ ■ □ ■ □ ■ □ ■ □ ■
14 ■ □ ■ □ ■ □ ■ □ ■ □ ■ □ ■ □ ■ □ ■ □
13 □ ■ □ ■ □ ■ □ ■ □ ■ □ ■ □ ■ □ ■ □ ■
12 ■ □ ■ □ ■ □ ■ □ ■ □ ■ □ ■ □ ■ □ ■ □
11 □ ■ □ ■ □ ■ □ ■ □ ■ □ ■ □ ■ □ ■ □ ■
10 ■ □ ■ □ ■ □ ■ □ ■ □ ■ □ ■ □ ■ □ ■ □
 9 □ ■ □ ■ □ ■ □ ■ □ ■ □ ■ □ ■ □ ■ □ ■
 8 ■ □ ■ □ ■ □ ■ □ ■ □ ■ □ ■ □ ■ □ ■ □
 7 □ ■ □ ■ □ ■ □ ■ □ ■ □ ■ □ ■ □ ■ □ ■
 6 ■ □ ■ □ ■ □ ■ □ ■ □ ■ □ ■ □ ■ □ ■ □
 5 □ - - ■ □ - □ ■ □ ■ □ ■ □ ■ □ ■ □ ■
 4 ■ - - - - - - □ - - ■ □ ■ □ ■ □ ■ □
 3 - - - ■ - ■ - - - - - - - - - ■ - ■
 2 - - - - - - - - - - - - ■ - ■ - - -
 1 □ - □ - □ - □ - □ - □ - - - - ■ - -
-- a b c d e f g h i j k l m n o p q r
white
(4, l) -> (4, j)
Moving encoding:
['(4, l) ', ' (4, j)']
*** Server Opponent's move ***
18 ■ □ ■ □ ■ □ ■ □ ■ □ ■ □ ■ □ ■ □ ■ □
17 □ ■ □ ■ □ ■ □ ■ □ ■ □ ■ □ ■ □ ■ □ ■
16 ■ □ ■ □ ■ □ ■ □ ■ □ ■ □ ■ □ ■ □ ■ □
15 □ ■ □ ■ □ ■ □ ■ □ ■ □ ■ □ ■ □ ■ □ ■
14 ■ □ ■ □ ■ □ ■ □ ■ □ ■ □ ■ □ ■ □ ■ □
13 □ ■ □ ■ □ ■ □ ■ □ ■ □ ■ □ ■ □ ■ □ ■
12 ■ □ ■ □ ■ □ ■ □ ■ □ ■ □ ■ □ ■ □ ■ □
11 □ ■ □ ■ □ ■ □ ■ □ ■ □ ■ □ ■ □ ■ □ ■
10 ■ □ ■ □ ■ □ ■ □ ■ □ ■ □ ■ □ ■ □ ■ □
 9 □ ■ □ ■ □ ■ □ ■ □ ■ □ ■ □ ■ □ ■ □ ■
 8 ■ □ ■ □ ■ □ ■ □ ■ □ ■ □ ■ □ ■ □ ■ □
 7 □ ■ □ ■ □ ■ □ ■ □ ■ □ ■ □ ■ □ ■ □ ■
 6 ■ □ ■ □ ■ □ ■ □ ■ □ ■ □ ■ □ ■ □ ■ □
 5 □ - - ■ □ - □ ■ □ ■ □ ■ □ ■ □ ■ □ ■
 4 ■ - - - - - - □ - □ - - ■ □ ■ □ ■ □
 3 - - - ■ - ■ - - - - - - - - - ■ - ■
 2 - - - - - - - - - - - - ■ - ■ - - -
 1 □ - □ - □ - □ - □ - □ - - - - ■ - -
-- a b c d e f g h i j k l m n o p q r
black
Move[3:11]:[3:9]

Move[4:3]:[4:5]

?Move(161816):

Moving decoding:
[4:3]:[4:5]

*** Motley Crew's move ***
18 ■ □ ■ □ ■ □ ■ □ ■ □ ■ □ ■ □ ■ □ ■ □
17 □ ■ □ ■ □ ■ □ ■ □ ■ □ ■ □ ■ □ ■ □ ■
16 ■ □ ■ □ ■ □ ■ □ ■ □ ■ □ ■ □ ■ □ ■ □
15 □ ■ □ ■ □ ■ □ ■ □ ■ □ ■ □ ■ □ ■ □ ■
14 ■ □ ■ □ ■ □ ■ □ ■ □ ■ □ ■ □ ■ □ ■ □
13 □ ■ □ ■ □ ■ □ ■ □ ■ □ ■ □ ■ □ ■ □ ■
12 ■ □ ■ □ ■ □ ■ □ ■ □ ■ □ ■ □ ■ □ ■ □
11 □ ■ □ ■ □ ■ □ ■ □ ■ □ ■ □ ■ □ ■ □ ■
10 ■ □ ■ □ ■ □ ■ □ ■ □ ■ □ ■ □ ■ □ ■ □
 9 □ ■ □ ■ □ ■ □ ■ □ ■ □ ■ □ ■ □ ■ □ ■
 8 ■ □ ■ □ ■ □ ■ □ ■ □ ■ □ ■ □ ■ □ ■ □
 7 □ ■ □ ■ □ ■ □ ■ □ ■ □ ■ □ ■ □ ■ □ ■
 6 ■ □ ■ □ ■ □ ■ □ ■ □ ■ □ ■ □ ■ □ ■ □
 5 □ - - - - ■ □ ■ □ ■ □ ■ □ ■ □ ■ □ ■
 4 ■ - - - - - - □ - □ - - ■ □ ■ □ ■ □
 3 - - - ■ - ■ - - - - - - - - - ■ - ■
 2 - - - - - - - - - - - - ■ - ■ - - -
 1 □ - □ - □ - □ - □ - □ - - - - ■ - -
-- a b c d e f g h i j k l m n o p q r
white
(4, n) -> (4, l)
Moving encoding:
['(4, n) ', ' (4, l)']
*** Server Opponent's move ***
18 ■ □ ■ □ ■ □ ■ □ ■ □ ■ □ ■ □ ■ □ ■ □
17 □ ■ □ ■ □ ■ □ ■ □ ■ □ ■ □ ■ □ ■ □ ■
16 ■ □ ■ □ ■ □ ■ □ ■ □ ■ □ ■ □ ■ □ ■ □
15 □ ■ □ ■ □ ■ □ ■ □ ■ □ ■ □ ■ □ ■ □ ■
14 ■ □ ■ □ ■ □ ■ □ ■ □ ■ □ ■ □ ■ □ ■ □
13 □ ■ □ ■ □ ■ □ ■ □ ■ □ ■ □ ■ □ ■ □ ■
12 ■ □ ■ □ ■ □ ■ □ ■ □ ■ □ ■ □ ■ □ ■ □
11 □ ■ □ ■ □ ■ □ ■ □ ■ □ ■ □ ■ □ ■ □ ■
10 ■ □ ■ □ ■ □ ■ □ ■ □ ■ □ ■ □ ■ □ ■ □
 9 □ ■ □ ■ □ ■ □ ■ □ ■ □ ■ □ ■ □ ■ □ ■
 8 ■ □ ■ □ ■ □ ■ □ ■ □ ■ □ ■ □ ■ □ ■ □
 7 □ ■ □ ■ □ ■ □ ■ □ ■ □ ■ □ ■ □ ■ □ ■
 6 ■ □ ■ □ ■ □ ■ □ ■ □ ■ □ ■ □ ■ □ ■ □
 5 □ - - - - ■ □ ■ □ ■ □ ■ □ ■ □ ■ □ ■
 4 ■ - - - - - - □ - □ - □ - - ■ □ ■ □
 3 - - - ■ - ■ - - - - - - - - - ■ - ■
 2 - - - - - - - - - - - - ■ - ■ - - -
 1 □ - □ - □ - □ - □ - □ - - - - ■ - -
-- a b c d e f g h i j k l m n o p q r
black
Move[3:13]:[3:11]

Move[4:7]:[2:7]

?Move(160856):

Moving decoding:
[4:7]:[2:7]

*** Motley Crew's move ***
18 ■ □ ■ □ ■ □ ■ □ ■ □ ■ □ ■ □ ■ □ ■ □
17 □ ■ □ ■ □ ■ □ ■ □ ■ □ ■ □ ■ □ ■ □ ■
16 ■ □ ■ □ ■ □ ■ □ ■ □ ■ □ ■ □ ■ □ ■ □
15 □ ■ □ ■ □ ■ □ ■ □ ■ □ ■ □ ■ □ ■ □ ■
14 ■ □ ■ □ ■ □ ■ □ ■ □ ■ □ ■ □ ■ □ ■ □
13 □ ■ □ ■ □ ■ □ ■ □ ■ □ ■ □ ■ □ ■ □ ■
12 ■ □ ■ □ ■ □ ■ □ ■ □ ■ □ ■ □ ■ □ ■ □
11 □ ■ □ ■ □ ■ □ ■ □ ■ □ ■ □ ■ □ ■ □ ■
10 ■ □ ■ □ ■ □ ■ □ ■ □ ■ □ ■ □ ■ □ ■ □
 9 □ ■ □ ■ □ ■ □ ■ □ ■ □ ■ □ ■ □ ■ □ ■
 8 ■ □ ■ □ ■ □ ■ □ ■ □ ■ □ ■ □ ■ □ ■ □
 7 □ ■ □ ■ □ ■ □ ■ □ ■ □ ■ □ ■ □ ■ □ ■
 6 ■ □ ■ □ ■ □ ■ □ ■ □ ■ □ ■ □ ■ □ ■ □
 5 □ - - - - ■ □ - □ ■ □ ■ □ ■ □ ■ □ ■
 4 ■ - - - - - - - - □ - □ - - ■ □ ■ □
 3 - - - ■ - ■ - ■ - - - - - - - ■ - ■
 2 - - - - - - - - - - - - ■ - ■ - - -
 1 □ - □ - □ - □ - □ - □ - - - - ■ - -
-- a b c d e f g h i j k l m n o p q r
white
(4, p) -> (4, n)
Moving encoding:
['(4, p) ', ' (4, n)']
*** Server Opponent's move ***
18 ■ □ ■ □ ■ □ ■ □ ■ □ ■ □ ■ □ ■ □ ■ □
17 □ ■ □ ■ □ ■ □ ■ □ ■ □ ■ □ ■ □ ■ □ ■
16 ■ □ ■ □ ■ □ ■ □ ■ □ ■ □ ■ □ ■ □ ■ □
15 □ ■ □ ■ □ ■ □ ■ □ ■ □ ■ □ ■ □ ■ □ ■
14 ■ □ ■ □ ■ □ ■ □ ■ □ ■ □ ■ □ ■ □ ■ □
13 □ ■ □ ■ □ ■ □ ■ □ ■ □ ■ □ ■ □ ■ □ ■
12 ■ □ ■ □ ■ □ ■ □ ■ □ ■ □ ■ □ ■ □ ■ □
11 □ ■ □ ■ □ ■ □ ■ □ ■ □ ■ □ ■ □ ■ □ ■
10 ■ □ ■ □ ■ □ ■ □ ■ □ ■ □ ■ □ ■ □ ■ □
 9 □ ■ □ ■ □ ■ □ ■ □ ■ □ ■ □ ■ □ ■ □ ■
 8 ■ □ ■ □ ■ □ ■ □ ■ □ ■ □ ■ □ ■ □ ■ □
 7 □ ■ □ ■ □ ■ □ ■ □ ■ □ ■ □ ■ □ ■ □ ■
 6 ■ □ ■ □ ■ □ ■ □ ■ □ ■ □ ■ □ ■ □ ■ □
 5 □ - - - - ■ □ - □ ■ □ ■ □ ■ □ ■ □ ■
 4 ■ - - - - - - - - □ - □ - □ - - ■ □
 3 - - - ■ - ■ - ■ - - - - - - - ■ - ■
 2 - - - - - - - - - - - - ■ - ■ - - -
 1 □ - □ - □ - □ - □ - □ - - - - ■ - -
-- a b c d e f g h i j k l m n o p q r
black
Move[3:15]:[3:13]

Move[4:5]:[4:7]

?Move(160056):

Moving decoding:
[4:5]:[4:7]

*** Motley Crew's move ***
18 ■ □ ■ □ ■ □ ■ □ ■ □ ■ □ ■ □ ■ □ ■ □
17 □ ■ □ ■ □ ■ □ ■ □ ■ □ ■ □ ■ □ ■ □ ■
16 ■ □ ■ □ ■ □ ■ □ ■ □ ■ □ ■ □ ■ □ ■ □
15 □ ■ □ ■ □ ■ □ ■ □ ■ □ ■ □ ■ □ ■ □ ■
14 ■ □ ■ □ ■ □ ■ □ ■ □ ■ □ ■ □ ■ □ ■ □
13 □ ■ □ ■ □ ■ □ ■ □ ■ □ ■ □ ■ □ ■ □ ■
12 ■ □ ■ □ ■ □ ■ □ ■ □ ■ □ ■ □ ■ □ ■ □
11 □ ■ □ ■ □ ■ □ ■ □ ■ □ ■ □ ■ □ ■ □ ■
10 ■ □ ■ □ ■ □ ■ □ ■ □ ■ □ ■ □ ■ □ ■ □
 9 □ ■ □ ■ □ ■ □ ■ □ ■ □ ■ □ ■ □ ■ □ ■
 8 ■ □ ■ □ ■ □ ■ □ ■ □ ■ □ ■ □ ■ □ ■ □
 7 □ ■ □ ■ □ ■ □ ■ □ ■ □ ■ □ ■ □ ■ □ ■
 6 ■ □ ■ □ ■ □ ■ □ ■ □ ■ □ ■ □ ■ □ ■ □
 5 □ - - - - - - ■ □ ■ □ ■ □ ■ □ ■ □ ■
 4 ■ - - - - - - - - □ - □ - □ - - ■ □
 3 - - - ■ - ■ - ■ - - - - - - - ■ - ■
 2 - - - - - - - - - - - - ■ - ■ - - -
 1 □ - □ - □ - □ - □ - □ - - - - ■ - -
-- a b c d e f g h i j k l m n o p q r
white
(4, r) -> (4, p)
Moving encoding:
['(4, r) ', ' (4, p)']
*** Server Opponent's move ***
18 ■ □ ■ □ ■ □ ■ □ ■ □ ■ □ ■ □ ■ □ ■ □
17 □ ■ □ ■ □ ■ □ ■ □ ■ □ ■ □ ■ □ ■ □ ■
16 ■ □ ■ □ ■ □ ■ □ ■ □ ■ □ ■ □ ■ □ ■ □
15 □ ■ □ ■ □ ■ □ ■ □ ■ □ ■ □ ■ □ ■ □ ■
14 ■ □ ■ □ ■ □ ■ □ ■ □ ■ □ ■ □ ■ □ ■ □
13 □ ■ □ ■ □ ■ □ ■ □ ■ □ ■ □ ■ □ ■ □ ■
12 ■ □ ■ □ ■ □ ■ □ ■ □ ■ □ ■ □ ■ □ ■ □
11 □ ■ □ ■ □ ■ □ ■ □ ■ □ ■ □ ■ □ ■ □ ■
10 ■ □ ■ □ ■ □ ■ □ ■ □ ■ □ ■ □ ■ □ ■ □
 9 □ ■ □ ■ □ ■ □ ■ □ ■ □ ■ □ ■ □ ■ □ ■
 8 ■ □ ■ □ ■ □ ■ □ ■ □ ■ □ ■ □ ■ □ ■ □
 7 □ ■ □ ■ □ ■ □ ■ □ ■ □ ■ □ ■ □ ■ □ ■
 6 ■ □ ■ □ ■ □ ■ □ ■ □ ■ □ ■ □ ■ □ ■ □
 5 □ - - - - - - ■ □ ■ □ ■ □ ■ □ ■ □ ■
 4 ■ - - - - - - - - □ - □ - □ - □ - -
 3 - - - ■ - ■ - ■ - - - - - - - ■ - ■
 2 - - - - - - - - - - - - ■ - ■ - - -
 1 □ - □ - □ - □ - □ - □ - - - - ■ - -
-- a b c d e f g h i j k l m n o p q r
black
Move[3:17]:[3:15]

Move[4:9]:[2:9]

?Move(159394):

Moving decoding:
[4:9]:[2:9]

*** Motley Crew's move ***
18 ■ □ ■ □ ■ □ ■ □ ■ □ ■ □ ■ □ ■ □ ■ □
17 □ ■ □ ■ □ ■ □ ■ □ ■ □ ■ □ ■ □ ■ □ ■
16 ■ □ ■ □ ■ □ ■ □ ■ □ ■ □ ■ □ ■ □ ■ □
15 □ ■ □ ■ □ ■ □ ■ □ ■ □ ■ □ ■ □ ■ □ ■
14 ■ □ ■ □ ■ □ ■ □ ■ □ ■ □ ■ □ ■ □ ■ □
13 □ ■ □ ■ □ ■ □ ■ □ ■ □ ■ □ ■ □ ■ □ ■
12 ■ □ ■ □ ■ □ ■ □ ■ □ ■ □ ■ □ ■ □ ■ □
11 □ ■ □ ■ □ ■ □ ■ □ ■ □ ■ □ ■ □ ■ □ ■
10 ■ □ ■ □ ■ □ ■ □ ■ □ ■ □ ■ □ ■ □ ■ □
 9 □ ■ □ ■ □ ■ □ ■ □ ■ □ ■ □ ■ □ ■ □ ■
 8 ■ □ ■ □ ■ □ ■ □ ■ □ ■ □ ■ □ ■ □ ■ □
 7 □ ■ □ ■ □ ■ □ ■ □ ■ □ ■ □ ■ □ ■ □ ■
 6 ■ □ ■ □ ■ □ ■ □ ■ □ ■ □ ■ □ ■ □ ■ □
 5 □ - - - - - - ■ □ - □ ■ □ ■ □ ■ □ ■
 4 ■ - - - - - - - - - - □ - □ - □ - -
 3 - - - ■ - ■ - ■ - ■ - - - - - ■ - ■
 2 - - - - - - - - - - - - ■ - ■ - - -
 1 □ - □ - □ - □ - □ - □ - - - - ■ - -
-- a b c d e f g h i j k l m n o p q r
white
(4, p) -> (2, p)
Moving encoding:
['(4, p) ', ' (2, p)']
*** Server Opponent's move ***
18 ■ □ ■ □ ■ □ ■ □ ■ □ ■ □ ■ □ ■ □ ■ □
17 □ ■ □ ■ □ ■ □ ■ □ ■ □ ■ □ ■ □ ■ □ ■
16 ■ □ ■ □ ■ □ ■ □ ■ □ ■ □ ■ □ ■ □ ■ □
15 □ ■ □ ■ □ ■ □ ■ □ ■ □ ■ □ ■ □ ■ □ ■
14 ■ □ ■ □ ■ □ ■ □ ■ □ ■ □ ■ □ ■ □ ■ □
13 □ ■ □ ■ □ ■ □ ■ □ ■ □ ■ □ ■ □ ■ □ ■
12 ■ □ ■ □ ■ □ ■ □ ■ □ ■ □ ■ □ ■ □ ■ □
11 □ ■ □ ■ □ ■ □ ■ □ ■ □ ■ □ ■ □ ■ □ ■
10 ■ □ ■ □ ■ □ ■ □ ■ □ ■ □ ■ □ ■ □ ■ □
 9 □ ■ □ ■ □ ■ □ ■ □ ■ □ ■ □ ■ □ ■ □ ■
 8 ■ □ ■ □ ■ □ ■ □ ■ □ ■ □ ■ □ ■ □ ■ □
 7 □ ■ □ ■ □ ■ □ ■ □ ■ □ ■ □ ■ □ ■ □ ■
 6 ■ □ ■ □ ■ □ ■ □ ■ □ ■ □ ■ □ ■ □ ■ □
 5 □ - - - - - - ■ □ - □ ■ □ ■ □ ■ □ ■
 4 ■ - - - - - - - - - - □ - □ - - - -
 3 - - - ■ - ■ - ■ - ■ - - - - - - - ■
 2 - - - - - - - - - - - - ■ - ■ □ - -
 1 □ - □ - □ - □ - □ - □ - - - - ■ - -
-- a b c d e f g h i j k l m n o p q r
black
Move[3:15]:[1:15]

Move[0:15]:[2:15]

?Move(158828):

Moving decoding:
[0:15]:[2:15]

*** Motley Crew's move ***
18 ■ □ ■ □ ■ □ ■ □ ■ □ ■ □ ■ □ ■ □ ■ □
17 □ ■ □ ■ □ ■ □ ■ □ ■ □ ■ □ ■ □ ■ □ ■
16 ■ □ ■ □ ■ □ ■ □ ■ □ ■ □ ■ □ ■ □ ■ □
15 □ ■ □ ■ □ ■ □ ■ □ ■ □ ■ □ ■ □ ■ □ ■
14 ■ □ ■ □ ■ □ ■ □ ■ □ ■ □ ■ □ ■ □ ■ □
13 □ ■ □ ■ □ ■ □ ■ □ ■ □ ■ □ ■ □ ■ □ ■
12 ■ □ ■ □ ■ □ ■ □ ■ □ ■ □ ■ □ ■ □ ■ □
11 □ ■ □ ■ □ ■ □ ■ □ ■ □ ■ □ ■ □ ■ □ ■
10 ■ □ ■ □ ■ □ ■ □ ■ □ ■ □ ■ □ ■ □ ■ □
 9 □ ■ □ ■ □ ■ □ ■ □ ■ □ ■ □ ■ □ ■ □ ■
 8 ■ □ ■ □ ■ □ ■ □ ■ □ ■ □ ■ □ ■ □ ■ □
 7 □ ■ □ ■ □ ■ □ ■ □ ■ □ ■ □ ■ □ ■ □ ■
 6 ■ □ ■ □ ■ □ ■ □ ■ □ ■ □ ■ □ ■ □ ■ □
 5 □ - - - - - - ■ □ - □ ■ □ ■ □ ■ □ ■
 4 ■ - - - - - - - - - - □ - □ - - - -
 3 - - - ■ - ■ - ■ - ■ - - - - - ■ - ■
 2 - - - - - - - - - - - - ■ - ■ - - -
 1 □ - □ - □ - □ - □ - □ - - - - - - -
-- a b c d e f g h i j k l m n o p q r
white
(5, a) -> (3, a)
Moving encoding:
['(5, a) ', ' (3, a)']
*** Server Opponent's move ***
18 ■ □ ■ □ ■ □ ■ □ ■ □ ■ □ ■ □ ■ □ ■ □
17 □ ■ □ ■ □ ■ □ ■ □ ■ □ ■ □ ■ □ ■ □ ■
16 ■ □ ■ □ ■ □ ■ □ ■ □ ■ □ ■ □ ■ □ ■ □
15 □ ■ □ ■ □ ■ □ ■ □ ■ □ ■ □ ■ □ ■ □ ■
14 ■ □ ■ □ ■ □ ■ □ ■ □ ■ □ ■ □ ■ □ ■ □
13 □ ■ □ ■ □ ■ □ ■ □ ■ □ ■ □ ■ □ ■ □ ■
12 ■ □ ■ □ ■ □ ■ □ ■ □ ■ □ ■ □ ■ □ ■ □
11 □ ■ □ ■ □ ■ □ ■ □ ■ □ ■ □ ■ □ ■ □ ■
10 ■ □ ■ □ ■ □ ■ □ ■ □ ■ □ ■ □ ■ □ ■ □
 9 □ ■ □ ■ □ ■ □ ■ □ ■ □ ■ □ ■ □ ■ □ ■
 8 ■ □ ■ □ ■ □ ■ □ ■ □ ■ □ ■ □ ■ □ ■ □
 7 □ ■ □ ■ □ ■ □ ■ □ ■ □ ■ □ ■ □ ■ □ ■
 6 ■ □ ■ □ ■ □ ■ □ ■ □ ■ □ ■ □ ■ □ ■ □
 5 - - - - - - - ■ □ - □ ■ □ ■ □ ■ □ ■
 4 - - - - - - - - - - - □ - □ - - - -
 3 □ - - ■ - ■ - ■ - ■ - - - - - ■ - ■
 2 - - - - - - - - - - - - ■ - ■ - - -
 1 □ - □ - □ - □ - □ - □ - - - - - - -
-- a b c d e f g h i j k l m n o p q r
black
Move[4:0]:[2:0]

Move[4:7]:[4:9]

?Move(158194):

Moving decoding:
[4:7]:[4:9]

*** Motley Crew's move ***
18 ■ □ ■ □ ■ □ ■ □ ■ □ ■ □ ■ □ ■ □ ■ □
17 □ ■ □ ■ □ ■ □ ■ □ ■ □ ■ □ ■ □ ■ □ ■
16 ■ □ ■ □ ■ □ ■ □ ■ □ ■ □ ■ □ ■ □ ■ □
15 □ ■ □ ■ □ ■ □ ■ □ ■ □ ■ □ ■ □ ■ □ ■
14 ■ □ ■ □ ■ □ ■ □ ■ □ ■ □ ■ □ ■ □ ■ □
13 □ ■ □ ■ □ ■ □ ■ □ ■ □ ■ □ ■ □ ■ □ ■
12 ■ □ ■ □ ■ □ ■ □ ■ □ ■ □ ■ □ ■ □ ■ □
11 □ ■ □ ■ □ ■ □ ■ □ ■ □ ■ □ ■ □ ■ □ ■
10 ■ □ ■ □ ■ □ ■ □ ■ □ ■ □ ■ □ ■ □ ■ □
 9 □ ■ □ ■ □ ■ □ ■ □ ■ □ ■ □ ■ □ ■ □ ■
 8 ■ □ ■ □ ■ □ ■ □ ■ □ ■ □ ■ □ ■ □ ■ □
 7 □ ■ □ ■ □ ■ □ ■ □ ■ □ ■ □ ■ □ ■ □ ■
 6 ■ □ ■ □ ■ □ ■ □ ■ □ ■ □ ■ □ ■ □ ■ □
 5 - - - - - - - - - ■ □ ■ □ ■ □ ■ □ ■
 4 - - - - - - - - - - - □ - □ - - - -
 3 □ - - ■ - ■ - ■ - ■ - - - - - ■ - ■
 2 - - - - - - - - - - - - ■ - ■ - - -
 1 □ - □ - □ - □ - □ - □ - - - - - - -
-- a b c d e f g h i j k l m n o p q r
white
(5, k) -> (5, i)
Moving encoding:
['(5, k) ', ' (5, i)']
*** Server Opponent's move ***
18 ■ □ ■ □ ■ □ ■ □ ■ □ ■ □ ■ □ ■ □ ■ □
17 □ ■ □ ■ □ ■ □ ■ □ ■ □ ■ □ ■ □ ■ □ ■
16 ■ □ ■ □ ■ □ ■ □ ■ □ ■ □ ■ □ ■ □ ■ □
15 □ ■ □ ■ □ ■ □ ■ □ ■ □ ■ □ ■ □ ■ □ ■
14 ■ □ ■ □ ■ □ ■ □ ■ □ ■ □ ■ □ ■ □ ■ □
13 □ ■ □ ■ □ ■ □ ■ □ ■ □ ■ □ ■ □ ■ □ ■
12 ■ □ ■ □ ■ □ ■ □ ■ □ ■ □ ■ □ ■ □ ■ □
11 □ ■ □ ■ □ ■ □ ■ □ ■ □ ■ □ ■ □ ■ □ ■
10 ■ □ ■ □ ■ □ ■ □ ■ □ ■ □ ■ □ ■ □ ■ □
 9 □ ■ □ ■ □ ■ □ ■ □ ■ □ ■ □ ■ □ ■ □ ■
 8 ■ □ ■ □ ■ □ ■ □ ■ □ ■ □ ■ □ ■ □ ■ □
 7 □ ■ □ ■ □ ■ □ ■ □ ■ □ ■ □ ■ □ ■ □ ■
 6 ■ □ ■ □ ■ □ ■ □ ■ □ ■ □ ■ □ ■ □ ■ □
 5 - - - - - - - - □ - - ■ □ ■ □ ■ □ ■
 4 - - - - - - - - - - - □ - □ - - - -
 3 □ - - ■ - ■ - ■ - ■ - - - - - ■ - ■
 2 - - - - - - - - - - - - ■ - ■ - - -
 1 □ - □ - □ - □ - □ - □ - - - - - - -
-- a b c d e f g h i j k l m n o p q r
black
Move[4:10]:[4:8]

Move[4:11]:[2:11]

?Move(157526):

Moving decoding:
[4:11]:[2:11]

*** Motley Crew's move ***
18 ■ □ ■ □ ■ □ ■ □ ■ □ ■ □ ■ □ ■ □ ■ □
17 □ ■ □ ■ □ ■ □ ■ □ ■ □ ■ □ ■ □ ■ □ ■
16 ■ □ ■ □ ■ □ ■ □ ■ □ ■ □ ■ □ ■ □ ■ □
15 □ ■ □ ■ □ ■ □ ■ □ ■ □ ■ □ ■ □ ■ □ ■
14 ■ □ ■ □ ■ □ ■ □ ■ □ ■ □ ■ □ ■ □ ■ □
13 □ ■ □ ■ □ ■ □ ■ □ ■ □ ■ □ ■ □ ■ □ ■
12 ■ □ ■ □ ■ □ ■ □ ■ □ ■ □ ■ □ ■ □ ■ □
11 □ ■ □ ■ □ ■ □ ■ □ ■ □ ■ □ ■ □ ■ □ ■
10 ■ □ ■ □ ■ □ ■ □ ■ □ ■ □ ■ □ ■ □ ■ □
 9 □ ■ □ ■ □ ■ □ ■ □ ■ □ ■ □ ■ □ ■ □ ■
 8 ■ □ ■ □ ■ □ ■ □ ■ □ ■ □ ■ □ ■ □ ■ □
 7 □ ■ □ ■ □ ■ □ ■ □ ■ □ ■ □ ■ □ ■ □ ■
 6 ■ □ ■ □ ■ □ ■ □ ■ □ ■ □ ■ □ ■ □ ■ □
 5 - - - - - - - - □ - - - □ ■ □ ■ □ ■
 4 - - - - - - - - - - - - - □ - - - -
 3 □ - - ■ - ■ - ■ - ■ - ■ - - - ■ - ■
 2 - - - - - - - - - - - - ■ - ■ - - -
 1 □ - □ - □ - □ - □ - □ - - - - - - -
-- a b c d e f g h i j k l m n o p q r
white
(6, p) -> (4, p)
Moving encoding:
['(6, p) ', ' (4, p)']
*** Server Opponent's move ***
18 ■ □ ■ □ ■ □ ■ □ ■ □ ■ □ ■ □ ■ □ ■ □
17 □ ■ □ ■ □ ■ □ ■ □ ■ □ ■ □ ■ □ ■ □ ■
16 ■ □ ■ □ ■ □ ■ □ ■ □ ■ □ ■ □ ■ □ ■ □
15 □ ■ □ ■ □ ■ □ ■ □ ■ □ ■ □ ■ □ ■ □ ■
14 ■ □ ■ □ ■ □ ■ □ ■ □ ■ □ ■ □ ■ □ ■ □
13 □ ■ □ ■ □ ■ □ ■ □ ■ □ ■ □ ■ □ ■ □ ■
12 ■ □ ■ □ ■ □ ■ □ ■ □ ■ □ ■ □ ■ □ ■ □
11 □ ■ □ ■ □ ■ □ ■ □ ■ □ ■ □ ■ □ ■ □ ■
10 ■ □ ■ □ ■ □ ■ □ ■ □ ■ □ ■ □ ■ □ ■ □
 9 □ ■ □ ■ □ ■ □ ■ □ ■ □ ■ □ ■ □ ■ □ ■
 8 ■ □ ■ □ ■ □ ■ □ ■ □ ■ □ ■ □ ■ □ ■ □
 7 □ ■ □ ■ □ ■ □ ■ □ ■ □ ■ □ ■ □ ■ □ ■
 6 ■ □ ■ □ ■ □ ■ □ ■ □ ■ □ ■ □ ■ - ■ □
 5 - - - - - - - - □ - - - □ ■ □ - □ ■
 4 - - - - - - - - - - - - - □ - □ - -
 3 □ - - ■ - ■ - ■ - ■ - ■ - - - ■ - ■
 2 - - - - - - - - - - - - ■ - ■ - - -
 1 □ - □ - □ - □ - □ - □ - - - - - - -
-- a b c d e f g h i j k l m n o p q r
black
Move[5:15]:[3:15]

Move[2:15]:[4:15]

?Move(156980):

Moving decoding:
[2:15]:[4:15]

*** Motley Crew's move ***
18 ■ □ ■ □ ■ □ ■ □ ■ □ ■ □ ■ □ ■ □ ■ □
17 □ ■ □ ■ □ ■ □ ■ □ ■ □ ■ □ ■ □ ■ □ ■
16 ■ □ ■ □ ■ □ ■ □ ■ □ ■ □ ■ □ ■ □ ■ □
15 □ ■ □ ■ □ ■ □ ■ □ ■ □ ■ □ ■ □ ■ □ ■
14 ■ □ ■ □ ■ □ ■ □ ■ □ ■ □ ■ □ ■ □ ■ □
13 □ ■ □ ■ □ ■ □ ■ □ ■ □ ■ □ ■ □ ■ □ ■
12 ■ □ ■ □ ■ □ ■ □ ■ □ ■ □ ■ □ ■ □ ■ □
11 □ ■ □ ■ □ ■ □ ■ □ ■ □ ■ □ ■ □ ■ □ ■
10 ■ □ ■ □ ■ □ ■ □ ■ □ ■ □ ■ □ ■ □ ■ □
 9 □ ■ □ ■ □ ■ □ ■ □ ■ □ ■ □ ■ □ ■ □ ■
 8 ■ □ ■ □ ■ □ ■ □ ■ □ ■ □ ■ □ ■ □ ■ □
 7 □ ■ □ ■ □ ■ □ ■ □ ■ □ ■ □ ■ □ ■ □ ■
 6 ■ □ ■ □ ■ □ ■ □ ■ □ ■ □ ■ □ ■ - ■ □
 5 - - - - - - - - □ - - - □ ■ □ ■ □ ■
 4 - - - - - - - - - - - - - □ - - - -
 3 □ - - ■ - ■ - ■ - ■ - ■ - - - - - ■
 2 - - - - - - - - - - - - ■ - ■ - - -
 1 □ - □ - □ - □ - □ - □ - - - - - - -
-- a b c d e f g h i j k l m n o p q r
white
(6, n) -> (6, p)
Moving encoding:
['(6, n) ', ' (6, p)']
*** Server Opponent's move ***
18 ■ □ ■ □ ■ □ ■ □ ■ □ ■ □ ■ □ ■ □ ■ □
17 □ ■ □ ■ □ ■ □ ■ □ ■ □ ■ □ ■ □ ■ □ ■
16 ■ □ ■ □ ■ □ ■ □ ■ □ ■ □ ■ □ ■ □ ■ □
15 □ ■ □ ■ □ ■ □ ■ □ ■ □ ■ □ ■ □ ■ □ ■
14 ■ □ ■ □ ■ □ ■ □ ■ □ ■ □ ■ □ ■ □ ■ □
13 □ ■ □ ■ □ ■ □ ■ □ ■ □ ■ □ ■ □ ■ □ ■
12 ■ □ ■ □ ■ □ ■ □ ■ □ ■ □ ■ □ ■ □ ■ □
11 □ ■ □ ■ □ ■ □ ■ □ ■ □ ■ □ ■ □ ■ □ ■
10 ■ □ ■ □ ■ □ ■ □ ■ □ ■ □ ■ □ ■ □ ■ □
 9 □ ■ □ ■ □ ■ □ ■ □ ■ □ ■ □ ■ □ ■ □ ■
 8 ■ □ ■ □ ■ □ ■ □ ■ □ ■ □ ■ □ ■ □ ■ □
 7 □ ■ □ ■ □ ■ □ ■ □ ■ □ ■ □ ■ □ ■ □ ■
 6 ■ □ ■ □ ■ □ ■ □ ■ □ ■ □ ■ - - □ ■ □
 5 - - - - - - - - □ - - - □ ■ □ ■ □ ■
 4 - - - - - - - - - - - - - □ - - - -
 3 □ - - ■ - ■ - ■ - ■ - ■ - - - - - ■
 2 - - - - - - - - - - - - ■ - ■ - - -
 1 □ - □ - □ - □ - □ - □ - - - - - - -
-- a b c d e f g h i j k l m n o p q r
black
Move[5:13]:[5:15]

Move[4:13]:[4:11]

?Move(156310):

Moving decoding:
[4:13]:[4:11]

*** Motley Crew's move ***
18 ■ □ ■ □ ■ □ ■ □ ■ □ ■ □ ■ □ ■ □ ■ □
17 □ ■ □ ■ □ ■ □ ■ □ ■ □ ■ □ ■ □ ■ □ ■
16 ■ □ ■ □ ■ □ ■ □ ■ □ ■ □ ■ □ ■ □ ■ □
15 □ ■ □ ■ □ ■ □ ■ □ ■ □ ■ □ ■ □ ■ □ ■
14 ■ □ ■ □ ■ □ ■ □ ■ □ ■ □ ■ □ ■ □ ■ □
13 □ ■ □ ■ □ ■ □ ■ □ ■ □ ■ □ ■ □ ■ □ ■
12 ■ □ ■ □ ■ □ ■ □ ■ □ ■ □ ■ □ ■ □ ■ □
11 □ ■ □ ■ □ ■ □ ■ □ ■ □ ■ □ ■ □ ■ □ ■
10 ■ □ ■ □ ■ □ ■ □ ■ □ ■ □ ■ □ ■ □ ■ □
 9 □ ■ □ ■ □ ■ □ ■ □ ■ □ ■ □ ■ □ ■ □ ■
 8 ■ □ ■ □ ■ □ ■ □ ■ □ ■ □ ■ □ ■ □ ■ □
 7 □ ■ □ ■ □ ■ □ ■ □ ■ □ ■ □ ■ □ ■ □ ■
 6 ■ □ ■ □ ■ □ ■ □ ■ □ ■ □ ■ - - □ ■ □
 5 - - - - - - - - □ - - ■ - - □ ■ □ ■
 4 - - - - - - - - - - - - - □ - - - -
 3 □ - - ■ - ■ - ■ - ■ - ■ - - - - - ■
 2 - - - - - - - - - - - - ■ - ■ - - -
 1 □ - □ - □ - □ - □ - □ - - - - - - -
-- a b c d e f g h i j k l m n o p q r
white
(6, l) -> (6, n)
Moving encoding:
['(6, l) ', ' (6, n)']
*** Server Opponent's move ***
18 ■ □ ■ □ ■ □ ■ □ ■ □ ■ □ ■ □ ■ □ ■ □
17 □ ■ □ ■ □ ■ □ ■ □ ■ □ ■ □ ■ □ ■ □ ■
16 ■ □ ■ □ ■ □ ■ □ ■ □ ■ □ ■ □ ■ □ ■ □
15 □ ■ □ ■ □ ■ □ ■ □ ■ □ ■ □ ■ □ ■ □ ■
14 ■ □ ■ □ ■ □ ■ □ ■ □ ■ □ ■ □ ■ □ ■ □
13 □ ■ □ ■ □ ■ □ ■ □ ■ □ ■ □ ■ □ ■ □ ■
12 ■ □ ■ □ ■ □ ■ □ ■ □ ■ □ ■ □ ■ □ ■ □
11 □ ■ □ ■ □ ■ □ ■ □ ■ □ ■ □ ■ □ ■ □ ■
10 ■ □ ■ □ ■ □ ■ □ ■ □ ■ □ ■ □ ■ □ ■ □
 9 □ ■ □ ■ □ ■ □ ■ □ ■ □ ■ □ ■ □ ■ □ ■
 8 ■ □ ■ □ ■ □ ■ □ ■ □ ■ □ ■ □ ■ □ ■ □
 7 □ ■ □ ■ □ ■ □ ■ □ ■ □ ■ □ ■ □ ■ □ ■
 6 ■ □ ■ □ ■ □ ■ □ ■ □ ■ - - □ - □ ■ □
 5 - - - - - - - - □ - - ■ - - □ ■ □ ■
 4 - - - - - - - - - - - - - □ - - - -
 3 □ - - ■ - ■ - ■ - ■ - ■ - - - - - ■
 2 - - - - - - - - - - - - ■ - ■ - - -
 1 □ - □ - □ - □ - □ - □ - - - - - - -
-- a b c d e f g h i j k l m n o p q r
black
Move[5:11]:[5:13]

Move[4:15]:[4:13]

?Move(155550):

Moving decoding:
[4:15]:[4:13]

*** Motley Crew's move ***
18 ■ □ ■ □ ■ □ ■ □ ■ □ ■ □ ■ □ ■ □ ■ □
17 □ ■ □ ■ □ ■ □ ■ □ ■ □ ■ □ ■ □ ■ □ ■
16 ■ □ ■ □ ■ □ ■ □ ■ □ ■ □ ■ □ ■ □ ■ □
15 □ ■ □ ■ □ ■ □ ■ □ ■ □ ■ □ ■ □ ■ □ ■
14 ■ □ ■ □ ■ □ ■ □ ■ □ ■ □ ■ □ ■ □ ■ □
13 □ ■ □ ■ □ ■ □ ■ □ ■ □ ■ □ ■ □ ■ □ ■
12 ■ □ ■ □ ■ □ ■ □ ■ □ ■ □ ■ □ ■ □ ■ □
11 □ ■ □ ■ □ ■ □ ■ □ ■ □ ■ □ ■ □ ■ □ ■
10 ■ □ ■ □ ■ □ ■ □ ■ □ ■ □ ■ □ ■ □ ■ □
 9 □ ■ □ ■ □ ■ □ ■ □ ■ □ ■ □ ■ □ ■ □ ■
 8 ■ □ ■ □ ■ □ ■ □ ■ □ ■ □ ■ □ ■ □ ■ □
 7 □ ■ □ ■ □ ■ □ ■ □ ■ □ ■ □ ■ □ ■ □ ■
 6 ■ □ ■ □ ■ □ ■ □ ■ □ ■ - - □ - □ ■ □
 5 - - - - - - - - □ - - ■ - ■ - - □ ■
 4 - - - - - - - - - - - - - □ - - - -
 3 □ - - ■ - ■ - ■ - ■ - ■ - - - - - ■
 2 - - - - - - - - - - - - ■ - ■ - - -
 1 □ - □ - □ - □ - □ - □ - - - - - - -
-- a b c d e f g h i j k l m n o p q r
white
(6, j) -> (6, l)
Moving encoding:
['(6, j) ', ' (6, l)']
*** Server Opponent's move ***
18 ■ □ ■ □ ■ □ ■ □ ■ □ ■ □ ■ □ ■ □ ■ □
17 □ ■ □ ■ □ ■ □ ■ □ ■ □ ■ □ ■ □ ■ □ ■
16 ■ □ ■ □ ■ □ ■ □ ■ □ ■ □ ■ □ ■ □ ■ □
15 □ ■ □ ■ □ ■ □ ■ □ ■ □ ■ □ ■ □ ■ □ ■
14 ■ □ ■ □ ■ □ ■ □ ■ □ ■ □ ■ □ ■ □ ■ □
13 □ ■ □ ■ □ ■ □ ■ □ ■ □ ■ □ ■ □ ■ □ ■
12 ■ □ ■ □ ■ □ ■ □ ■ □ ■ □ ■ □ ■ □ ■ □
11 □ ■ □ ■ □ ■ □ ■ □ ■ □ ■ □ ■ □ ■ □ ■
10 ■ □ ■ □ ■ □ ■ □ ■ □ ■ □ ■ □ ■ □ ■ □
 9 □ ■ □ ■ □ ■ □ ■ □ ■ □ ■ □ ■ □ ■ □ ■
 8 ■ □ ■ □ ■ □ ■ □ ■ □ ■ □ ■ □ ■ □ ■ □
 7 □ ■ □ ■ □ ■ □ ■ □ ■ □ ■ □ ■ □ ■ □ ■
 6 ■ □ ■ □ ■ □ ■ □ ■ - - □ - □ - □ ■ □
 5 - - - - - - - - □ - - ■ - ■ - - □ ■
 4 - - - - - - - - - - - - - □ - - - -
 3 □ - - ■ - ■ - ■ - ■ - ■ - - - - - ■
 2 - - - - - - - - - - - - ■ - ■ - - -
 1 □ - □ - □ - □ - □ - □ - - - - - - -
-- a b c d e f g h i j k l m n o p q r
black
Move[5:9]:[5:11]

Move[4:13]:[2:13]

?Move(154934):

Moving decoding:
[4:13]:[2:13]

*** Motley Crew's move ***
18 ■ □ ■ □ ■ □ ■ □ ■ □ ■ □ ■ □ ■ □ ■ □
17 □ ■ □ ■ □ ■ □ ■ □ ■ □ ■ □ ■ □ ■ □ ■
16 ■ □ ■ □ ■ □ ■ □ ■ □ ■ □ ■ □ ■ □ ■ □
15 □ ■ □ ■ □ ■ □ ■ □ ■ □ ■ □ ■ □ ■ □ ■
14 ■ □ ■ □ ■ □ ■ □ ■ □ ■ □ ■ □ ■ □ ■ □
13 □ ■ □ ■ □ ■ □ ■ □ ■ □ ■ □ ■ □ ■ □ ■
12 ■ □ ■ □ ■ □ ■ □ ■ □ ■ □ ■ □ ■ □ ■ □
11 □ ■ □ ■ □ ■ □ ■ □ ■ □ ■ □ ■ □ ■ □ ■
10 ■ □ ■ □ ■ □ ■ □ ■ □ ■ □ ■ □ ■ □ ■ □
 9 □ ■ □ ■ □ ■ □ ■ □ ■ □ ■ □ ■ □ ■ □ ■
 8 ■ □ ■ □ ■ □ ■ □ ■ □ ■ □ ■ □ ■ □ ■ □
 7 □ ■ □ ■ □ ■ □ ■ □ ■ □ ■ □ ■ □ ■ □ ■
 6 ■ □ ■ □ ■ □ ■ □ ■ - - □ - □ - □ ■ □
 5 - - - - - - - - □ - - ■ - - - - □ ■
 4 - - - - - - - - - - - - - - - - - -
 3 □ - - ■ - ■ - ■ - ■ - ■ - ■ - - - ■
 2 - - - - - - - - - - - - ■ - ■ - - -
 1 □ - □ - □ - □ - □ - □ - - - - - - -
-- a b c d e f g h i j k l m n o p q r
white
(6, h) -> (6, j)
Moving encoding:
['(6, h) ', ' (6, j)']
*** Server Opponent's move ***
18 ■ □ ■ □ ■ □ ■ □ ■ □ ■ □ ■ □ ■ □ ■ □
17 □ ■ □ ■ □ ■ □ ■ □ ■ □ ■ □ ■ □ ■ □ ■
16 ■ □ ■ □ ■ □ ■ □ ■ □ ■ □ ■ □ ■ □ ■ □
15 □ ■ □ ■ □ ■ □ ■ □ ■ □ ■ □ ■ □ ■ □ ■
14 ■ □ ■ □ ■ □ ■ □ ■ □ ■ □ ■ □ ■ □ ■ □
13 □ ■ □ ■ □ ■ □ ■ □ ■ □ ■ □ ■ □ ■ □ ■
12 ■ □ ■ □ ■ □ ■ □ ■ □ ■ □ ■ □ ■ □ ■ □
11 □ ■ □ ■ □ ■ □ ■ □ ■ □ ■ □ ■ □ ■ □ ■
10 ■ □ ■ □ ■ □ ■ □ ■ □ ■ □ ■ □ ■ □ ■ □
 9 □ ■ □ ■ □ ■ □ ■ □ ■ □ ■ □ ■ □ ■ □ ■
 8 ■ □ ■ □ ■ □ ■ □ ■ □ ■ □ ■ □ ■ □ ■ □
 7 □ ■ □ ■ □ ■ □ ■ □ ■ □ ■ □ ■ □ ■ □ ■
 6 ■ □ ■ □ ■ □ ■ - - □ - □ - □ - □ ■ □
 5 - - - - - - - - □ - - ■ - - - - □ ■
 4 - - - - - - - - - - - - - - - - - -
 3 □ - - ■ - ■ - ■ - ■ - ■ - ■ - - - ■
 2 - - - - - - - - - - - - ■ - ■ - - -
 1 □ - □ - □ - □ - □ - □ - - - - - - -
-- a b c d e f g h i j k l m n o p q r
black
Move[5:7]:[5:9]

Move[4:17]:[4:15]

?Move(154398):

Moving decoding:
[4:17]:[4:15]

*** Motley Crew's move ***
18 ■ □ ■ □ ■ □ ■ □ ■ □ ■ □ ■ □ ■ □ ■ □
17 □ ■ □ ■ □ ■ □ ■ □ ■ □ ■ □ ■ □ ■ □ ■
16 ■ □ ■ □ ■ □ ■ □ ■ □ ■ □ ■ □ ■ □ ■ □
15 □ ■ □ ■ □ ■ □ ■ □ ■ □ ■ □ ■ □ ■ □ ■
14 ■ □ ■ □ ■ □ ■ □ ■ □ ■ □ ■ □ ■ □ ■ □
13 □ ■ □ ■ □ ■ □ ■ □ ■ □ ■ □ ■ □ ■ □ ■
12 ■ □ ■ □ ■ □ ■ □ ■ □ ■ □ ■ □ ■ □ ■ □
11 □ ■ □ ■ □ ■ □ ■ □ ■ □ ■ □ ■ □ ■ □ ■
10 ■ □ ■ □ ■ □ ■ □ ■ □ ■ □ ■ □ ■ □ ■ □
 9 □ ■ □ ■ □ ■ □ ■ □ ■ □ ■ □ ■ □ ■ □ ■
 8 ■ □ ■ □ ■ □ ■ □ ■ □ ■ □ ■ □ ■ □ ■ □
 7 □ ■ □ ■ □ ■ □ ■ □ ■ □ ■ □ ■ □ ■ □ ■
 6 ■ □ ■ □ ■ □ ■ - - □ - □ - □ - □ ■ □
 5 - - - - - - - - □ - - ■ - - - ■ - -
 4 - - - - - - - - - - - - - - - - - -
 3 □ - - ■ - ■ - ■ - ■ - ■ - ■ - - - ■
 2 - - - - - - - - - - - - ■ - ■ - - -
 1 □ - □ - □ - □ - □ - □ - - - - - - -
-- a b c d e f g h i j k l m n o p q r
white
(6, f) -> (6, h)
Moving encoding:
['(6, f) ', ' (6, h)']
*** Server Opponent's move ***
18 ■ □ ■ □ ■ □ ■ □ ■ □ ■ □ ■ □ ■ □ ■ □
17 □ ■ □ ■ □ ■ □ ■ □ ■ □ ■ □ ■ □ ■ □ ■
16 ■ □ ■ □ ■ □ ■ □ ■ □ ■ □ ■ □ ■ □ ■ □
15 □ ■ □ ■ □ ■ □ ■ □ ■ □ ■ □ ■ □ ■ □ ■
14 ■ □ ■ □ ■ □ ■ □ ■ □ ■ □ ■ □ ■ □ ■ □
13 □ ■ □ ■ □ ■ □ ■ □ ■ □ ■ □ ■ □ ■ □ ■
12 ■ □ ■ □ ■ □ ■ □ ■ □ ■ □ ■ □ ■ □ ■ □
11 □ ■ □ ■ □ ■ □ ■ □ ■ □ ■ □ ■ □ ■ □ ■
10 ■ □ ■ □ ■ □ ■ □ ■ □ ■ □ ■ □ ■ □ ■ □
 9 □ ■ □ ■ □ ■ □ ■ □ ■ □ ■ □ ■ □ ■ □ ■
 8 ■ □ ■ □ ■ □ ■ □ ■ □ ■ □ ■ □ ■ □ ■ □
 7 □ ■ □ ■ □ ■ □ ■ □ ■ □ ■ □ ■ □ ■ □ ■
 6 ■ □ ■ □ ■ - - □ - □ - □ - □ - □ ■ □
 5 - - - - - - - - □ - - ■ - - - ■ - -
 4 - - - - - - - - - - - - - - - - - -
 3 □ - - ■ - ■ - ■ - ■ - ■ - ■ - - - ■
 2 - - - - - - - - - - - - ■ - ■ - - -
 1 □ - □ - □ - □ - □ - □ - - - - - - -
-- a b c d e f g h i j k l m n o p q r
black
Move[5:5]:[5:7]

Move[5:16]:[5:14]

?Move(153824):

Moving decoding:
[5:16]:[5:14]

*** Motley Crew's move ***
18 ■ □ ■ □ ■ □ ■ □ ■ □ ■ □ ■ □ ■ □ ■ □
17 □ ■ □ ■ □ ■ □ ■ □ ■ □ ■ □ ■ □ ■ □ ■
16 ■ □ ■ □ ■ □ ■ □ ■ □ ■ □ ■ □ ■ □ ■ □
15 □ ■ □ ■ □ ■ □ ■ □ ■ □ ■ □ ■ □ ■ □ ■
14 ■ □ ■ □ ■ □ ■ □ ■ □ ■ □ ■ □ ■ □ ■ □
13 □ ■ □ ■ □ ■ □ ■ □ ■ □ ■ □ ■ □ ■ □ ■
12 ■ □ ■ □ ■ □ ■ □ ■ □ ■ □ ■ □ ■ □ ■ □
11 □ ■ □ ■ □ ■ □ ■ □ ■ □ ■ □ ■ □ ■ □ ■
10 ■ □ ■ □ ■ □ ■ □ ■ □ ■ □ ■ □ ■ □ ■ □
 9 □ ■ □ ■ □ ■ □ ■ □ ■ □ ■ □ ■ □ ■ □ ■
 8 ■ □ ■ □ ■ □ ■ □ ■ □ ■ □ ■ □ ■ □ ■ □
 7 □ ■ □ ■ □ ■ □ ■ □ ■ □ ■ □ ■ □ ■ □ ■
 6 ■ □ ■ □ ■ - - □ - □ - □ - □ ■ - - □
 5 - - - - - - - - □ - - ■ - - - ■ - -
 4 - - - - - - - - - - - - - - - - - -
 3 □ - - ■ - ■ - ■ - ■ - ■ - ■ - - - ■
 2 - - - - - - - - - - - - ■ - ■ - - -
 1 □ - □ - □ - □ - □ - □ - - - - - - -
-- a b c d e f g h i j k l m n o p q r
white
(6, d) -> (6, f)
Moving encoding:
['(6, d) ', ' (6, f)']
*** Server Opponent's move ***
18 ■ □ ■ □ ■ □ ■ □ ■ □ ■ □ ■ □ ■ □ ■ □
17 □ ■ □ ■ □ ■ □ ■ □ ■ □ ■ □ ■ □ ■ □ ■
16 ■ □ ■ □ ■ □ ■ □ ■ □ ■ □ ■ □ ■ □ ■ □
15 □ ■ □ ■ □ ■ □ ■ □ ■ □ ■ □ ■ □ ■ □ ■
14 ■ □ ■ □ ■ □ ■ □ ■ □ ■ □ ■ □ ■ □ ■ □
13 □ ■ □ ■ □ ■ □ ■ □ ■ □ ■ □ ■ □ ■ □ ■
12 ■ □ ■ □ ■ □ ■ □ ■ □ ■ □ ■ □ ■ □ ■ □
11 □ ■ □ ■ □ ■ □ ■ □ ■ □ ■ □ ■ □ ■ □ ■
10 ■ □ ■ □ ■ □ ■ □ ■ □ ■ □ ■ □ ■ □ ■ □
 9 □ ■ □ ■ □ ■ □ ■ □ ■ □ ■ □ ■ □ ■ □ ■
 8 ■ □ ■ □ ■ □ ■ □ ■ □ ■ □ ■ □ ■ □ ■ □
 7 □ ■ □ ■ □ ■ □ ■ □ ■ □ ■ □ ■ □ ■ □ ■
 6 ■ □ ■ - - □ - □ - □ - □ - □ ■ - - □
 5 - - - - - - - - □ - - ■ - - - ■ - -
 4 - - - - - - - - - - - - - - - - - -
 3 □ - - ■ - ■ - ■ - ■ - ■ - ■ - - - ■
 2 - - - - - - - - - - - - ■ - ■ - - -
 1 □ - □ - □ - □ - □ - □ - - - - - - -
-- a b c d e f g h i j k l m n o p q r
black
Move[5:3]:[5:5]

Move[5:14]:[5:12]

?Move(153188):

Moving decoding:
[5:14]:[5:12]

*** Motley Crew's move ***
18 ■ □ ■ □ ■ □ ■ □ ■ □ ■ □ ■ □ ■ □ ■ □
17 □ ■ □ ■ □ ■ □ ■ □ ■ □ ■ □ ■ □ ■ □ ■
16 ■ □ ■ □ ■ □ ■ □ ■ □ ■ □ ■ □ ■ □ ■ □
15 □ ■ □ ■ □ ■ □ ■ □ ■ □ ■ □ ■ □ ■ □ ■
14 ■ □ ■ □ ■ □ ■ □ ■ □ ■ □ ■ □ ■ □ ■ □
13 □ ■ □ ■ □ ■ □ ■ □ ■ □ ■ □ ■ □ ■ □ ■
12 ■ □ ■ □ ■ □ ■ □ ■ □ ■ □ ■ □ ■ □ ■ □
11 □ ■ □ ■ □ ■ □ ■ □ ■ □ ■ □ ■ □ ■ □ ■
10 ■ □ ■ □ ■ □ ■ □ ■ □ ■ □ ■ □ ■ □ ■ □
 9 □ ■ □ ■ □ ■ □ ■ □ ■ □ ■ □ ■ □ ■ □ ■
 8 ■ □ ■ □ ■ □ ■ □ ■ □ ■ □ ■ □ ■ □ ■ □
 7 □ ■ □ ■ □ ■ □ ■ □ ■ □ ■ □ ■ □ ■ □ ■
 6 ■ □ ■ - - □ - □ - □ - □ ■ - - - - □
 5 - - - - - - - - □ - - ■ - - - ■ - -
 4 - - - - - - - - - - - - - - - - - -
 3 □ - - ■ - ■ - ■ - ■ - ■ - ■ - - - ■
 2 - - - - - - - - - - - - ■ - ■ - - -
 1 □ - □ - □ - □ - □ - □ - - - - - - -
-- a b c d e f g h i j k l m n o p q r
white
(6, b) -> (6, d)
Moving encoding:
['(6, b) ', ' (6, d)']
*** Server Opponent's move ***
18 ■ □ ■ □ ■ □ ■ □ ■ □ ■ □ ■ □ ■ □ ■ □
17 □ ■ □ ■ □ ■ □ ■ □ ■ □ ■ □ ■ □ ■ □ ■
16 ■ □ ■ □ ■ □ ■ □ ■ □ ■ □ ■ □ ■ □ ■ □
15 □ ■ □ ■ □ ■ □ ■ □ ■ □ ■ □ ■ □ ■ □ ■
14 ■ □ ■ □ ■ □ ■ □ ■ □ ■ □ ■ □ ■ □ ■ □
13 □ ■ □ ■ □ ■ □ ■ □ ■ □ ■ □ ■ □ ■ □ ■
12 ■ □ ■ □ ■ □ ■ □ ■ □ ■ □ ■ □ ■ □ ■ □
11 □ ■ □ ■ □ ■ □ ■ □ ■ □ ■ □ ■ □ ■ □ ■
10 ■ □ ■ □ ■ □ ■ □ ■ □ ■ □ ■ □ ■ □ ■ □
 9 □ ■ □ ■ □ ■ □ ■ □ ■ □ ■ □ ■ □ ■ □ ■
 8 ■ □ ■ □ ■ □ ■ □ ■ □ ■ □ ■ □ ■ □ ■ □
 7 □ ■ □ ■ □ ■ □ ■ □ ■ □ ■ □ ■ □ ■ □ ■
 6 ■ - - □ - □ - □ - □ - □ ■ - - - - □
 5 - - - - - - - - □ - - ■ - - - ■ - -
 4 - - - - - - - - - - - - - - - - - -
 3 □ - - ■ - ■ - ■ - ■ - ■ - ■ - - - ■
 2 - - - - - - - - - - - - ■ - ■ - - -
 1 □ - □ - □ - □ - □ - □ - - - - - - -
-- a b c d e f g h i j k l m n o p q r
black
Move[5:1]:[5:3]

Move[5:12]:[5:10]

?Move(152591):

Moving decoding:
[5:12]:[5:10]

*** Motley Crew's move ***
18 ■ □ ■ □ ■ □ ■ □ ■ □ ■ □ ■ □ ■ □ ■ □
17 □ ■ □ ■ □ ■ □ ■ □ ■ □ ■ □ ■ □ ■ □ ■
16 ■ □ ■ □ ■ □ ■ □ ■ □ ■ □ ■ □ ■ □ ■ □
15 □ ■ □ ■ □ ■ □ ■ □ ■ □ ■ □ ■ □ ■ □ ■
14 ■ □ ■ □ ■ □ ■ □ ■ □ ■ □ ■ □ ■ □ ■ □
13 □ ■ □ ■ □ ■ □ ■ □ ■ □ ■ □ ■ □ ■ □ ■
12 ■ □ ■ □ ■ □ ■ □ ■ □ ■ □ ■ □ ■ □ ■ □
11 □ ■ □ ■ □ ■ □ ■ □ ■ □ ■ □ ■ □ ■ □ ■
10 ■ □ ■ □ ■ □ ■ □ ■ □ ■ □ ■ □ ■ □ ■ □
 9 □ ■ □ ■ □ ■ □ ■ □ ■ □ ■ □ ■ □ ■ □ ■
 8 ■ □ ■ □ ■ □ ■ □ ■ □ ■ □ ■ □ ■ □ ■ □
 7 □ ■ □ ■ □ ■ □ ■ □ ■ □ ■ □ ■ □ ■ □ ■
 6 ■ - - □ - □ - □ - □ ■ - - - - - - □
 5 - - - - - - - - □ - - ■ - - - ■ - -
 4 - - - - - - - - - - - - - - - - - -
 3 □ - - ■ - ■ - ■ - ■ - ■ - ■ - - - ■
 2 - - - - - - - - - - - - ■ - ■ - - -
 1 □ - □ - □ - □ - □ - □ - - - - - - -
-- a b c d e f g h i j k l m n o p q r
white
(6, j) -> (6, l)
Moving encoding:
['(6, j) ', ' (6, l)']
*** Server Opponent's move ***
18 ■ □ ■ □ ■ □ ■ □ ■ □ ■ □ ■ □ ■ □ ■ □
17 □ ■ □ ■ □ ■ □ ■ □ ■ □ ■ □ ■ □ ■ □ ■
16 ■ □ ■ □ ■ □ ■ □ ■ □ ■ □ ■ □ ■ □ ■ □
15 □ ■ □ ■ □ ■ □ ■ □ ■ □ ■ □ ■ □ ■ □ ■
14 ■ □ ■ □ ■ □ ■ □ ■ □ ■ □ ■ □ ■ □ ■ □
13 □ ■ □ ■ □ ■ □ ■ □ ■ □ ■ □ ■ □ ■ □ ■
12 ■ □ ■ □ ■ □ ■ □ ■ □ ■ □ ■ □ ■ □ ■ □
11 □ ■ □ ■ □ ■ □ ■ □ ■ □ ■ □ ■ □ ■ □ ■
10 ■ □ ■ □ ■ □ ■ □ ■ □ ■ □ ■ □ ■ □ ■ □
 9 □ ■ □ ■ □ ■ □ ■ □ ■ □ ■ □ ■ □ ■ □ ■
 8 ■ □ ■ □ ■ □ ■ □ ■ □ ■ □ ■ □ ■ □ ■ □
 7 □ ■ □ ■ □ ■ □ ■ □ ■ □ ■ □ ■ □ ■ □ ■
 6 ■ - - □ - □ - □ - - - □ - - - - - □
 5 - - - - - - - - □ - - ■ - - - ■ - -
 4 - - - - - - - - - - - - - - - - - -
 3 □ - - ■ - ■ - ■ - ■ - ■ - ■ - - - ■
 2 - - - - - - - - - - - - ■ - ■ - - -
 1 □ - □ - □ - □ - □ - □ - - - - - - -
-- a b c d e f g h i j k l m n o p q r
black
Move[5:9]:[5:11]

Move[6:3]:[4:3]

?Move(152061):

Moving decoding:
[6:3]:[4:3]

*** Motley Crew's move ***
18 ■ □ ■ □ ■ □ ■ □ ■ □ ■ □ ■ □ ■ □ ■ □
17 □ ■ □ ■ □ ■ □ ■ □ ■ □ ■ □ ■ □ ■ □ ■
16 ■ □ ■ □ ■ □ ■ □ ■ □ ■ □ ■ □ ■ □ ■ □
15 □ ■ □ ■ □ ■ □ ■ □ ■ □ ■ □ ■ □ ■ □ ■
14 ■ □ ■ □ ■ □ ■ □ ■ □ ■ □ ■ □ ■ □ ■ □
13 □ ■ □ ■ □ ■ □ ■ □ ■ □ ■ □ ■ □ ■ □ ■
12 ■ □ ■ □ ■ □ ■ □ ■ □ ■ □ ■ □ ■ □ ■ □
11 □ ■ □ ■ □ ■ □ ■ □ ■ □ ■ □ ■ □ ■ □ ■
10 ■ □ ■ □ ■ □ ■ □ ■ □ ■ □ ■ □ ■ □ ■ □
 9 □ ■ □ ■ □ ■ □ ■ □ ■ □ ■ □ ■ □ ■ □ ■
 8 ■ □ ■ □ ■ □ ■ □ ■ □ ■ □ ■ □ ■ □ ■ □
 7 □ ■ □ - □ ■ □ ■ □ ■ □ ■ □ ■ □ ■ □ ■
 6 ■ - - - - □ - □ - - - □ - - - - - □
 5 - - - ■ - - - - □ - - ■ - - - ■ - -
 4 - - - - - - - - - - - - - - - - - -
 3 □ - - ■ - ■ - ■ - ■ - ■ - ■ - - - ■
 2 - - - - - - - - - - - - ■ - ■ - - -
 1 □ - □ - □ - □ - □ - □ - - - - - - -
-- a b c d e f g h i j k l m n o p q r
white
(6, l) -> (4, l)
Moving encoding:
['(6, l) ', ' (4, l)']
*** Server Opponent's move ***
18 ■ □ ■ □ ■ □ ■ □ ■ □ ■ □ ■ □ ■ □ ■ □
17 □ ■ □ ■ □ ■ □ ■ □ ■ □ ■ □ ■ □ ■ □ ■
16 ■ □ ■ □ ■ □ ■ □ ■ □ ■ □ ■ □ ■ □ ■ □
15 □ ■ □ ■ □ ■ □ ■ □ ■ □ ■ □ ■ □ ■ □ ■
14 ■ □ ■ □ ■ □ ■ □ ■ □ ■ □ ■ □ ■ □ ■ □
13 □ ■ □ ■ □ ■ □ ■ □ ■ □ ■ □ ■ □ ■ □ ■
12 ■ □ ■ □ ■ □ ■ □ ■ □ ■ □ ■ □ ■ □ ■ □
11 □ ■ □ ■ □ ■ □ ■ □ ■ □ ■ □ ■ □ ■ □ ■
10 ■ □ ■ □ ■ □ ■ □ ■ □ ■ □ ■ □ ■ □ ■ □
 9 □ ■ □ ■ □ ■ □ ■ □ ■ □ ■ □ ■ □ ■ □ ■
 8 ■ □ ■ □ ■ □ ■ □ ■ □ ■ □ ■ □ ■ □ ■ □
 7 □ ■ □ - □ ■ □ ■ □ ■ □ ■ □ ■ □ ■ □ ■
 6 ■ - - - - □ - □ - - - - - - - - - □
 5 - - - ■ - - - - □ - - - - - - ■ - -
 4 - - - - - - - - - - - □ - - - - - -
 3 □ - - ■ - ■ - ■ - ■ - ■ - ■ - - - ■
 2 - - - - - - - - - - - - ■ - ■ - - -
 1 □ - □ - □ - □ - □ - □ - - - - - - -
-- a b c d e f g h i j k l m n o p q r
black
Move[5:11]:[3:11]

Move[2:11]:[4:11]

?Move(151617):

Moving decoding:
[2:11]:[4:11]

*** Motley Crew's move ***
18 ■ □ ■ □ ■ □ ■ □ ■ □ ■ □ ■ □ ■ □ ■ □
17 □ ■ □ ■ □ ■ □ ■ □ ■ □ ■ □ ■ □ ■ □ ■
16 ■ □ ■ □ ■ □ ■ □ ■ □ ■ □ ■ □ ■ □ ■ □
15 □ ■ □ ■ □ ■ □ ■ □ ■ □ ■ □ ■ □ ■ □ ■
14 ■ □ ■ □ ■ □ ■ □ ■ □ ■ □ ■ □ ■ □ ■ □
13 □ ■ □ ■ □ ■ □ ■ □ ■ □ ■ □ ■ □ ■ □ ■
12 ■ □ ■ □ ■ □ ■ □ ■ □ ■ □ ■ □ ■ □ ■ □
11 □ ■ □ ■ □ ■ □ ■ □ ■ □ ■ □ ■ □ ■ □ ■
10 ■ □ ■ □ ■ □ ■ □ ■ □ ■ □ ■ □ ■ □ ■ □
 9 □ ■ □ ■ □ ■ □ ■ □ ■ □ ■ □ ■ □ ■ □ ■
 8 ■ □ ■ □ ■ □ ■ □ ■ □ ■ □ ■ □ ■ □ ■ □
 7 □ ■ □ - □ ■ □ ■ □ ■ □ ■ □ ■ □ ■ □ ■
 6 ■ - - - - □ - □ - - - - - - - - - □
 5 - - - ■ - - - - □ - - ■ - - - ■ - -
 4 - - - - - - - - - - - - - - - - - -
 3 □ - - ■ - ■ - ■ - ■ - - - ■ - - - ■
 2 - - - - - - - - - - - - ■ - ■ - - -
 1 □ - □ - □ - □ - □ - □ - - - - - - -
-- a b c d e f g h i j k l m n o p q r
white
(7, a) -> (5, a)
Moving encoding:
['(7, a) ', ' (5, a)']
*** Server Opponent's move ***
18 ■ □ ■ □ ■ □ ■ □ ■ □ ■ □ ■ □ ■ □ ■ □
17 □ ■ □ ■ □ ■ □ ■ □ ■ □ ■ □ ■ □ ■ □ ■
16 ■ □ ■ □ ■ □ ■ □ ■ □ ■ □ ■ □ ■ □ ■ □
15 □ ■ □ ■ □ ■ □ ■ □ ■ □ ■ □ ■ □ ■ □ ■
14 ■ □ ■ □ ■ □ ■ □ ■ □ ■ □ ■ □ ■ □ ■ □
13 □ ■ □ ■ □ ■ □ ■ □ ■ □ ■ □ ■ □ ■ □ ■
12 ■ □ ■ □ ■ □ ■ □ ■ □ ■ □ ■ □ ■ □ ■ □
11 □ ■ □ ■ □ ■ □ ■ □ ■ □ ■ □ ■ □ ■ □ ■
10 ■ □ ■ □ ■ □ ■ □ ■ □ ■ □ ■ □ ■ □ ■ □
 9 □ ■ □ ■ □ ■ □ ■ □ ■ □ ■ □ ■ □ ■ □ ■
 8 ■ □ ■ □ ■ □ ■ □ ■ □ ■ □ ■ □ ■ □ ■ □
 7 - ■ □ - □ ■ □ ■ □ ■ □ ■ □ ■ □ ■ □ ■
 6 - - - - - □ - □ - - - - - - - - - □
 5 □ - - ■ - - - - □ - - ■ - - - ■ - -
 4 - - - - - - - - - - - - - - - - - -
 3 □ - - ■ - ■ - ■ - ■ - - - ■ - - - ■
 2 - - - - - - - - - - - - ■ - ■ - - -
 1 □ - □ - □ - □ - □ - □ - - - - - - -
-- a b c d e f g h i j k l m n o p q r
black
Move[6:0]:[4:0]

Move[6:1]:[6:3]

?Move(151168):

Moving decoding:
[6:1]:[6:3]

*** Motley Crew's move ***
18 ■ □ ■ □ ■ □ ■ □ ■ □ ■ □ ■ □ ■ □ ■ □
17 □ ■ □ ■ □ ■ □ ■ □ ■ □ ■ □ ■ □ ■ □ ■
16 ■ □ ■ □ ■ □ ■ □ ■ □ ■ □ ■ □ ■ □ ■ □
15 □ ■ □ ■ □ ■ □ ■ □ ■ □ ■ □ ■ □ ■ □ ■
14 ■ □ ■ □ ■ □ ■ □ ■ □ ■ □ ■ □ ■ □ ■ □
13 □ ■ □ ■ □ ■ □ ■ □ ■ □ ■ □ ■ □ ■ □ ■
12 ■ □ ■ □ ■ □ ■ □ ■ □ ■ □ ■ □ ■ □ ■ □
11 □ ■ □ ■ □ ■ □ ■ □ ■ □ ■ □ ■ □ ■ □ ■
10 ■ □ ■ □ ■ □ ■ □ ■ □ ■ □ ■ □ ■ □ ■ □
 9 □ ■ □ ■ □ ■ □ ■ □ ■ □ ■ □ ■ □ ■ □ ■
 8 ■ □ ■ □ ■ □ ■ □ ■ □ ■ □ ■ □ ■ □ ■ □
 7 - - - ■ □ ■ □ ■ □ ■ □ ■ □ ■ □ ■ □ ■
 6 - - - - - □ - □ - - - - - - - - - □
 5 □ - - ■ - - - - □ - - ■ - - - ■ - -
 4 - - - - - - - - - - - - - - - - - -
 3 □ - - ■ - ■ - ■ - ■ - - - ■ - - - ■
 2 - - - - - - - - - - - - ■ - ■ - - -
 1 □ - □ - □ - □ - □ - □ - - - - - - -
-- a b c d e f g h i j k l m n o p q r
white
(7, e) -> (7, c)
Moving encoding:
['(7, e) ', ' (7, c)']
*** Server Opponent's move ***
18 ■ □ ■ □ ■ □ ■ □ ■ □ ■ □ ■ □ ■ □ ■ □
17 □ ■ □ ■ □ ■ □ ■ □ ■ □ ■ □ ■ □ ■ □ ■
16 ■ □ ■ □ ■ □ ■ □ ■ □ ■ □ ■ □ ■ □ ■ □
15 □ ■ □ ■ □ ■ □ ■ □ ■ □ ■ □ ■ □ ■ □ ■
14 ■ □ ■ □ ■ □ ■ □ ■ □ ■ □ ■ □ ■ □ ■ □
13 □ ■ □ ■ □ ■ □ ■ □ ■ □ ■ □ ■ □ ■ □ ■
12 ■ □ ■ □ ■ □ ■ □ ■ □ ■ □ ■ □ ■ □ ■ □
11 □ ■ □ ■ □ ■ □ ■ □ ■ □ ■ □ ■ □ ■ □ ■
10 ■ □ ■ □ ■ □ ■ □ ■ □ ■ □ ■ □ ■ □ ■ □
 9 □ ■ □ ■ □ ■ □ ■ □ ■ □ ■ □ ■ □ ■ □ ■
 8 ■ □ ■ □ ■ □ ■ □ ■ □ ■ □ ■ □ ■ □ ■ □
 7 - - □ - - ■ □ ■ □ ■ □ ■ □ ■ □ ■ □ ■
 6 - - - - - □ - □ - - - - - - - - - □
 5 □ - - ■ - - - - □ - - ■ - - - ■ - -
 4 - - - - - - - - - - - - - - - - - -
 3 □ - - ■ - ■ - ■ - ■ - - - ■ - - - ■
 2 - - - - - - - - - - - - ■ - ■ - - -
 1 □ - □ - □ - □ - □ - □ - - - - - - -
-- a b c d e f g h i j k l m n o p q r
black
Move[6:4]:[6:2]

Move[6:5]:[4:5]

?Move(150548):

Moving decoding:
[6:5]:[4:5]

*** Motley Crew's move ***
18 ■ □ ■ □ ■ □ ■ □ ■ □ ■ □ ■ □ ■ □ ■ □
17 □ ■ □ ■ □ ■ □ ■ □ ■ □ ■ □ ■ □ ■ □ ■
16 ■ □ ■ □ ■ □ ■ □ ■ □ ■ □ ■ □ ■ □ ■ □
15 □ ■ □ ■ □ ■ □ ■ □ ■ □ ■ □ ■ □ ■ □ ■
14 ■ □ ■ □ ■ □ ■ □ ■ □ ■ □ ■ □ ■ □ ■ □
13 □ ■ □ ■ □ ■ □ ■ □ ■ □ ■ □ ■ □ ■ □ ■
12 ■ □ ■ □ ■ □ ■ □ ■ □ ■ □ ■ □ ■ □ ■ □
11 □ ■ □ ■ □ ■ □ ■ □ ■ □ ■ □ ■ □ ■ □ ■
10 ■ □ ■ □ ■ □ ■ □ ■ □ ■ □ ■ □ ■ □ ■ □
 9 □ ■ □ ■ □ ■ □ ■ □ ■ □ ■ □ ■ □ ■ □ ■
 8 ■ □ ■ □ ■ □ ■ □ ■ □ ■ □ ■ □ ■ □ ■ □
 7 - - □ - - - □ ■ □ ■ □ ■ □ ■ □ ■ □ ■
 6 - - - - - - - □ - - - - - - - - - □
 5 □ - - ■ - ■ - - □ - - ■ - - - ■ - -
 4 - - - - - - - - - - - - - - - - - -
 3 □ - - ■ - ■ - ■ - ■ - - - ■ - - - ■
 2 - - - - - - - - - - - - ■ - ■ - - -
 1 □ - □ - □ - □ - □ - □ - - - - - - -
-- a b c d e f g h i j k l m n o p q r
white
(8, j) -> (6, j)
Moving encoding:
['(8, j) ', ' (6, j)']
*** Server Opponent's move ***
18 ■ □ ■ □ ■ □ ■ □ ■ □ ■ □ ■ □ ■ □ ■ □
17 □ ■ □ ■ □ ■ □ ■ □ ■ □ ■ □ ■ □ ■ □ ■
16 ■ □ ■ □ ■ □ ■ □ ■ □ ■ □ ■ □ ■ □ ■ □
15 □ ■ □ ■ □ ■ □ ■ □ ■ □ ■ □ ■ □ ■ □ ■
14 ■ □ ■ □ ■ □ ■ □ ■ □ ■ □ ■ □ ■ □ ■ □
13 □ ■ □ ■ □ ■ □ ■ □ ■ □ ■ □ ■ □ ■ □ ■
12 ■ □ ■ □ ■ □ ■ □ ■ □ ■ □ ■ □ ■ □ ■ □
11 □ ■ □ ■ □ ■ □ ■ □ ■ □ ■ □ ■ □ ■ □ ■
10 ■ □ ■ □ ■ □ ■ □ ■ □ ■ □ ■ □ ■ □ ■ □
 9 □ ■ □ ■ □ ■ □ ■ □ ■ □ ■ □ ■ □ ■ □ ■
 8 ■ □ ■ □ ■ □ ■ □ ■ - ■ □ ■ □ ■ □ ■ □
 7 - - □ - - - □ ■ □ - □ ■ □ ■ □ ■ □ ■
 6 - - - - - - - □ - □ - - - - - - - □
 5 □ - - ■ - ■ - - □ - - ■ - - - ■ - -
 4 - - - - - - - - - - - - - - - - - -
 3 □ - - ■ - ■ - ■ - ■ - - - ■ - - - ■
 2 - - - - - - - - - - - - ■ - ■ - - -
 1 □ - □ - □ - □ - □ - □ - - - - - - -
-- a b c d e f g h i j k l m n o p q r
black
Move[7:9]:[5:9]

Move[6:7]:[6:5]

?Move(150070):

Moving decoding:
[6:7]:[6:5]

*** Motley Crew's move ***
18 ■ □ ■ □ ■ □ ■ □ ■ □ ■ □ ■ □ ■ □ ■ □
17 □ ■ □ ■ □ ■ □ ■ □ ■ □ ■ □ ■ □ ■ □ ■
16 ■ □ ■ □ ■ □ ■ □ ■ □ ■ □ ■ □ ■ □ ■ □
15 □ ■ □ ■ □ ■ □ ■ □ ■ □ ■ □ ■ □ ■ □ ■
14 ■ □ ■ □ ■ □ ■ □ ■ □ ■ □ ■ □ ■ □ ■ □
13 □ ■ □ ■ □ ■ □ ■ □ ■ □ ■ □ ■ □ ■ □ ■
12 ■ □ ■ □ ■ □ ■ □ ■ □ ■ □ ■ □ ■ □ ■ □
11 □ ■ □ ■ □ ■ □ ■ □ ■ □ ■ □ ■ □ ■ □ ■
10 ■ □ ■ □ ■ □ ■ □ ■ □ ■ □ ■ □ ■ □ ■ □
 9 □ ■ □ ■ □ ■ □ ■ □ ■ □ ■ □ ■ □ ■ □ ■
 8 ■ □ ■ □ ■ □ ■ □ ■ - ■ □ ■ □ ■ □ ■ □
 7 - - □ - - ■ - - □ - □ ■ □ ■ □ ■ □ ■
 6 - - - - - - - □ - □ - - - - - - - □
 5 □ - - ■ - ■ - - □ - - ■ - - - ■ - -
 4 - - - - - - - - - - - - - - - - - -
 3 □ - - ■ - ■ - ■ - ■ - - - ■ - - - ■
 2 - - - - - - - - - - - - ■ - ■ - - -
 1 □ - □ - □ - □ - □ - □ - - - - - - -
-- a b c d e f g h i j k l m n o p q r
white
(8, f) -> (6, f)
Moving encoding:
['(8, f) ', ' (6, f)']
*** Server Opponent's move ***
18 ■ □ ■ □ ■ □ ■ □ ■ □ ■ □ ■ □ ■ □ ■ □
17 □ ■ □ ■ □ ■ □ ■ □ ■ □ ■ □ ■ □ ■ □ ■
16 ■ □ ■ □ ■ □ ■ □ ■ □ ■ □ ■ □ ■ □ ■ □
15 □ ■ □ ■ □ ■ □ ■ □ ■ □ ■ □ ■ □ ■ □ ■
14 ■ □ ■ □ ■ □ ■ □ ■ □ ■ □ ■ □ ■ □ ■ □
13 □ ■ □ ■ □ ■ □ ■ □ ■ □ ■ □ ■ □ ■ □ ■
12 ■ □ ■ □ ■ □ ■ □ ■ □ ■ □ ■ □ ■ □ ■ □
11 □ ■ □ ■ □ ■ □ ■ □ ■ □ ■ □ ■ □ ■ □ ■
10 ■ □ ■ □ ■ □ ■ □ ■ □ ■ □ ■ □ ■ □ ■ □
 9 □ ■ □ ■ □ ■ □ ■ □ ■ □ ■ □ ■ □ ■ □ ■
 8 ■ □ ■ □ ■ - ■ □ ■ - ■ □ ■ □ ■ □ ■ □
 7 - - □ - - - - - □ - □ ■ □ ■ □ ■ □ ■
 6 - - - - - □ - □ - □ - - - - - - - □
 5 □ - - ■ - ■ - - □ - - ■ - - - ■ - -
 4 - - - - - - - - - - - - - - - - - -
 3 □ - - ■ - ■ - ■ - ■ - - - ■ - - - ■
 2 - - - - - - - - - - - - ■ - ■ - - -
 1 □ - □ - □ - □ - □ - □ - - - - - - -
-- a b c d e f g h i j k l m n o p q r
black
Move[7:5]:[5:5]

Move[4:5]:[6:5]

?Move(149272):

Moving decoding:
[4:5]:[6:5]

*** Motley Crew's move ***
18 ■ □ ■ □ ■ □ ■ □ ■ □ ■ □ ■ □ ■ □ ■ □
17 □ ■ □ ■ □ ■ □ ■ □ ■ □ ■ □ ■ □ ■ □ ■
16 ■ □ ■ □ ■ □ ■ □ ■ □ ■ □ ■ □ ■ □ ■ □
15 □ ■ □ ■ □ ■ □ ■ □ ■ □ ■ □ ■ □ ■ □ ■
14 ■ □ ■ □ ■ □ ■ □ ■ □ ■ □ ■ □ ■ □ ■ □
13 □ ■ □ ■ □ ■ □ ■ □ ■ □ ■ □ ■ □ ■ □ ■
12 ■ □ ■ □ ■ □ ■ □ ■ □ ■ □ ■ □ ■ □ ■ □
11 □ ■ □ ■ □ ■ □ ■ □ ■ □ ■ □ ■ □ ■ □ ■
10 ■ □ ■ □ ■ □ ■ □ ■ □ ■ □ ■ □ ■ □ ■ □
 9 □ ■ □ ■ □ ■ □ ■ □ ■ □ ■ □ ■ □ ■ □ ■
 8 ■ □ ■ □ ■ - ■ □ ■ - ■ □ ■ □ ■ □ ■ □
 7 - - □ - - ■ - - □ - □ ■ □ ■ □ ■ □ ■
 6 - - - - - - - □ - □ - - - - - - - □
 5 □ - - ■ - - - - □ - - ■ - - - ■ - -
 4 - - - - - - - - - - - - - - - - - -
 3 □ - - ■ - ■ - ■ - ■ - - - ■ - - - ■
 2 - - - - - - - - - - - - ■ - ■ - - -
 1 □ - □ - □ - □ - □ - □ - - - - - - -
-- a b c d e f g h i j k l m n o p q r
white
(8, d) -> (8, f)
Moving encoding:
['(8, d) ', ' (8, f)']
*** Server Opponent's move ***
18 ■ □ ■ □ ■ □ ■ □ ■ □ ■ □ ■ □ ■ □ ■ □
17 □ ■ □ ■ □ ■ □ ■ □ ■ □ ■ □ ■ □ ■ □ ■
16 ■ □ ■ □ ■ □ ■ □ ■ □ ■ □ ■ □ ■ □ ■ □
15 □ ■ □ ■ □ ■ □ ■ □ ■ □ ■ □ ■ □ ■ □ ■
14 ■ □ ■ □ ■ □ ■ □ ■ □ ■ □ ■ □ ■ □ ■ □
13 □ ■ □ ■ □ ■ □ ■ □ ■ □ ■ □ ■ □ ■ □ ■
12 ■ □ ■ □ ■ □ ■ □ ■ □ ■ □ ■ □ ■ □ ■ □
11 □ ■ □ ■ □ ■ □ ■ □ ■ □ ■ □ ■ □ ■ □ ■
10 ■ □ ■ □ ■ □ ■ □ ■ □ ■ □ ■ □ ■ □ ■ □
 9 □ ■ □ ■ □ ■ □ ■ □ ■ □ ■ □ ■ □ ■ □ ■
 8 ■ □ ■ - - □ ■ □ ■ - ■ □ ■ □ ■ □ ■ □
 7 - - □ - - ■ - - □ - □ ■ □ ■ □ ■ □ ■
 6 - - - - - - - □ - □ - - - - - - - □
 5 □ - - ■ - - - - □ - - ■ - - - ■ - -
 4 - - - - - - - - - - - - - - - - - -
 3 □ - - ■ - ■ - ■ - ■ - - - ■ - - - ■
 2 - - - - - - - - - - - - ■ - ■ - - -
 1 □ - □ - □ - □ - □ - □ - - - - - - -
-- a b c d e f g h i j k l m n o p q r
black
Move[7:3]:[7:5]

Move[6:11]:[6:9]

?Move(148391):

Moving decoding:
[6:11]:[6:9]

*** Motley Crew's move ***
18 ■ □ ■ □ ■ □ ■ □ ■ □ ■ □ ■ □ ■ □ ■ □
17 □ ■ □ ■ □ ■ □ ■ □ ■ □ ■ □ ■ □ ■ □ ■
16 ■ □ ■ □ ■ □ ■ □ ■ □ ■ □ ■ □ ■ □ ■ □
15 □ ■ □ ■ □ ■ □ ■ □ ■ □ ■ □ ■ □ ■ □ ■
14 ■ □ ■ □ ■ □ ■ □ ■ □ ■ □ ■ □ ■ □ ■ □
13 □ ■ □ ■ □ ■ □ ■ □ ■ □ ■ □ ■ □ ■ □ ■
12 ■ □ ■ □ ■ □ ■ □ ■ □ ■ □ ■ □ ■ □ ■ □
11 □ ■ □ ■ □ ■ □ ■ □ ■ □ ■ □ ■ □ ■ □ ■
10 ■ □ ■ □ ■ □ ■ □ ■ □ ■ □ ■ □ ■ □ ■ □
 9 □ ■ □ ■ □ ■ □ ■ □ ■ □ ■ □ ■ □ ■ □ ■
 8 ■ □ ■ - - □ ■ □ ■ - ■ □ ■ □ ■ □ ■ □
 7 - - □ - - ■ - - □ ■ - - □ ■ □ ■ □ ■
 6 - - - - - - - □ - □ - - - - - - - □
 5 □ - - ■ - - - - □ - - ■ - - - ■ - -
 4 - - - - - - - - - - - - - - - - - -
 3 □ - - ■ - ■ - ■ - ■ - - - ■ - - - ■
 2 - - - - - - - - - - - - ■ - ■ - - -
 1 □ - □ - □ - □ - □ - □ - - - - - - -
-- a b c d e f g h i j k l m n o p q r
white
(6, j) -> (8, j)
Moving encoding:
['(6, j) ', ' (8, j)']
*** Server Opponent's move ***
18 ■ □ ■ □ ■ □ ■ □ ■ □ ■ □ ■ □ ■ □ ■ □
17 □ ■ □ ■ □ ■ □ ■ □ ■ □ ■ □ ■ □ ■ □ ■
16 ■ □ ■ □ ■ □ ■ □ ■ □ ■ □ ■ □ ■ □ ■ □
15 □ ■ □ ■ □ ■ □ ■ □ ■ □ ■ □ ■ □ ■ □ ■
14 ■ □ ■ □ ■ □ ■ □ ■ □ ■ □ ■ □ ■ □ ■ □
13 □ ■ □ ■ □ ■ □ ■ □ ■ □ ■ □ ■ □ ■ □ ■
12 ■ □ ■ □ ■ □ ■ □ ■ □ ■ □ ■ □ ■ □ ■ □
11 □ ■ □ ■ □ ■ □ ■ □ ■ □ ■ □ ■ □ ■ □ ■
10 ■ □ ■ □ ■ □ ■ □ ■ □ ■ □ ■ □ ■ □ ■ □
 9 □ ■ □ ■ □ ■ □ ■ □ ■ □ ■ □ ■ □ ■ □ ■
 8 ■ □ ■ - - □ ■ □ ■ □ ■ □ ■ □ ■ □ ■ □
 7 - - □ - - ■ - - □ - - - □ ■ □ ■ □ ■
 6 - - - - - - - □ - - - - - - - - - □
 5 □ - - ■ - - - - □ - - ■ - - - ■ - -
 4 - - - - - - - - - - - - - - - - - -
 3 □ - - ■ - ■ - ■ - ■ - - - ■ - - - ■
 2 - - - - - - - - - - - - ■ - ■ - - -
 1 □ - □ - □ - □ - □ - □ - - - - - - -
-- a b c d e f g h i j k l m n o p q r
black
Move[5:9]:[7:9]

Move[6:13]:[6:11]

?Move(147661):

Moving decoding:
[6:13]:[6:11]

*** Motley Crew's move ***
18 ■ □ ■ □ ■ □ ■ □ ■ □ ■ □ ■ □ ■ □ ■ □
17 □ ■ □ ■ □ ■ □ ■ □ ■ □ ■ □ ■ □ ■ □ ■
16 ■ □ ■ □ ■ □ ■ □ ■ □ ■ □ ■ □ ■ □ ■ □
15 □ ■ □ ■ □ ■ □ ■ □ ■ □ ■ □ ■ □ ■ □ ■
14 ■ □ ■ □ ■ □ ■ □ ■ □ ■ □ ■ □ ■ □ ■ □
13 □ ■ □ ■ □ ■ □ ■ □ ■ □ ■ □ ■ □ ■ □ ■
12 ■ □ ■ □ ■ □ ■ □ ■ □ ■ □ ■ □ ■ □ ■ □
11 □ ■ □ ■ □ ■ □ ■ □ ■ □ ■ □ ■ □ ■ □ ■
10 ■ □ ■ □ ■ □ ■ □ ■ □ ■ □ ■ □ ■ □ ■ □
 9 □ ■ □ ■ □ ■ □ ■ □ ■ □ ■ □ ■ □ ■ □ ■
 8 ■ □ ■ - - □ ■ □ ■ □ ■ □ ■ □ ■ □ ■ □
 7 - - □ - - ■ - - □ - - ■ - - □ ■ □ ■
 6 - - - - - - - □ - - - - - - - - - □
 5 □ - - ■ - - - - □ - - ■ - - - ■ - -
 4 - - - - - - - - - - - - - - - - - -
 3 □ - - ■ - ■ - ■ - ■ - - - ■ - - - ■
 2 - - - - - - - - - - - - ■ - ■ - - -
 1 □ - □ - □ - □ - □ - □ - - - - - - -
-- a b c d e f g h i j k l m n o p q r
white
(8, b) -> (8, d)
Moving encoding:
['(8, b) ', ' (8, d)']
*** Server Opponent's move ***
18 ■ □ ■ □ ■ □ ■ □ ■ □ ■ □ ■ □ ■ □ ■ □
17 □ ■ □ ■ □ ■ □ ■ □ ■ □ ■ □ ■ □ ■ □ ■
16 ■ □ ■ □ ■ □ ■ □ ■ □ ■ □ ■ □ ■ □ ■ □
15 □ ■ □ ■ □ ■ □ ■ □ ■ □ ■ □ ■ □ ■ □ ■
14 ■ □ ■ □ ■ □ ■ □ ■ □ ■ □ ■ □ ■ □ ■ □
13 □ ■ □ ■ □ ■ □ ■ □ ■ □ ■ □ ■ □ ■ □ ■
12 ■ □ ■ □ ■ □ ■ □ ■ □ ■ □ ■ □ ■ □ ■ □
11 □ ■ □ ■ □ ■ □ ■ □ ■ □ ■ □ ■ □ ■ □ ■
10 ■ □ ■ □ ■ □ ■ □ ■ □ ■ □ ■ □ ■ □ ■ □
 9 □ ■ □ ■ □ ■ □ ■ □ ■ □ ■ □ ■ □ ■ □ ■
 8 ■ - - □ - □ ■ □ ■ □ ■ □ ■ □ ■ □ ■ □
 7 - - □ - - ■ - - □ - - ■ - - □ ■ □ ■
 6 - - - - - - - □ - - - - - - - - - □
 5 □ - - ■ - - - - □ - - ■ - - - ■ - -
 4 - - - - - - - - - - - - - - - - - -
 3 □ - - ■ - ■ - ■ - ■ - - - ■ - - - ■
 2 - - - - - - - - - - - - ■ - ■ - - -
 1 □ - □ - □ - □ - □ - □ - - - - - - -
-- a b c d e f g h i j k l m n o p q r
black
Move[7:1]:[7:3]

Move[6:15]:[6:13]

?Move(147082):

Moving decoding:
[6:15]:[6:13]

*** Motley Crew's move ***
18 ■ □ ■ □ ■ □ ■ □ ■ □ ■ □ ■ □ ■ □ ■ □
17 □ ■ □ ■ □ ■ □ ■ □ ■ □ ■ □ ■ □ ■ □ ■
16 ■ □ ■ □ ■ □ ■ □ ■ □ ■ □ ■ □ ■ □ ■ □
15 □ ■ □ ■ □ ■ □ ■ □ ■ □ ■ □ ■ □ ■ □ ■
14 ■ □ ■ □ ■ □ ■ □ ■ □ ■ □ ■ □ ■ □ ■ □
13 □ ■ □ ■ □ ■ □ ■ □ ■ □ ■ □ ■ □ ■ □ ■
12 ■ □ ■ □ ■ □ ■ □ ■ □ ■ □ ■ □ ■ □ ■ □
11 □ ■ □ ■ □ ■ □ ■ □ ■ □ ■ □ ■ □ ■ □ ■
10 ■ □ ■ □ ■ □ ■ □ ■ □ ■ □ ■ □ ■ □ ■ □
 9 □ ■ □ ■ □ ■ □ ■ □ ■ □ ■ □ ■ □ ■ □ ■
 8 ■ - - □ - □ ■ □ ■ □ ■ □ ■ □ ■ □ ■ □
 7 - - □ - - ■ - - □ - - ■ - ■ - - □ ■
 6 - - - - - - - □ - - - - - - - - - □
 5 □ - - ■ - - - - □ - - ■ - - - ■ - -
 4 - - - - - - - - - - - - - - - - - -
 3 □ - - ■ - ■ - ■ - ■ - - - ■ - - - ■
 2 - - - - - - - - - - - - ■ - ■ - - -
 1 □ - □ - □ - □ - □ - □ - - - - - - -
-- a b c d e f g h i j k l m n o p q r
white
(8, f) -> (6, f)
Moving encoding:
['(8, f) ', ' (6, f)']
*** Server Opponent's move ***
18 ■ □ ■ □ ■ □ ■ □ ■ □ ■ □ ■ □ ■ □ ■ □
17 □ ■ □ ■ □ ■ □ ■ □ ■ □ ■ □ ■ □ ■ □ ■
16 ■ □ ■ □ ■ □ ■ □ ■ □ ■ □ ■ □ ■ □ ■ □
15 □ ■ □ ■ □ ■ □ ■ □ ■ □ ■ □ ■ □ ■ □ ■
14 ■ □ ■ □ ■ □ ■ □ ■ □ ■ □ ■ □ ■ □ ■ □
13 □ ■ □ ■ □ ■ □ ■ □ ■ □ ■ □ ■ □ ■ □ ■
12 ■ □ ■ □ ■ □ ■ □ ■ □ ■ □ ■ □ ■ □ ■ □
11 □ ■ □ ■ □ ■ □ ■ □ ■ □ ■ □ ■ □ ■ □ ■
10 ■ □ ■ □ ■ □ ■ □ ■ □ ■ □ ■ □ ■ □ ■ □
 9 □ ■ □ ■ □ ■ □ ■ □ ■ □ ■ □ ■ □ ■ □ ■
 8 ■ - - □ - - ■ □ ■ □ ■ □ ■ □ ■ □ ■ □
 7 - - □ - - - - - □ - - ■ - ■ - - □ ■
 6 - - - - - □ - □ - - - - - - - - - □
 5 □ - - ■ - - - - □ - - ■ - - - ■ - -
 4 - - - - - - - - - - - - - - - - - -
 3 □ - - ■ - ■ - ■ - ■ - - - ■ - - - ■
 2 - - - - - - - - - - - - ■ - ■ - - -
 1 □ - □ - □ - □ - □ - □ - - - - - - -
-- a b c d e f g h i j k l m n o p q r
black
Move[7:5]:[5:5]

Move[6:17]:[6:15]

?Move(146528):

Moving decoding:
[6:17]:[6:15]

*** Motley Crew's move ***
18 ■ □ ■ □ ■ □ ■ □ ■ □ ■ □ ■ □ ■ □ ■ □
17 □ ■ □ ■ □ ■ □ ■ □ ■ □ ■ □ ■ □ ■ □ ■
16 ■ □ ■ □ ■ □ ■ □ ■ □ ■ □ ■ □ ■ □ ■ □
15 □ ■ □ ■ □ ■ □ ■ □ ■ □ ■ □ ■ □ ■ □ ■
14 ■ □ ■ □ ■ □ ■ □ ■ □ ■ □ ■ □ ■ □ ■ □
13 □ ■ □ ■ □ ■ □ ■ □ ■ □ ■ □ ■ □ ■ □ ■
12 ■ □ ■ □ ■ □ ■ □ ■ □ ■ □ ■ □ ■ □ ■ □
11 □ ■ □ ■ □ ■ □ ■ □ ■ □ ■ □ ■ □ ■ □ ■
10 ■ □ ■ □ ■ □ ■ □ ■ □ ■ □ ■ □ ■ □ ■ □
 9 □ ■ □ ■ □ ■ □ ■ □ ■ □ ■ □ ■ □ ■ □ ■
 8 ■ - - □ - - ■ □ ■ □ ■ □ ■ □ ■ □ ■ □
 7 - - □ - - - - - □ - - ■ - ■ - ■ - -
 6 - - - - - □ - □ - - - - - - - - - □
 5 □ - - ■ - - - - □ - - ■ - - - ■ - -
 4 - - - - - - - - - - - - - - - - - -
 3 □ - - ■ - ■ - ■ - ■ - - - ■ - - - ■
 2 - - - - - - - - - - - - ■ - ■ - - -
 1 □ - □ - □ - □ - □ - □ - - - - - - -
-- a b c d e f g h i j k l m n o p q r
white
(8, h) -> (8, f)
Moving encoding:
['(8, h) ', ' (8, f)']
*** Server Opponent's move ***
18 ■ □ ■ □ ■ □ ■ □ ■ □ ■ □ ■ □ ■ □ ■ □
17 □ ■ □ ■ □ ■ □ ■ □ ■ □ ■ □ ■ □ ■ □ ■
16 ■ □ ■ □ ■ □ ■ □ ■ □ ■ □ ■ □ ■ □ ■ □
15 □ ■ □ ■ □ ■ □ ■ □ ■ □ ■ □ ■ □ ■ □ ■
14 ■ □ ■ □ ■ □ ■ □ ■ □ ■ □ ■ □ ■ □ ■ □
13 □ ■ □ ■ □ ■ □ ■ □ ■ □ ■ □ ■ □ ■ □ ■
12 ■ □ ■ □ ■ □ ■ □ ■ □ ■ □ ■ □ ■ □ ■ □
11 □ ■ □ ■ □ ■ □ ■ □ ■ □ ■ □ ■ □ ■ □ ■
10 ■ □ ■ □ ■ □ ■ □ ■ □ ■ □ ■ □ ■ □ ■ □
 9 □ ■ □ ■ □ ■ □ ■ □ ■ □ ■ □ ■ □ ■ □ ■
 8 ■ - - □ - □ - - ■ □ ■ □ ■ □ ■ □ ■ □
 7 - - □ - - - - - □ - - ■ - ■ - ■ - -
 6 - - - - - □ - □ - - - - - - - - - □
 5 □ - - ■ - - - - □ - - ■ - - - ■ - -
 4 - - - - - - - - - - - - - - - - - -
 3 □ - - ■ - ■ - ■ - ■ - - - ■ - - - ■
 2 - - - - - - - - - - - - ■ - ■ - - -
 1 □ - □ - □ - □ - □ - □ - - - - - - -
-- a b c d e f g h i j k l m n o p q r
black
Move[7:7]:[7:5]

Move[7:8]:[5:8]

?Move(145711):

Moving decoding:
[7:8]:[5:8]

*** Motley Crew's move ***
18 ■ □ ■ □ ■ □ ■ □ ■ □ ■ □ ■ □ ■ □ ■ □
17 □ ■ □ ■ □ ■ □ ■ □ ■ □ ■ □ ■ □ ■ □ ■
16 ■ □ ■ □ ■ □ ■ □ ■ □ ■ □ ■ □ ■ □ ■ □
15 □ ■ □ ■ □ ■ □ ■ □ ■ □ ■ □ ■ □ ■ □ ■
14 ■ □ ■ □ ■ □ ■ □ ■ □ ■ □ ■ □ ■ □ ■ □
13 □ ■ □ ■ □ ■ □ ■ □ ■ □ ■ □ ■ □ ■ □ ■
12 ■ □ ■ □ ■ □ ■ □ ■ □ ■ □ ■ □ ■ □ ■ □
11 □ ■ □ ■ □ ■ □ ■ □ ■ □ ■ □ ■ □ ■ □ ■
10 ■ □ ■ □ ■ □ ■ □ ■ □ ■ □ ■ □ ■ □ ■ □
 9 □ ■ □ ■ □ ■ □ ■ □ ■ □ ■ □ ■ □ ■ □ ■
 8 ■ - - □ - □ - - - □ ■ □ ■ □ ■ □ ■ □
 7 - - □ - - - - - - - - ■ - ■ - ■ - -
 6 - - - - - □ - □ ■ - - - - - - - - □
 5 □ - - ■ - - - - □ - - ■ - - - ■ - -
 4 - - - - - - - - - - - - - - - - - -
 3 □ - - ■ - ■ - ■ - ■ - - - ■ - - - ■
 2 - - - - - - - - - - - - ■ - ■ - - -
 1 □ - □ - □ - □ - □ - □ - - - - - - -
-- a b c d e f g h i j k l m n o p q r
white
(5, i) -> (7, i)
Moving encoding:
['(5, i) ', ' (7, i)']
*** Server Opponent's move ***
18 ■ □ ■ □ ■ □ ■ □ ■ □ ■ □ ■ □ ■ □ ■ □
17 □ ■ □ ■ □ ■ □ ■ □ ■ □ ■ □ ■ □ ■ □ ■
16 ■ □ ■ □ ■ □ ■ □ ■ □ ■ □ ■ □ ■ □ ■ □
15 □ ■ □ ■ □ ■ □ ■ □ ■ □ ■ □ ■ □ ■ □ ■
14 ■ □ ■ □ ■ □ ■ □ ■ □ ■ □ ■ □ ■ □ ■ □
13 □ ■ □ ■ □ ■ □ ■ □ ■ □ ■ □ ■ □ ■ □ ■
12 ■ □ ■ □ ■ □ ■ □ ■ □ ■ □ ■ □ ■ □ ■ □
11 □ ■ □ ■ □ ■ □ ■ □ ■ □ ■ □ ■ □ ■ □ ■
10 ■ □ ■ □ ■ □ ■ □ ■ □ ■ □ ■ □ ■ □ ■ □
 9 □ ■ □ ■ □ ■ □ ■ □ ■ □ ■ □ ■ □ ■ □ ■
 8 ■ - - □ - □ - - - □ ■ □ ■ □ ■ □ ■ □
 7 - - □ - - - - - □ - - ■ - ■ - ■ - -
 6 - - - - - □ - □ - - - - - - - - - □
 5 □ - - ■ - - - - - - - ■ - - - ■ - -
 4 - - - - - - - - - - - - - - - - - -
 3 □ - - ■ - ■ - ■ - ■ - - - ■ - - - ■
 2 - - - - - - - - - - - - ■ - ■ - - -
 1 □ - □ - □ - □ - □ - □ - - - - - - -
-- a b c d e f g h i j k l m n o p q r
black
Move[4:8]:[6:8]

Move[7:10]:[7:8]

?Move(144958):

Moving decoding:
[7:10]:[7:8]

*** Motley Crew's move ***
18 ■ □ ■ □ ■ □ ■ □ ■ □ ■ □ ■ □ ■ □ ■ □
17 □ ■ □ ■ □ ■ □ ■ □ ■ □ ■ □ ■ □ ■ □ ■
16 ■ □ ■ □ ■ □ ■ □ ■ □ ■ □ ■ □ ■ □ ■ □
15 □ ■ □ ■ □ ■ □ ■ □ ■ □ ■ □ ■ □ ■ □ ■
14 ■ □ ■ □ ■ □ ■ □ ■ □ ■ □ ■ □ ■ □ ■ □
13 □ ■ □ ■ □ ■ □ ■ □ ■ □ ■ □ ■ □ ■ □ ■
12 ■ □ ■ □ ■ □ ■ □ ■ □ ■ □ ■ □ ■ □ ■ □
11 □ ■ □ ■ □ ■ □ ■ □ ■ □ ■ □ ■ □ ■ □ ■
10 ■ □ ■ □ ■ □ ■ □ ■ □ ■ □ ■ □ ■ □ ■ □
 9 □ ■ □ ■ □ ■ □ ■ □ ■ □ ■ □ ■ □ ■ □ ■
 8 ■ - - □ - □ - - ■ - - □ ■ □ ■ □ ■ □
 7 - - □ - - - - - □ - - ■ - ■ - ■ - -
 6 - - - - - □ - □ - - - - - - - - - □
 5 □ - - ■ - - - - - - - ■ - - - ■ - -
 4 - - - - - - - - - - - - - - - - - -
 3 □ - - ■ - ■ - ■ - ■ - - - ■ - - - ■
 2 - - - - - - - - - - - - ■ - ■ - - -
 1 □ - □ - □ - □ - □ - □ - - - - - - -
-- a b c d e f g h i j k l m n o p q r
white
(8, l) -> (6, l)
Moving encoding:
['(8, l) ', ' (6, l)']
*** Server Opponent's move ***
18 ■ □ ■ □ ■ □ ■ □ ■ □ ■ □ ■ □ ■ □ ■ □
17 □ ■ □ ■ □ ■ □ ■ □ ■ □ ■ □ ■ □ ■ □ ■
16 ■ □ ■ □ ■ □ ■ □ ■ □ ■ □ ■ □ ■ □ ■ □
15 □ ■ □ ■ □ ■ □ ■ □ ■ □ ■ □ ■ □ ■ □ ■
14 ■ □ ■ □ ■ □ ■ □ ■ □ ■ □ ■ □ ■ □ ■ □
13 □ ■ □ ■ □ ■ □ ■ □ ■ □ ■ □ ■ □ ■ □ ■
12 ■ □ ■ □ ■ □ ■ □ ■ □ ■ □ ■ □ ■ □ ■ □
11 □ ■ □ ■ □ ■ □ ■ □ ■ □ ■ □ ■ □ ■ □ ■
10 ■ □ ■ □ ■ □ ■ □ ■ □ ■ □ ■ □ ■ □ ■ □
 9 □ ■ □ ■ □ ■ □ ■ □ ■ □ ■ □ ■ □ ■ □ ■
 8 ■ - - □ - □ - - ■ - - - ■ □ ■ □ ■ □
 7 - - □ - - - - - □ - - - - ■ - ■ - -
 6 - - - - - □ - □ - - - □ - - - - - □
 5 □ - - ■ - - - - - - - ■ - - - ■ - -
 4 - - - - - - - - - - - - - - - - - -
 3 □ - - ■ - ■ - ■ - ■ - - - ■ - - - ■
 2 - - - - - - - - - - - - ■ - ■ - - -
 1 □ - □ - □ - □ - □ - □ - - - - - - -
-- a b c d e f g h i j k l m n o p q r
black
Move[7:11]:[5:11]

Move[4:11]:[6:11]

?Move(144323):

Moving decoding:
[4:11]:[6:11]

*** Motley Crew's move ***
18 ■ □ ■ □ ■ □ ■ □ ■ □ ■ □ ■ □ ■ □ ■ □
17 □ ■ □ ■ □ ■ □ ■ □ ■ □ ■ □ ■ □ ■ □ ■
16 ■ □ ■ □ ■ □ ■ □ ■ □ ■ □ ■ □ ■ □ ■ □
15 □ ■ □ ■ □ ■ □ ■ □ ■ □ ■ □ ■ □ ■ □ ■
14 ■ □ ■ □ ■ □ ■ □ ■ □ ■ □ ■ □ ■ □ ■ □
13 □ ■ □ ■ □ ■ □ ■ □ ■ □ ■ □ ■ □ ■ □ ■
12 ■ □ ■ □ ■ □ ■ □ ■ □ ■ □ ■ □ ■ □ ■ □
11 □ ■ □ ■ □ ■ □ ■ □ ■ □ ■ □ ■ □ ■ □ ■
10 ■ □ ■ □ ■ □ ■ □ ■ □ ■ □ ■ □ ■ □ ■ □
 9 □ ■ □ ■ □ ■ □ ■ □ ■ □ ■ □ ■ □ ■ □ ■
 8 ■ - - □ - □ - - ■ - - - ■ □ ■ □ ■ □
 7 - - □ - - - - - □ - - ■ - ■ - ■ - -
 6 - - - - - □ - □ - - - - - - - - - □
 5 □ - - ■ - - - - - - - - - - - ■ - -
 4 - - - - - - - - - - - - - - - - - -
 3 □ - - ■ - ■ - ■ - ■ - - - ■ - - - ■
 2 - - - - - - - - - - - - ■ - ■ - - -
 1 □ - □ - □ - □ - □ - □ - - - - - - -
-- a b c d e f g h i j k l m n o p q r
white
(8, n) -> (8, l)
Moving encoding:
['(8, n) ', ' (8, l)']
*** Server Opponent's move ***
18 ■ □ ■ □ ■ □ ■ □ ■ □ ■ □ ■ □ ■ □ ■ □
17 □ ■ □ ■ □ ■ □ ■ □ ■ □ ■ □ ■ □ ■ □ ■
16 ■ □ ■ □ ■ □ ■ □ ■ □ ■ □ ■ □ ■ □ ■ □
15 □ ■ □ ■ □ ■ □ ■ □ ■ □ ■ □ ■ □ ■ □ ■
14 ■ □ ■ □ ■ □ ■ □ ■ □ ■ □ ■ □ ■ □ ■ □
13 □ ■ □ ■ □ ■ □ ■ □ ■ □ ■ □ ■ □ ■ □ ■
12 ■ □ ■ □ ■ □ ■ □ ■ □ ■ □ ■ □ ■ □ ■ □
11 □ ■ □ ■ □ ■ □ ■ □ ■ □ ■ □ ■ □ ■ □ ■
10 ■ □ ■ □ ■ □ ■ □ ■ □ ■ □ ■ □ ■ □ ■ □
 9 □ ■ □ ■ □ ■ □ ■ □ ■ □ ■ □ ■ □ ■ □ ■
 8 ■ - - □ - □ - - ■ - - □ - - ■ □ ■ □
 7 - - □ - - - - - □ - - ■ - ■ - ■ - -
 6 - - - - - □ - □ - - - - - - - - - □
 5 □ - - ■ - - - - - - - - - - - ■ - -
 4 - - - - - - - - - - - - - - - - - -
 3 □ - - ■ - ■ - ■ - ■ - - - ■ - - - ■
 2 - - - - - - - - - - - - ■ - ■ - - -
 1 □ - □ - □ - □ - □ - □ - - - - - - -
-- a b c d e f g h i j k l m n o p q r
black
Move[7:13]:[7:11]

Move[7:8]:[5:8]

?Move(143621):

Moving decoding:
[7:8]:[5:8]

*** Motley Crew's move ***
18 ■ □ ■ □ ■ □ ■ □ ■ □ ■ □ ■ □ ■ □ ■ □
17 □ ■ □ ■ □ ■ □ ■ □ ■ □ ■ □ ■ □ ■ □ ■
16 ■ □ ■ □ ■ □ ■ □ ■ □ ■ □ ■ □ ■ □ ■ □
15 □ ■ □ ■ □ ■ □ ■ □ ■ □ ■ □ ■ □ ■ □ ■
14 ■ □ ■ □ ■ □ ■ □ ■ □ ■ □ ■ □ ■ □ ■ □
13 □ ■ □ ■ □ ■ □ ■ □ ■ □ ■ □ ■ □ ■ □ ■
12 ■ □ ■ □ ■ □ ■ □ ■ □ ■ □ ■ □ ■ □ ■ □
11 □ ■ □ ■ □ ■ □ ■ □ ■ □ ■ □ ■ □ ■ □ ■
10 ■ □ ■ □ ■ □ ■ □ ■ □ ■ □ ■ □ ■ □ ■ □
 9 □ ■ □ ■ □ ■ □ ■ □ ■ □ ■ □ ■ □ ■ □ ■
 8 ■ - - □ - □ - - - - - □ - - ■ □ ■ □
 7 - - □ - - - - - - - - ■ - ■ - ■ - -
 6 - - - - - □ - □ ■ - - - - - - - - □
 5 □ - - ■ - - - - - - - - - - - ■ - -
 4 - - - - - - - - - - - - - - - - - -
 3 □ - - ■ - ■ - ■ - ■ - - - ■ - - - ■
 2 - - - - - - - - - - - - ■ - ■ - - -
 1 □ - □ - □ - □ - □ - □ - - - - - - -
-- a b c d e f g h i j k l m n o p q r
white
(6, h) -> (6, j)
Moving encoding:
['(6, h) ', ' (6, j)']
*** Server Opponent's move ***
18 ■ □ ■ □ ■ □ ■ □ ■ □ ■ □ ■ □ ■ □ ■ □
17 □ ■ □ ■ □ ■ □ ■ □ ■ □ ■ □ ■ □ ■ □ ■
16 ■ □ ■ □ ■ □ ■ □ ■ □ ■ □ ■ □ ■ □ ■ □
15 □ ■ □ ■ □ ■ □ ■ □ ■ □ ■ □ ■ □ ■ □ ■
14 ■ □ ■ □ ■ □ ■ □ ■ □ ■ □ ■ □ ■ □ ■ □
13 □ ■ □ ■ □ ■ □ ■ □ ■ □ ■ □ ■ □ ■ □ ■
12 ■ □ ■ □ ■ □ ■ □ ■ □ ■ □ ■ □ ■ □ ■ □
11 □ ■ □ ■ □ ■ □ ■ □ ■ □ ■ □ ■ □ ■ □ ■
10 ■ □ ■ □ ■ □ ■ □ ■ □ ■ □ ■ □ ■ □ ■ □
 9 □ ■ □ ■ □ ■ □ ■ □ ■ □ ■ □ ■ □ ■ □ ■
 8 ■ - - □ - □ - - - - - □ - - ■ □ ■ □
 7 - - □ - - - - - - - - ■ - ■ - ■ - -
 6 - - - - - □ - - - □ - - - - - - - □
 5 □ - - ■ - - - - - - - - - - - ■ - -
 4 - - - - - - - - - - - - - - - - - -
 3 □ - - ■ - ■ - ■ - ■ - - - ■ - - - ■
 2 - - - - - - - - - - - - ■ - ■ - - -
 1 □ - □ - □ - □ - □ - □ - - - - - - -
-- a b c d e f g h i j k l m n o p q r
black
Move[5:7]:[5:9]

Move[8:3]:[6:3]

?Move(142974):

Moving decoding:
[8:3]:[6:3]

*** Motley Crew's move ***
18 ■ □ ■ □ ■ □ ■ □ ■ □ ■ □ ■ □ ■ □ ■ □
17 □ ■ □ ■ □ ■ □ ■ □ ■ □ ■ □ ■ □ ■ □ ■
16 ■ □ ■ □ ■ □ ■ □ ■ □ ■ □ ■ □ ■ □ ■ □
15 □ ■ □ ■ □ ■ □ ■ □ ■ □ ■ □ ■ □ ■ □ ■
14 ■ □ ■ □ ■ □ ■ □ ■ □ ■ □ ■ □ ■ □ ■ □
13 □ ■ □ ■ □ ■ □ ■ □ ■ □ ■ □ ■ □ ■ □ ■
12 ■ □ ■ □ ■ □ ■ □ ■ □ ■ □ ■ □ ■ □ ■ □
11 □ ■ □ ■ □ ■ □ ■ □ ■ □ ■ □ ■ □ ■ □ ■
10 ■ □ ■ □ ■ □ ■ □ ■ □ ■ □ ■ □ ■ □ ■ □
 9 □ ■ □ - □ ■ □ ■ □ ■ □ ■ □ ■ □ ■ □ ■
 8 ■ - - - - □ - - - - - □ - - ■ □ ■ □
 7 - - □ ■ - - - - - - - ■ - ■ - ■ - -
 6 - - - - - □ - - - □ - - - - - - - □
 5 □ - - ■ - - - - - - - - - - - ■ - -
 4 - - - - - - - - - - - - - - - - - -
 3 □ - - ■ - ■ - ■ - ■ - - - ■ - - - ■
 2 - - - - - - - - - - - - ■ - ■ - - -
 1 □ - □ - □ - □ - □ - □ - - - - - - -
-- a b c d e f g h i j k l m n o p q r
white
(7, c) -> (7, e)
Moving encoding:
['(7, c) ', ' (7, e)']
*** Server Opponent's move ***
18 ■ □ ■ □ ■ □ ■ □ ■ □ ■ □ ■ □ ■ □ ■ □
17 □ ■ □ ■ □ ■ □ ■ □ ■ □ ■ □ ■ □ ■ □ ■
16 ■ □ ■ □ ■ □ ■ □ ■ □ ■ □ ■ □ ■ □ ■ □
15 □ ■ □ ■ □ ■ □ ■ □ ■ □ ■ □ ■ □ ■ □ ■
14 ■ □ ■ □ ■ □ ■ □ ■ □ ■ □ ■ □ ■ □ ■ □
13 □ ■ □ ■ □ ■ □ ■ □ ■ □ ■ □ ■ □ ■ □ ■
12 ■ □ ■ □ ■ □ ■ □ ■ □ ■ □ ■ □ ■ □ ■ □
11 □ ■ □ ■ □ ■ □ ■ □ ■ □ ■ □ ■ □ ■ □ ■
10 ■ □ ■ □ ■ □ ■ □ ■ □ ■ □ ■ □ ■ □ ■ □
 9 □ ■ □ - □ ■ □ ■ □ ■ □ ■ □ ■ □ ■ □ ■
 8 ■ - - - - □ - - - - - □ - - ■ □ ■ □
 7 - - - - □ - - - - - - ■ - ■ - ■ - -
 6 - - - - - □ - - - □ - - - - - - - □
 5 □ - - ■ - - - - - - - - - - - ■ - -
 4 - - - - - - - - - - - - - - - - - -
 3 □ - - ■ - ■ - ■ - ■ - - - ■ - - - ■
 2 - - - - - - - - - - - - ■ - ■ - - -
 1 □ - □ - □ - □ - □ - □ - - - - - - -
-- a b c d e f g h i j k l m n o p q r
black
Move[6:2]:[6:4]

Move[8:1]:[8:3]

?Move(142303):

Moving decoding:
[8:1]:[8:3]

*** Motley Crew's move ***
18 ■ □ ■ □ ■ □ ■ □ ■ □ ■ □ ■ □ ■ □ ■ □
17 □ ■ □ ■ □ ■ □ ■ □ ■ □ ■ □ ■ □ ■ □ ■
16 ■ □ ■ □ ■ □ ■ □ ■ □ ■ □ ■ □ ■ □ ■ □
15 □ ■ □ ■ □ ■ □ ■ □ ■ □ ■ □ ■ □ ■ □ ■
14 ■ □ ■ □ ■ □ ■ □ ■ □ ■ □ ■ □ ■ □ ■ □
13 □ ■ □ ■ □ ■ □ ■ □ ■ □ ■ □ ■ □ ■ □ ■
12 ■ □ ■ □ ■ □ ■ □ ■ □ ■ □ ■ □ ■ □ ■ □
11 □ ■ □ ■ □ ■ □ ■ □ ■ □ ■ □ ■ □ ■ □ ■
10 ■ □ ■ □ ■ □ ■ □ ■ □ ■ □ ■ □ ■ □ ■ □
 9 □ - - ■ □ ■ □ ■ □ ■ □ ■ □ ■ □ ■ □ ■
 8 ■ - - - - □ - - - - - □ - - ■ □ ■ □
 7 - - - - □ - - - - - - ■ - ■ - ■ - -
 6 - - - - - □ - - - □ - - - - - - - □
 5 □ - - ■ - - - - - - - - - - - ■ - -
 4 - - - - - - - - - - - - - - - - - -
 3 □ - - ■ - ■ - ■ - ■ - - - ■ - - - ■
 2 - - - - - - - - - - - - ■ - ■ - - -
 1 □ - □ - □ - □ - □ - □ - - - - - - -
-- a b c d e f g h i j k l m n o p q r
white
(8, l) -> (6, l)
Moving encoding:
['(8, l) ', ' (6, l)']
*** Server Opponent's move ***
18 ■ □ ■ □ ■ □ ■ □ ■ □ ■ □ ■ □ ■ □ ■ □
17 □ ■ □ ■ □ ■ □ ■ □ ■ □ ■ □ ■ □ ■ □ ■
16 ■ □ ■ □ ■ □ ■ □ ■ □ ■ □ ■ □ ■ □ ■ □
15 □ ■ □ ■ □ ■ □ ■ □ ■ □ ■ □ ■ □ ■ □ ■
14 ■ □ ■ □ ■ □ ■ □ ■ □ ■ □ ■ □ ■ □ ■ □
13 □ ■ □ ■ □ ■ □ ■ □ ■ □ ■ □ ■ □ ■ □ ■
12 ■ □ ■ □ ■ □ ■ □ ■ □ ■ □ ■ □ ■ □ ■ □
11 □ ■ □ ■ □ ■ □ ■ □ ■ □ ■ □ ■ □ ■ □ ■
10 ■ □ ■ □ ■ □ ■ □ ■ □ ■ □ ■ □ ■ □ ■ □
 9 □ - - ■ □ ■ □ ■ □ ■ □ ■ □ ■ □ ■ □ ■
 8 ■ - - - - □ - - - - - - - - ■ □ ■ □
 7 - - - - □ - - - - - - - - ■ - ■ - -
 6 - - - - - □ - - - □ - □ - - - - - □
 5 □ - - ■ - - - - - - - - - - - ■ - -
 4 - - - - - - - - - - - - - - - - - -
 3 □ - - ■ - ■ - ■ - ■ - - - ■ - - - ■
 2 - - - - - - - - - - - - ■ - ■ - - -
 1 □ - □ - □ - □ - □ - □ - - - - - - -
-- a b c d e f g h i j k l m n o p q r
black
Move[7:11]:[5:11]

Move[8:5]:[6:5]

?Move(141546):

Moving decoding:
[8:5]:[6:5]

*** Motley Crew's move ***
18 ■ □ ■ □ ■ □ ■ □ ■ □ ■ □ ■ □ ■ □ ■ □
17 □ ■ □ ■ □ ■ □ ■ □ ■ □ ■ □ ■ □ ■ □ ■
16 ■ □ ■ □ ■ □ ■ □ ■ □ ■ □ ■ □ ■ □ ■ □
15 □ ■ □ ■ □ ■ □ ■ □ ■ □ ■ □ ■ □ ■ □ ■
14 ■ □ ■ □ ■ □ ■ □ ■ □ ■ □ ■ □ ■ □ ■ □
13 □ ■ □ ■ □ ■ □ ■ □ ■ □ ■ □ ■ □ ■ □ ■
12 ■ □ ■ □ ■ □ ■ □ ■ □ ■ □ ■ □ ■ □ ■ □
11 □ ■ □ ■ □ ■ □ ■ □ ■ □ ■ □ ■ □ ■ □ ■
10 ■ □ ■ □ ■ □ ■ □ ■ □ ■ □ ■ □ ■ □ ■ □
 9 □ - - ■ □ - □ ■ □ ■ □ ■ □ ■ □ ■ □ ■
 8 ■ - - - - - - - - - - - - - ■ □ ■ □
 7 - - - - □ ■ - - - - - - - ■ - ■ - -
 6 - - - - - □ - - - □ - □ - - - - - □
 5 □ - - ■ - - - - - - - - - - - ■ - -
 4 - - - - - - - - - - - - - - - - - -
 3 □ - - ■ - ■ - ■ - ■ - - - ■ - - - ■
 2 - - - - - - - - - - - - ■ - ■ - - -
 1 □ - □ - □ - □ - □ - □ - - - - - - -
-- a b c d e f g h i j k l m n o p q r
white
(6, f) -> (8, f)
Moving encoding:
['(6, f) ', ' (8, f)']
*** Server Opponent's move ***
18 ■ □ ■ □ ■ □ ■ □ ■ □ ■ □ ■ □ ■ □ ■ □
17 □ ■ □ ■ □ ■ □ ■ □ ■ □ ■ □ ■ □ ■ □ ■
16 ■ □ ■ □ ■ □ ■ □ ■ □ ■ □ ■ □ ■ □ ■ □
15 □ ■ □ ■ □ ■ □ ■ □ ■ □ ■ □ ■ □ ■ □ ■
14 ■ □ ■ □ ■ □ ■ □ ■ □ ■ □ ■ □ ■ □ ■ □
13 □ ■ □ ■ □ ■ □ ■ □ ■ □ ■ □ ■ □ ■ □ ■
12 ■ □ ■ □ ■ □ ■ □ ■ □ ■ □ ■ □ ■ □ ■ □
11 □ ■ □ ■ □ ■ □ ■ □ ■ □ ■ □ ■ □ ■ □ ■
10 ■ □ ■ □ ■ □ ■ □ ■ □ ■ □ ■ □ ■ □ ■ □
 9 □ - - ■ □ - □ ■ □ ■ □ ■ □ ■ □ ■ □ ■
 8 ■ - - - - □ - - - - - - - - ■ □ ■ □
 7 - - - - □ - - - - - - - - ■ - ■ - -
 6 - - - - - - - - - □ - □ - - - - - □
 5 □ - - ■ - - - - - - - - - - - ■ - -
 4 - - - - - - - - - - - - - - - - - -
 3 □ - - ■ - ■ - ■ - ■ - - - ■ - - - ■
 2 - - - - - - - - - - - - ■ - ■ - - -
 1 □ - □ - □ - □ - □ - □ - - - - - - -
-- a b c d e f g h i j k l m n o p q r
black
Move[5:5]:[7:5]

Move[8:3]:[8:5]

?Move(140650):

Moving decoding:
[8:3]:[8:5]

*** Motley Crew's move ***
18 ■ □ ■ □ ■ □ ■ □ ■ □ ■ □ ■ □ ■ □ ■ □
17 □ ■ □ ■ □ ■ □ ■ □ ■ □ ■ □ ■ □ ■ □ ■
16 ■ □ ■ □ ■ □ ■ □ ■ □ ■ □ ■ □ ■ □ ■ □
15 □ ■ □ ■ □ ■ □ ■ □ ■ □ ■ □ ■ □ ■ □ ■
14 ■ □ ■ □ ■ □ ■ □ ■ □ ■ □ ■ □ ■ □ ■ □
13 □ ■ □ ■ □ ■ □ ■ □ ■ □ ■ □ ■ □ ■ □ ■
12 ■ □ ■ □ ■ □ ■ □ ■ □ ■ □ ■ □ ■ □ ■ □
11 □ ■ □ ■ □ ■ □ ■ □ ■ □ ■ □ ■ □ ■ □ ■
10 ■ □ ■ □ ■ □ ■ □ ■ □ ■ □ ■ □ ■ □ ■ □
 9 □ - - - - ■ □ ■ □ ■ □ ■ □ ■ □ ■ □ ■
 8 ■ - - - - □ - - - - - - - - ■ □ ■ □
 7 - - - - □ - - - - - - - - ■ - ■ - -
 6 - - - - - - - - - □ - □ - - - - - □
 5 □ - - ■ - - - - - - - - - - - ■ - -
 4 - - - - - - - - - - - - - - - - - -
 3 □ - - ■ - ■ - ■ - ■ - - - ■ - - - ■
 2 - - - - - - - - - - - - ■ - ■ - - -
 1 □ - □ - □ - □ - □ - □ - - - - - - -
-- a b c d e f g h i j k l m n o p q r
white
(8, p) -> (8, n)
Moving encoding:
['(8, p) ', ' (8, n)']
*** Server Opponent's move ***
18 ■ □ ■ □ ■ □ ■ □ ■ □ ■ □ ■ □ ■ □ ■ □
17 □ ■ □ ■ □ ■ □ ■ □ ■ □ ■ □ ■ □ ■ □ ■
16 ■ □ ■ □ ■ □ ■ □ ■ □ ■ □ ■ □ ■ □ ■ □
15 □ ■ □ ■ □ ■ □ ■ □ ■ □ ■ □ ■ □ ■ □ ■
14 ■ □ ■ □ ■ □ ■ □ ■ □ ■ □ ■ □ ■ □ ■ □
13 □ ■ □ ■ □ ■ □ ■ □ ■ □ ■ □ ■ □ ■ □ ■
12 ■ □ ■ □ ■ □ ■ □ ■ □ ■ □ ■ □ ■ □ ■ □
11 □ ■ □ ■ □ ■ □ ■ □ ■ □ ■ □ ■ □ ■ □ ■
10 ■ □ ■ □ ■ □ ■ □ ■ □ ■ □ ■ □ ■ □ ■ □
 9 □ - - - - ■ □ ■ □ ■ □ ■ □ ■ □ ■ □ ■
 8 ■ - - - - □ - - - - - - - □ - - ■ □
 7 - - - - □ - - - - - - - - ■ - ■ - -
 6 - - - - - - - - - □ - □ - - - - - □
 5 □ - - ■ - - - - - - - - - - - ■ - -
 4 - - - - - - - - - - - - - - - - - -
 3 □ - - ■ - ■ - ■ - ■ - - - ■ - - - ■
 2 - - - - - - - - - - - - ■ - ■ - - -
 1 □ - □ - □ - □ - □ - □ - - - - - - -
-- a b c d e f g h i j k l m n o p q r
black
Move[7:15]:[7:13]

Move[8:5]:[6:5]

?Move(139942):

Moving decoding:
[8:5]:[6:5]

*** Motley Crew's move ***
18 ■ □ ■ □ ■ □ ■ □ ■ □ ■ □ ■ □ ■ □ ■ □
17 □ ■ □ ■ □ ■ □ ■ □ ■ □ ■ □ ■ □ ■ □ ■
16 ■ □ ■ □ ■ □ ■ □ ■ □ ■ □ ■ □ ■ □ ■ □
15 □ ■ □ ■ □ ■ □ ■ □ ■ □ ■ □ ■ □ ■ □ ■
14 ■ □ ■ □ ■ □ ■ □ ■ □ ■ □ ■ □ ■ □ ■ □
13 □ ■ □ ■ □ ■ □ ■ □ ■ □ ■ □ ■ □ ■ □ ■
12 ■ □ ■ □ ■ □ ■ □ ■ □ ■ □ ■ □ ■ □ ■ □
11 □ ■ □ ■ □ ■ □ ■ □ ■ □ ■ □ ■ □ ■ □ ■
10 ■ □ ■ □ ■ □ ■ □ ■ □ ■ □ ■ □ ■ □ ■ □
 9 □ - - - - - □ ■ □ ■ □ ■ □ ■ □ ■ □ ■
 8 ■ - - - - - - - - - - - - □ - - ■ □
 7 - - - - □ ■ - - - - - - - ■ - ■ - -
 6 - - - - - - - - - □ - □ - - - - - □
 5 □ - - ■ - - - - - - - - - - - ■ - -
 4 - - - - - - - - - - - - - - - - - -
 3 □ - - ■ - ■ - ■ - ■ - - - ■ - - - ■
 2 - - - - - - - - - - - - ■ - ■ - - -
 1 □ - □ - □ - □ - □ - □ - - - - - - -
-- a b c d e f g h i j k l m n o p q r
white
(7, e) -> (7, g)
Moving encoding:
['(7, e) ', ' (7, g)']
*** Server Opponent's move ***
18 ■ □ ■ □ ■ □ ■ □ ■ □ ■ □ ■ □ ■ □ ■ □
17 □ ■ □ ■ □ ■ □ ■ □ ■ □ ■ □ ■ □ ■ □ ■
16 ■ □ ■ □ ■ □ ■ □ ■ □ ■ □ ■ □ ■ □ ■ □
15 □ ■ □ ■ □ ■ □ ■ □ ■ □ ■ □ ■ □ ■ □ ■
14 ■ □ ■ □ ■ □ ■ □ ■ □ ■ □ ■ □ ■ □ ■ □
13 □ ■ □ ■ □ ■ □ ■ □ ■ □ ■ □ ■ □ ■ □ ■
12 ■ □ ■ □ ■ □ ■ □ ■ □ ■ □ ■ □ ■ □ ■ □
11 □ ■ □ ■ □ ■ □ ■ □ ■ □ ■ □ ■ □ ■ □ ■
10 ■ □ ■ □ ■ □ ■ □ ■ □ ■ □ ■ □ ■ □ ■ □
 9 □ - - - - - □ ■ □ ■ □ ■ □ ■ □ ■ □ ■
 8 ■ - - - - - - - - - - - - □ - - ■ □
 7 - - - - - - □ - - - - - - ■ - ■ - -
 6 - - - - - - - - - □ - □ - - - - - □
 5 □ - - ■ - - - - - - - - - - - ■ - -
 4 - - - - - - - - - - - - - - - - - -
 3 □ - - ■ - ■ - ■ - ■ - - - ■ - - - ■
 2 - - - - - - - - - - - - ■ - ■ - - -
 1 □ - □ - □ - □ - □ - □ - - - - - - -
-- a b c d e f g h i j k l m n o p q r
black
Move[6:4]:[6:6]

Move[8:7]:[8:5]

?Move(139343):

Moving decoding:
[8:7]:[8:5]

*** Motley Crew's move ***
18 ■ □ ■ □ ■ □ ■ □ ■ □ ■ □ ■ □ ■ □ ■ □
17 □ ■ □ ■ □ ■ □ ■ □ ■ □ ■ □ ■ □ ■ □ ■
16 ■ □ ■ □ ■ □ ■ □ ■ □ ■ □ ■ □ ■ □ ■ □
15 □ ■ □ ■ □ ■ □ ■ □ ■ □ ■ □ ■ □ ■ □ ■
14 ■ □ ■ □ ■ □ ■ □ ■ □ ■ □ ■ □ ■ □ ■ □
13 □ ■ □ ■ □ ■ □ ■ □ ■ □ ■ □ ■ □ ■ □ ■
12 ■ □ ■ □ ■ □ ■ □ ■ □ ■ □ ■ □ ■ □ ■ □
11 □ ■ □ ■ □ ■ □ ■ □ ■ □ ■ □ ■ □ ■ □ ■
10 ■ □ ■ □ ■ □ ■ □ ■ □ ■ □ ■ □ ■ □ ■ □
 9 □ - - - - ■ - - □ ■ □ ■ □ ■ □ ■ □ ■
 8 ■ - - - - - - - - - - - - □ - - ■ □
 7 - - - - - - □ - - - - - - ■ - ■ - -
 6 - - - - - - - - - □ - □ - - - - - □
 5 □ - - ■ - - - - - - - - - - - ■ - -
 4 - - - - - - - - - - - - - - - - - -
 3 □ - - ■ - ■ - ■ - ■ - - - ■ - - - ■
 2 - - - - - - - - - - - - ■ - ■ - - -
 1 □ - □ - □ - □ - □ - □ - - - - - - -
-- a b c d e f g h i j k l m n o p q r
white
(8, n) -> (6, n)
Moving encoding:
['(8, n) ', ' (6, n)']
*** Server Opponent's move ***
18 ■ □ ■ □ ■ □ ■ □ ■ □ ■ □ ■ □ ■ □ ■ □
17 □ ■ □ ■ □ ■ □ ■ □ ■ □ ■ □ ■ □ ■ □ ■
16 ■ □ ■ □ ■ □ ■ □ ■ □ ■ □ ■ □ ■ □ ■ □
15 □ ■ □ ■ □ ■ □ ■ □ ■ □ ■ □ ■ □ ■ □ ■
14 ■ □ ■ □ ■ □ ■ □ ■ □ ■ □ ■ □ ■ □ ■ □
13 □ ■ □ ■ □ ■ □ ■ □ ■ □ ■ □ ■ □ ■ □ ■
12 ■ □ ■ □ ■ □ ■ □ ■ □ ■ □ ■ □ ■ □ ■ □
11 □ ■ □ ■ □ ■ □ ■ □ ■ □ ■ □ ■ □ ■ □ ■
10 ■ □ ■ □ ■ □ ■ □ ■ □ ■ □ ■ □ ■ □ ■ □
 9 □ - - - - ■ - - □ ■ □ ■ □ ■ □ ■ □ ■
 8 ■ - - - - - - - - - - - - - - - ■ □
 7 - - - - - - □ - - - - - - - - ■ - -
 6 - - - - - - - - - □ - □ - □ - - - □
 5 □ - - ■ - - - - - - - - - - - ■ - -
 4 - - - - - - - - - - - - - - - - - -
 3 □ - - ■ - ■ - ■ - ■ - - - ■ - - - ■
 2 - - - - - - - - - - - - ■ - ■ - - -
 1 □ - □ - □ - □ - □ - □ - - - - - - -
-- a b c d e f g h i j k l m n o p q r
black
Move[7:13]:[5:13]

Move[8:9]:[8:7]

?Move(138719):

Moving decoding:
[8:9]:[8:7]

*** Motley Crew's move ***
18 ■ □ ■ □ ■ □ ■ □ ■ □ ■ □ ■ □ ■ □ ■ □
17 □ ■ □ ■ □ ■ □ ■ □ ■ □ ■ □ ■ □ ■ □ ■
16 ■ □ ■ □ ■ □ ■ □ ■ □ ■ □ ■ □ ■ □ ■ □
15 □ ■ □ ■ □ ■ □ ■ □ ■ □ ■ □ ■ □ ■ □ ■
14 ■ □ ■ □ ■ □ ■ □ ■ □ ■ □ ■ □ ■ □ ■ □
13 □ ■ □ ■ □ ■ □ ■ □ ■ □ ■ □ ■ □ ■ □ ■
12 ■ □ ■ □ ■ □ ■ □ ■ □ ■ □ ■ □ ■ □ ■ □
11 □ ■ □ ■ □ ■ □ ■ □ ■ □ ■ □ ■ □ ■ □ ■
10 ■ □ ■ □ ■ □ ■ □ ■ □ ■ □ ■ □ ■ □ ■ □
 9 □ - - - - ■ - ■ - - □ ■ □ ■ □ ■ □ ■
 8 ■ - - - - - - - - - - - - - - - ■ □
 7 - - - - - - □ - - - - - - - - ■ - -
 6 - - - - - - - - - □ - □ - □ - - - □
 5 □ - - ■ - - - - - - - - - - - ■ - -
 4 - - - - - - - - - - - - - - - - - -
 3 □ - - ■ - ■ - ■ - ■ - - - ■ - - - ■
 2 - - - - - - - - - - - - ■ - ■ - - -
 1 □ - □ - □ - □ - □ - □ - - - - - - -
-- a b c d e f g h i j k l m n o p q r
white
(8, r) -> (8, p)
Moving encoding:
['(8, r) ', ' (8, p)']
*** Server Opponent's move ***
18 ■ □ ■ □ ■ □ ■ □ ■ □ ■ □ ■ □ ■ □ ■ □
17 □ ■ □ ■ □ ■ □ ■ □ ■ □ ■ □ ■ □ ■ □ ■
16 ■ □ ■ □ ■ □ ■ □ ■ □ ■ □ ■ □ ■ □ ■ □
15 □ ■ □ ■ □ ■ □ ■ □ ■ □ ■ □ ■ □ ■ □ ■
14 ■ □ ■ □ ■ □ ■ □ ■ □ ■ □ ■ □ ■ □ ■ □
13 □ ■ □ ■ □ ■ □ ■ □ ■ □ ■ □ ■ □ ■ □ ■
12 ■ □ ■ □ ■ □ ■ □ ■ □ ■ □ ■ □ ■ □ ■ □
11 □ ■ □ ■ □ ■ □ ■ □ ■ □ ■ □ ■ □ ■ □ ■
10 ■ □ ■ □ ■ □ ■ □ ■ □ ■ □ ■ □ ■ □ ■ □
 9 □ - - - - ■ - ■ - - □ ■ □ ■ □ ■ □ ■
 8 ■ - - - - - - - - - - - - - - □ - -
 7 - - - - - - □ - - - - - - - - ■ - -
 6 - - - - - - - - - □ - □ - □ - - - □
 5 □ - - ■ - - - - - - - - - - - ■ - -
 4 - - - - - - - - - - - - - - - - - -
 3 □ - - ■ - ■ - ■ - ■ - - - ■ - - - ■
 2 - - - - - - - - - - - - ■ - ■ - - -
 1 □ - □ - □ - □ - □ - □ - - - - - - -
-- a b c d e f g h i j k l m n o p q r
black
Move[7:17]:[7:15]

Move[8:11]:[8:9]

?Move(138022):

Moving decoding:
[8:11]:[8:9]

*** Motley Crew's move ***
18 ■ □ ■ □ ■ □ ■ □ ■ □ ■ □ ■ □ ■ □ ■ □
17 □ ■ □ ■ □ ■ □ ■ □ ■ □ ■ □ ■ □ ■ □ ■
16 ■ □ ■ □ ■ □ ■ □ ■ □ ■ □ ■ □ ■ □ ■ □
15 □ ■ □ ■ □ ■ □ ■ □ ■ □ ■ □ ■ □ ■ □ ■
14 ■ □ ■ □ ■ □ ■ □ ■ □ ■ □ ■ □ ■ □ ■ □
13 □ ■ □ ■ □ ■ □ ■ □ ■ □ ■ □ ■ □ ■ □ ■
12 ■ □ ■ □ ■ □ ■ □ ■ □ ■ □ ■ □ ■ □ ■ □
11 □ ■ □ ■ □ ■ □ ■ □ ■ □ ■ □ ■ □ ■ □ ■
10 ■ □ ■ □ ■ □ ■ □ ■ □ ■ □ ■ □ ■ □ ■ □
 9 □ - - - - ■ - ■ - ■ - - □ ■ □ ■ □ ■
 8 ■ - - - - - - - - - - - - - - □ - -
 7 - - - - - - □ - - - - - - - - ■ - -
 6 - - - - - - - - - □ - □ - □ - - - □
 5 □ - - ■ - - - - - - - - - - - ■ - -
 4 - - - - - - - - - - - - - - - - - -
 3 □ - - ■ - ■ - ■ - ■ - - - ■ - - - ■
 2 - - - - - - - - - - - - ■ - ■ - - -
 1 □ - □ - □ - □ - □ - □ - - - - - - -
-- a b c d e f g h i j k l m n o p q r
white
(8, p) -> (6, p)
Moving encoding:
['(8, p) ', ' (6, p)']
*** Server Opponent's move ***
18 ■ □ ■ □ ■ □ ■ □ ■ □ ■ □ ■ □ ■ □ ■ □
17 □ ■ □ ■ □ ■ □ ■ □ ■ □ ■ □ ■ □ ■ □ ■
16 ■ □ ■ □ ■ □ ■ □ ■ □ ■ □ ■ □ ■ □ ■ □
15 □ ■ □ ■ □ ■ □ ■ □ ■ □ ■ □ ■ □ ■ □ ■
14 ■ □ ■ □ ■ □ ■ □ ■ □ ■ □ ■ □ ■ □ ■ □
13 □ ■ □ ■ □ ■ □ ■ □ ■ □ ■ □ ■ □ ■ □ ■
12 ■ □ ■ □ ■ □ ■ □ ■ □ ■ □ ■ □ ■ □ ■ □
11 □ ■ □ ■ □ ■ □ ■ □ ■ □ ■ □ ■ □ ■ □ ■
10 ■ □ ■ □ ■ □ ■ □ ■ □ ■ □ ■ □ ■ □ ■ □
 9 □ - - - - ■ - ■ - ■ - - □ ■ □ ■ □ ■
 8 ■ - - - - - - - - - - - - - - - - -
 7 - - - - - - □ - - - - - - - - - - -
 6 - - - - - - - - - □ - □ - □ - □ - □
 5 □ - - ■ - - - - - - - - - - - ■ - -
 4 - - - - - - - - - - - - - - - - - -
 3 □ - - ■ - ■ - ■ - ■ - - - ■ - - - ■
 2 - - - - - - - - - - - - ■ - ■ - - -
 1 □ - □ - □ - □ - □ - □ - - - - - - -
-- a b c d e f g h i j k l m n o p q r
black
Move[7:15]:[5:15]

Move[4:15]:[6:15]

?Move(137371):

Moving decoding:
[4:15]:[6:15]

*** Motley Crew's move ***
18 ■ □ ■ □ ■ □ ■ □ ■ □ ■ □ ■ □ ■ □ ■ □
17 □ ■ □ ■ □ ■ □ ■ □ ■ □ ■ □ ■ □ ■ □ ■
16 ■ □ ■ □ ■ □ ■ □ ■ □ ■ □ ■ □ ■ □ ■ □
15 □ ■ □ ■ □ ■ □ ■ □ ■ □ ■ □ ■ □ ■ □ ■
14 ■ □ ■ □ ■ □ ■ □ ■ □ ■ □ ■ □ ■ □ ■ □
13 □ ■ □ ■ □ ■ □ ■ □ ■ □ ■ □ ■ □ ■ □ ■
12 ■ □ ■ □ ■ □ ■ □ ■ □ ■ □ ■ □ ■ □ ■ □
11 □ ■ □ ■ □ ■ □ ■ □ ■ □ ■ □ ■ □ ■ □ ■
10 ■ □ ■ □ ■ □ ■ □ ■ □ ■ □ ■ □ ■ □ ■ □
 9 □ - - - - ■ - ■ - ■ - - □ ■ □ ■ □ ■
 8 ■ - - - - - - - - - - - - - - - - -
 7 - - - - - - □ - - - - - - - - ■ - -
 6 - - - - - - - - - □ - □ - □ - - - □
 5 □ - - ■ - - - - - - - - - - - - - -
 4 - - - - - - - - - - - - - - - - - -
 3 □ - - ■ - ■ - ■ - ■ - - - ■ - - - ■
 2 - - - - - - - - - - - - ■ - ■ - - -
 1 □ - □ - □ - □ - □ - □ - - - - - - -
-- a b c d e f g h i j k l m n o p q r
white
(9, a) -> (7, a)
Moving encoding:
['(9, a) ', ' (7, a)']
*** Server Opponent's move ***
18 ■ □ ■ □ ■ □ ■ □ ■ □ ■ □ ■ □ ■ □ ■ □
17 □ ■ □ ■ □ ■ □ ■ □ ■ □ ■ □ ■ □ ■ □ ■
16 ■ □ ■ □ ■ □ ■ □ ■ □ ■ □ ■ □ ■ □ ■ □
15 □ ■ □ ■ □ ■ □ ■ □ ■ □ ■ □ ■ □ ■ □ ■
14 ■ □ ■ □ ■ □ ■ □ ■ □ ■ □ ■ □ ■ □ ■ □
13 □ ■ □ ■ □ ■ □ ■ □ ■ □ ■ □ ■ □ ■ □ ■
12 ■ □ ■ □ ■ □ ■ □ ■ □ ■ □ ■ □ ■ □ ■ □
11 □ ■ □ ■ □ ■ □ ■ □ ■ □ ■ □ ■ □ ■ □ ■
10 ■ □ ■ □ ■ □ ■ □ ■ □ ■ □ ■ □ ■ □ ■ □
 9 - - - - - ■ - ■ - ■ - - □ ■ □ ■ □ ■
 8 - - - - - - - - - - - - - - - - - -
 7 □ - - - - - □ - - - - - - - - ■ - -
 6 - - - - - - - - - □ - □ - □ - - - □
 5 □ - - ■ - - - - - - - - - - - - - -
 4 - - - - - - - - - - - - - - - - - -
 3 □ - - ■ - ■ - ■ - ■ - - - ■ - - - ■
 2 - - - - - - - - - - - - ■ - ■ - - -
 1 □ - □ - □ - □ - □ - □ - - - - - - -
-- a b c d e f g h i j k l m n o p q r
black
Move[8:0]:[6:0]

Move[8:13]:[8:11]

?Move(136723):

Moving decoding:
[8:13]:[8:11]

*** Motley Crew's move ***
18 ■ □ ■ □ ■ □ ■ □ ■ □ ■ □ ■ □ ■ □ ■ □
17 □ ■ □ ■ □ ■ □ ■ □ ■ □ ■ □ ■ □ ■ □ ■
16 ■ □ ■ □ ■ □ ■ □ ■ □ ■ □ ■ □ ■ □ ■ □
15 □ ■ □ ■ □ ■ □ ■ □ ■ □ ■ □ ■ □ ■ □ ■
14 ■ □ ■ □ ■ □ ■ □ ■ □ ■ □ ■ □ ■ □ ■ □
13 □ ■ □ ■ □ ■ □ ■ □ ■ □ ■ □ ■ □ ■ □ ■
12 ■ □ ■ □ ■ □ ■ □ ■ □ ■ □ ■ □ ■ □ ■ □
11 □ ■ □ ■ □ ■ □ ■ □ ■ □ ■ □ ■ □ ■ □ ■
10 ■ □ ■ □ ■ □ ■ □ ■ □ ■ □ ■ □ ■ □ ■ □
 9 - - - - - ■ - ■ - ■ - ■ - - □ ■ □ ■
 8 - - - - - - - - - - - - - - - - - -
 7 □ - - - - - □ - - - - - - - - ■ - -
 6 - - - - - - - - - □ - □ - □ - - - □
 5 □ - - ■ - - - - - - - - - - - - - -
 4 - - - - - - - - - - - - - - - - - -
 3 □ - - ■ - ■ - ■ - ■ - - - ■ - - - ■
 2 - - - - - - - - - - - - ■ - ■ - - -
 1 □ - □ - □ - □ - □ - □ - - - - - - -
-- a b c d e f g h i j k l m n o p q r
white
(10, f) -> (8, f)
Moving encoding:
['(10, f) ', ' (8, f)']
*** Server Opponent's move ***
18 ■ □ ■ □ ■ □ ■ □ ■ □ ■ □ ■ □ ■ □ ■ □
17 □ ■ □ ■ □ ■ □ ■ □ ■ □ ■ □ ■ □ ■ □ ■
16 ■ □ ■ □ ■ □ ■ □ ■ □ ■ □ ■ □ ■ □ ■ □
15 □ ■ □ ■ □ ■ □ ■ □ ■ □ ■ □ ■ □ ■ □ ■
14 ■ □ ■ □ ■ □ ■ □ ■ □ ■ □ ■ □ ■ □ ■ □
13 □ ■ □ ■ □ ■ □ ■ □ ■ □ ■ □ ■ □ ■ □ ■
12 ■ □ ■ □ ■ □ ■ □ ■ □ ■ □ ■ □ ■ □ ■ □
11 □ ■ □ ■ □ ■ □ ■ □ ■ □ ■ □ ■ □ ■ □ ■
10 ■ □ ■ □ ■ - ■ □ ■ □ ■ □ ■ □ ■ □ ■ □
 9 - - - - - - - ■ - ■ - ■ - - □ ■ □ ■
 8 - - - - - □ - - - - - - - - - - - -
 7 □ - - - - - □ - - - - - - - - ■ - -
 6 - - - - - - - - - □ - □ - □ - - - □
 5 □ - - ■ - - - - - - - - - - - - - -
 4 - - - - - - - - - - - - - - - - - -
 3 □ - - ■ - ■ - ■ - ■ - - - ■ - - - ■
 2 - - - - - - - - - - - - ■ - ■ - - -
 1 □ - □ - □ - □ - □ - □ - - - - - - -
-- a b c d e f g h i j k l m n o p q r
black
Move[9:5]:[7:5]

Move[8:15]:[8:13]

?Move(136013):

Moving decoding:
[8:15]:[8:13]

*** Motley Crew's move ***
18 ■ □ ■ □ ■ □ ■ □ ■ □ ■ □ ■ □ ■ □ ■ □
17 □ ■ □ ■ □ ■ □ ■ □ ■ □ ■ □ ■ □ ■ □ ■
16 ■ □ ■ □ ■ □ ■ □ ■ □ ■ □ ■ □ ■ □ ■ □
15 □ ■ □ ■ □ ■ □ ■ □ ■ □ ■ □ ■ □ ■ □ ■
14 ■ □ ■ □ ■ □ ■ □ ■ □ ■ □ ■ □ ■ □ ■ □
13 □ ■ □ ■ □ ■ □ ■ □ ■ □ ■ □ ■ □ ■ □ ■
12 ■ □ ■ □ ■ □ ■ □ ■ □ ■ □ ■ □ ■ □ ■ □
11 □ ■ □ ■ □ ■ □ ■ □ ■ □ ■ □ ■ □ ■ □ ■
10 ■ □ ■ □ ■ - ■ □ ■ □ ■ □ ■ □ ■ □ ■ □
 9 - - - - - - - ■ - ■ - ■ - ■ - - □ ■
 8 - - - - - □ - - - - - - - - - - - -
 7 □ - - - - - □ - - - - - - - - ■ - -
 6 - - - - - - - - - □ - □ - □ - - - □
 5 □ - - ■ - - - - - - - - - - - - - -
 4 - - - - - - - - - - - - - - - - - -
 3 □ - - ■ - ■ - ■ - ■ - - - ■ - - - ■
 2 - - - - - - - - - - - - ■ - ■ - - -
 1 □ - □ - □ - □ - □ - □ - - - - - - -
-- a b c d e f g h i j k l m n o p q r
white
(10, d) -> (10, f)
Moving encoding:
['(10, d) ', ' (10, f)']
*** Server Opponent's move ***
18 ■ □ ■ □ ■ □ ■ □ ■ □ ■ □ ■ □ ■ □ ■ □
17 □ ■ □ ■ □ ■ □ ■ □ ■ □ ■ □ ■ □ ■ □ ■
16 ■ □ ■ □ ■ □ ■ □ ■ □ ■ □ ■ □ ■ □ ■ □
15 □ ■ □ ■ □ ■ □ ■ □ ■ □ ■ □ ■ □ ■ □ ■
14 ■ □ ■ □ ■ □ ■ □ ■ □ ■ □ ■ □ ■ □ ■ □
13 □ ■ □ ■ □ ■ □ ■ □ ■ □ ■ □ ■ □ ■ □ ■
12 ■ □ ■ □ ■ □ ■ □ ■ □ ■ □ ■ □ ■ □ ■ □
11 □ ■ □ ■ □ ■ □ ■ □ ■ □ ■ □ ■ □ ■ □ ■
10 ■ □ ■ - - □ ■ □ ■ □ ■ □ ■ □ ■ □ ■ □
 9 - - - - - - - ■ - ■ - ■ - ■ - - □ ■
 8 - - - - - □ - - - - - - - - - - - -
 7 □ - - - - - □ - - - - - - - - ■ - -
 6 - - - - - - - - - □ - □ - □ - - - □
 5 □ - - ■ - - - - - - - - - - - - - -
 4 - - - - - - - - - - - - - - - - - -
 3 □ - - ■ - ■ - ■ - ■ - - - ■ - - - ■
 2 - - - - - - - - - - - - ■ - ■ - - -
 1 □ - □ - □ - □ - □ - □ - - - - - - -
-- a b c d e f g h i j k l m n o p q r
black
Move[9:3]:[9:5]

Move[8:17]:[8:15]

?Move(135101):

Moving decoding:
[8:17]:[8:15]

*** Motley Crew's move ***
18 ■ □ ■ □ ■ □ ■ □ ■ □ ■ □ ■ □ ■ □ ■ □
17 □ ■ □ ■ □ ■ □ ■ □ ■ □ ■ □ ■ □ ■ □ ■
16 ■ □ ■ □ ■ □ ■ □ ■ □ ■ □ ■ □ ■ □ ■ □
15 □ ■ □ ■ □ ■ □ ■ □ ■ □ ■ □ ■ □ ■ □ ■
14 ■ □ ■ □ ■ □ ■ □ ■ □ ■ □ ■ □ ■ □ ■ □
13 □ ■ □ ■ □ ■ □ ■ □ ■ □ ■ □ ■ □ ■ □ ■
12 ■ □ ■ □ ■ □ ■ □ ■ □ ■ □ ■ □ ■ □ ■ □
11 □ ■ □ ■ □ ■ □ ■ □ ■ □ ■ □ ■ □ ■ □ ■
10 ■ □ ■ - - □ ■ □ ■ □ ■ □ ■ □ ■ □ ■ □
 9 - - - - - - - ■ - ■ - ■ - ■ - ■ - -
 8 - - - - - □ - - - - - - - - - - - -
 7 □ - - - - - □ - - - - - - - - ■ - -
 6 - - - - - - - - - □ - □ - □ - - - □
 5 □ - - ■ - - - - - - - - - - - - - -
 4 - - - - - - - - - - - - - - - - - -
 3 □ - - ■ - ■ - ■ - ■ - - - ■ - - - ■
 2 - - - - - - - - - - - - ■ - ■ - - -
 1 □ - □ - □ - □ - □ - □ - - - - - - -
-- a b c d e f g h i j k l m n o p q r
white
(10, b) -> (10, d)
Moving encoding:
['(10, b) ', ' (10, d)']
*** Server Opponent's move ***
18 ■ □ ■ □ ■ □ ■ □ ■ □ ■ □ ■ □ ■ □ ■ □
17 □ ■ □ ■ □ ■ □ ■ □ ■ □ ■ □ ■ □ ■ □ ■
16 ■ □ ■ □ ■ □ ■ □ ■ □ ■ □ ■ □ ■ □ ■ □
15 □ ■ □ ■ □ ■ □ ■ □ ■ □ ■ □ ■ □ ■ □ ■
14 ■ □ ■ □ ■ □ ■ □ ■ □ ■ □ ■ □ ■ □ ■ □
13 □ ■ □ ■ □ ■ □ ■ □ ■ □ ■ □ ■ □ ■ □ ■
12 ■ □ ■ □ ■ □ ■ □ ■ □ ■ □ ■ □ ■ □ ■ □
11 □ ■ □ ■ □ ■ □ ■ □ ■ □ ■ □ ■ □ ■ □ ■
10 ■ - - □ - □ ■ □ ■ □ ■ □ ■ □ ■ □ ■ □
 9 - - - - - - - ■ - ■ - ■ - ■ - ■ - -
 8 - - - - - □ - - - - - - - - - - - -
 7 □ - - - - - □ - - - - - - - - ■ - -
 6 - - - - - - - - - □ - □ - □ - - - □
 5 □ - - ■ - - - - - - - - - - - - - -
 4 - - - - - - - - - - - - - - - - - -
 3 □ - - ■ - ■ - ■ - ■ - - - ■ - - - ■
 2 - - - - - - - - - - - - ■ - ■ - - -
 1 □ - □ - □ - □ - □ - □ - - - - - - -
-- a b c d e f g h i j k l m n o p q r
black
Move[9:1]:[9:3]

Move[9:6]:[9:4]

?Move(134190):

Moving decoding:
[9:6]:[9:4]

*** Motley Crew's move ***
18 ■ □ ■ □ ■ □ ■ □ ■ □ ■ □ ■ □ ■ □ ■ □
17 □ ■ □ ■ □ ■ □ ■ □ ■ □ ■ □ ■ □ ■ □ ■
16 ■ □ ■ □ ■ □ ■ □ ■ □ ■ □ ■ □ ■ □ ■ □
15 □ ■ □ ■ □ ■ □ ■ □ ■ □ ■ □ ■ □ ■ □ ■
14 ■ □ ■ □ ■ □ ■ □ ■ □ ■ □ ■ □ ■ □ ■ □
13 □ ■ □ ■ □ ■ □ ■ □ ■ □ ■ □ ■ □ ■ □ ■
12 ■ □ ■ □ ■ □ ■ □ ■ □ ■ □ ■ □ ■ □ ■ □
11 □ ■ □ ■ □ ■ □ ■ □ ■ □ ■ □ ■ □ ■ □ ■
10 ■ - - □ ■ - - □ ■ □ ■ □ ■ □ ■ □ ■ □
 9 - - - - - - - ■ - ■ - ■ - ■ - ■ - -
 8 - - - - - □ - - - - - - - - - - - -
 7 □ - - - - - □ - - - - - - - - ■ - -
 6 - - - - - - - - - □ - □ - □ - - - □
 5 □ - - ■ - - - - - - - - - - - - - -
 4 - - - - - - - - - - - - - - - - - -
 3 □ - - ■ - ■ - ■ - ■ - - - ■ - - - ■
 2 - - - - - - - - - - - - ■ - ■ - - -
 1 □ - □ - □ - □ - □ - □ - - - - - - -
-- a b c d e f g h i j k l m n o p q r
white
(10, d) -> (10, f)
Moving encoding:
['(10, d) ', ' (10, f)']
*** Server Opponent's move ***
18 ■ □ ■ □ ■ □ ■ □ ■ □ ■ □ ■ □ ■ □ ■ □
17 □ ■ □ ■ □ ■ □ ■ □ ■ □ ■ □ ■ □ ■ □ ■
16 ■ □ ■ □ ■ □ ■ □ ■ □ ■ □ ■ □ ■ □ ■ □
15 □ ■ □ ■ □ ■ □ ■ □ ■ □ ■ □ ■ □ ■ □ ■
14 ■ □ ■ □ ■ □ ■ □ ■ □ ■ □ ■ □ ■ □ ■ □
13 □ ■ □ ■ □ ■ □ ■ □ ■ □ ■ □ ■ □ ■ □ ■
12 ■ □ ■ □ ■ □ ■ □ ■ □ ■ □ ■ □ ■ □ ■ □
11 □ ■ □ ■ □ ■ □ ■ □ ■ □ ■ □ ■ □ ■ □ ■
10 ■ - - - - □ - □ ■ □ ■ □ ■ □ ■ □ ■ □
 9 - - - - - - - ■ - ■ - ■ - ■ - ■ - -
 8 - - - - - □ - - - - - - - - - - - -
 7 □ - - - - - □ - - - - - - - - ■ - -
 6 - - - - - - - - - □ - □ - □ - - - □
 5 □ - - ■ - - - - - - - - - - - - - -
 4 - - - - - - - - - - - - - - - - - -
 3 □ - - ■ - ■ - ■ - ■ - - - ■ - - - ■
 2 - - - - - - - - - - - - ■ - ■ - - -
 1 □ - □ - □ - □ - □ - □ - - - - - - -
-- a b c d e f g h i j k l m n o p q r
black
Move[9:3]:[9:5]

Move[9:8]:[9:6]

?Move(133337):

Moving decoding:
[9:8]:[9:6]

*** Motley Crew's move ***
18 ■ □ ■ □ ■ □ ■ □ ■ □ ■ □ ■ □ ■ □ ■ □
17 □ ■ □ ■ □ ■ □ ■ □ ■ □ ■ □ ■ □ ■ □ ■
16 ■ □ ■ □ ■ □ ■ □ ■ □ ■ □ ■ □ ■ □ ■ □
15 □ ■ □ ■ □ ■ □ ■ □ ■ □ ■ □ ■ □ ■ □ ■
14 ■ □ ■ □ ■ □ ■ □ ■ □ ■ □ ■ □ ■ □ ■ □
13 □ ■ □ ■ □ ■ □ ■ □ ■ □ ■ □ ■ □ ■ □ ■
12 ■ □ ■ □ ■ □ ■ □ ■ □ ■ □ ■ □ ■ □ ■ □
11 □ ■ □ ■ □ ■ □ ■ □ ■ □ ■ □ ■ □ ■ □ ■
10 ■ - - - - □ ■ - - □ ■ □ ■ □ ■ □ ■ □
 9 - - - - - - - ■ - ■ - ■ - ■ - ■ - -
 8 - - - - - □ - - - - - - - - - - - -
 7 □ - - - - - □ - - - - - - - - ■ - -
 6 - - - - - - - - - □ - □ - □ - - - □
 5 □ - - ■ - - - - - - - - - - - - - -
 4 - - - - - - - - - - - - - - - - - -
 3 □ - - ■ - ■ - ■ - ■ - - - ■ - - - ■
 2 - - - - - - - - - - - - ■ - ■ - - -
 1 □ - □ - □ - □ - □ - □ - - - - - - -
-- a b c d e f g h i j k l m n o p q r
white
(10, f) -> (10, h)
Moving encoding:
['(10, f) ', ' (10, h)']
*** Server Opponent's move ***
18 ■ □ ■ □ ■ □ ■ □ ■ □ ■ □ ■ □ ■ □ ■ □
17 □ ■ □ ■ □ ■ □ ■ □ ■ □ ■ □ ■ □ ■ □ ■
16 ■ □ ■ □ ■ □ ■ □ ■ □ ■ □ ■ □ ■ □ ■ □
15 □ ■ □ ■ □ ■ □ ■ □ ■ □ ■ □ ■ □ ■ □ ■
14 ■ □ ■ □ ■ □ ■ □ ■ □ ■ □ ■ □ ■ □ ■ □
13 □ ■ □ ■ □ ■ □ ■ □ ■ □ ■ □ ■ □ ■ □ ■
12 ■ □ ■ □ ■ □ ■ □ ■ □ ■ □ ■ □ ■ □ ■ □
11 □ ■ □ ■ □ ■ □ ■ □ ■ □ ■ □ ■ □ ■ □ ■
10 ■ - - - - - - □ - □ ■ □ ■ □ ■ □ ■ □
 9 - - - - - - - ■ - ■ - ■ - ■ - ■ - -
 8 - - - - - □ - - - - - - - - - - - -
 7 □ - - - - - □ - - - - - - - - ■ - -
 6 - - - - - - - - - □ - □ - □ - - - □
 5 □ - - ■ - - - - - - - - - - - - - -
 4 - - - - - - - - - - - - - - - - - -
 3 □ - - ■ - ■ - ■ - ■ - - - ■ - - - ■
 2 - - - - - - - - - - - - ■ - ■ - - -
 1 □ - □ - □ - □ - □ - □ - - - - - - -
-- a b c d e f g h i j k l m n o p q r
black
Move[9:5]:[9:7]

Move[9:10]:[9:8]

?Move(132502):

Moving decoding:
[9:10]:[9:8]

*** Motley Crew's move ***
18 ■ □ ■ □ ■ □ ■ □ ■ □ ■ □ ■ □ ■ □ ■ □
17 □ ■ □ ■ □ ■ □ ■ □ ■ □ ■ □ ■ □ ■ □ ■
16 ■ □ ■ □ ■ □ ■ □ ■ □ ■ □ ■ □ ■ □ ■ □
15 □ ■ □ ■ □ ■ □ ■ □ ■ □ ■ □ ■ □ ■ □ ■
14 ■ □ ■ □ ■ □ ■ □ ■ □ ■ □ ■ □ ■ □ ■ □
13 □ ■ □ ■ □ ■ □ ■ □ ■ □ ■ □ ■ □ ■ □ ■
12 ■ □ ■ □ ■ □ ■ □ ■ □ ■ □ ■ □ ■ □ ■ □
11 □ ■ □ ■ □ ■ □ ■ □ ■ □ ■ □ ■ □ ■ □ ■
10 ■ - - - - - - □ ■ - - □ ■ □ ■ □ ■ □
 9 - - - - - - - ■ - ■ - ■ - ■ - ■ - -
 8 - - - - - □ - - - - - - - - - - - -
 7 □ - - - - - □ - - - - - - - - ■ - -
 6 - - - - - - - - - □ - □ - □ - - - □
 5 □ - - ■ - - - - - - - - - - - - - -
 4 - - - - - - - - - - - - - - - - - -
 3 □ - - ■ - ■ - ■ - ■ - - - ■ - - - ■
 2 - - - - - - - - - - - - ■ - ■ - - -
 1 □ - □ - □ - □ - □ - □ - - - - - - -
-- a b c d e f g h i j k l m n o p q r
white
(10, h) -> (10, j)
Moving encoding:
['(10, h) ', ' (10, j)']
*** Server Opponent's move ***
18 ■ □ ■ □ ■ □ ■ □ ■ □ ■ □ ■ □ ■ □ ■ □
17 □ ■ □ ■ □ ■ □ ■ □ ■ □ ■ □ ■ □ ■ □ ■
16 ■ □ ■ □ ■ □ ■ □ ■ □ ■ □ ■ □ ■ □ ■ □
15 □ ■ □ ■ □ ■ □ ■ □ ■ □ ■ □ ■ □ ■ □ ■
14 ■ □ ■ □ ■ □ ■ □ ■ □ ■ □ ■ □ ■ □ ■ □
13 □ ■ □ ■ □ ■ □ ■ □ ■ □ ■ □ ■ □ ■ □ ■
12 ■ □ ■ □ ■ □ ■ □ ■ □ ■ □ ■ □ ■ □ ■ □
11 □ ■ □ ■ □ ■ □ ■ □ ■ □ ■ □ ■ □ ■ □ ■
10 ■ - - - - - - - - □ - □ ■ □ ■ □ ■ □
 9 - - - - - - - ■ - ■ - ■ - ■ - ■ - -
 8 - - - - - □ - - - - - - - - - - - -
 7 □ - - - - - □ - - - - - - - - ■ - -
 6 - - - - - - - - - □ - □ - □ - - - □
 5 □ - - ■ - - - - - - - - - - - - - -
 4 - - - - - - - - - - - - - - - - - -
 3 □ - - ■ - ■ - ■ - ■ - - - ■ - - - ■
 2 - - - - - - - - - - - - ■ - ■ - - -
 1 □ - □ - □ - □ - □ - □ - - - - - - -
-- a b c d e f g h i j k l m n o p q r
black
Move[9:7]:[9:9]

Move[9:12]:[9:10]

?Move(131680):

Moving decoding:
[9:12]:[9:10]

*** Motley Crew's move ***
18 ■ □ ■ □ ■ □ ■ □ ■ □ ■ □ ■ □ ■ □ ■ □
17 □ ■ □ ■ □ ■ □ ■ □ ■ □ ■ □ ■ □ ■ □ ■
16 ■ □ ■ □ ■ □ ■ □ ■ □ ■ □ ■ □ ■ □ ■ □
15 □ ■ □ ■ □ ■ □ ■ □ ■ □ ■ □ ■ □ ■ □ ■
14 ■ □ ■ □ ■ □ ■ □ ■ □ ■ □ ■ □ ■ □ ■ □
13 □ ■ □ ■ □ ■ □ ■ □ ■ □ ■ □ ■ □ ■ □ ■
12 ■ □ ■ □ ■ □ ■ □ ■ □ ■ □ ■ □ ■ □ ■ □
11 □ ■ □ ■ □ ■ □ ■ □ ■ □ ■ □ ■ □ ■ □ ■
10 ■ - - - - - - - - □ ■ - - □ ■ □ ■ □
 9 - - - - - - - ■ - ■ - ■ - ■ - ■ - -
 8 - - - - - □ - - - - - - - - - - - -
 7 □ - - - - - □ - - - - - - - - ■ - -
 6 - - - - - - - - - □ - □ - □ - - - □
 5 □ - - ■ - - - - - - - - - - - - - -
 4 - - - - - - - - - - - - - - - - - -
 3 □ - - ■ - ■ - ■ - ■ - - - ■ - - - ■
 2 - - - - - - - - - - - - ■ - ■ - - -
 1 □ - □ - □ - □ - □ - □ - - - - - - -
-- a b c d e f g h i j k l m n o p q r
white
(10, j) -> (10, l)
Moving encoding:
['(10, j) ', ' (10, l)']
*** Server Opponent's move ***
18 ■ □ ■ □ ■ □ ■ □ ■ □ ■ □ ■ □ ■ □ ■ □
17 □ ■ □ ■ □ ■ □ ■ □ ■ □ ■ □ ■ □ ■ □ ■
16 ■ □ ■ □ ■ □ ■ □ ■ □ ■ □ ■ □ ■ □ ■ □
15 □ ■ □ ■ □ ■ □ ■ □ ■ □ ■ □ ■ □ ■ □ ■
14 ■ □ ■ □ ■ □ ■ □ ■ □ ■ □ ■ □ ■ □ ■ □
13 □ ■ □ ■ □ ■ □ ■ □ ■ □ ■ □ ■ □ ■ □ ■
12 ■ □ ■ □ ■ □ ■ □ ■ □ ■ □ ■ □ ■ □ ■ □
11 □ ■ □ ■ □ ■ □ ■ □ ■ □ ■ □ ■ □ ■ □ ■
10 ■ - - - - - - - - - - □ - □ ■ □ ■ □
 9 - - - - - - - ■ - ■ - ■ - ■ - ■ - -
 8 - - - - - □ - - - - - - - - - - - -
 7 □ - - - - - □ - - - - - - - - ■ - -
 6 - - - - - - - - - □ - □ - □ - - - □
 5 □ - - ■ - - - - - - - - - - - - - -
 4 - - - - - - - - - - - - - - - - - -
 3 □ - - ■ - ■ - ■ - ■ - - - ■ - - - ■
 2 - - - - - - - - - - - - ■ - ■ - - -
 1 □ - □ - □ - □ - □ - □ - - - - - - -
-- a b c d e f g h i j k l m n o p q r
black
Move[9:9]:[9:11]

Move[9:14]:[9:12]

?Move(130871):

Moving decoding:
[9:14]:[9:12]

*** Motley Crew's move ***
18 ■ □ ■ □ ■ □ ■ □ ■ □ ■ □ ■ □ ■ □ ■ □
17 □ ■ □ ■ □ ■ □ ■ □ ■ □ ■ □ ■ □ ■ □ ■
16 ■ □ ■ □ ■ □ ■ □ ■ □ ■ □ ■ □ ■ □ ■ □
15 □ ■ □ ■ □ ■ □ ■ □ ■ □ ■ □ ■ □ ■ □ ■
14 ■ □ ■ □ ■ □ ■ □ ■ □ ■ □ ■ □ ■ □ ■ □
13 □ ■ □ ■ □ ■ □ ■ □ ■ □ ■ □ ■ □ ■ □ ■
12 ■ □ ■ □ ■ □ ■ □ ■ □ ■ □ ■ □ ■ □ ■ □
11 □ ■ □ ■ □ ■ □ ■ □ ■ □ ■ □ ■ □ ■ □ ■
10 ■ - - - - - - - - - - □ ■ - - □ ■ □
 9 - - - - - - - ■ - ■ - ■ - ■ - ■ - -
 8 - - - - - □ - - - - - - - - - - - -
 7 □ - - - - - □ - - - - - - - - ■ - -
 6 - - - - - - - - - □ - □ - □ - - - □
 5 □ - - ■ - - - - - - - - - - - - - -
 4 - - - - - - - - - - - - - - - - - -
 3 □ - - ■ - ■ - ■ - ■ - - - ■ - - - ■
 2 - - - - - - - - - - - - ■ - ■ - - -
 1 □ - □ - □ - □ - □ - □ - - - - - - -
-- a b c d e f g h i j k l m n o p q r
white
(10, l) -> (10, n)
Moving encoding:
['(10, l) ', ' (10, n)']
*** Server Opponent's move ***
18 ■ □ ■ □ ■ □ ■ □ ■ □ ■ □ ■ □ ■ □ ■ □
17 □ ■ □ ■ □ ■ □ ■ □ ■ □ ■ □ ■ □ ■ □ ■
16 ■ □ ■ □ ■ □ ■ □ ■ □ ■ □ ■ □ ■ □ ■ □
15 □ ■ □ ■ □ ■ □ ■ □ ■ □ ■ □ ■ □ ■ □ ■
14 ■ □ ■ □ ■ □ ■ □ ■ □ ■ □ ■ □ ■ □ ■ □
13 □ ■ □ ■ □ ■ □ ■ □ ■ □ ■ □ ■ □ ■ □ ■
12 ■ □ ■ □ ■ □ ■ □ ■ □ ■ □ ■ □ ■ □ ■ □
11 □ ■ □ ■ □ ■ □ ■ □ ■ □ ■ □ ■ □ ■ □ ■
10 ■ - - - - - - - - - - - - □ - □ ■ □
 9 - - - - - - - ■ - ■ - ■ - ■ - ■ - -
 8 - - - - - □ - - - - - - - - - - - -
 7 □ - - - - - □ - - - - - - - - ■ - -
 6 - - - - - - - - - □ - □ - □ - - - □
 5 □ - - ■ - - - - - - - - - - - - - -
 4 - - - - - - - - - - - - - - - - - -
 3 □ - - ■ - ■ - ■ - ■ - - - ■ - - - ■
 2 - - - - - - - - - - - - ■ - ■ - - -
 1 □ - □ - □ - □ - □ - □ - - - - - - -
-- a b c d e f g h i j k l m n o p q r
black
Move[9:11]:[9:13]

Move[9:16]:[9:14]

?Move(130087):

Moving decoding:
[9:16]:[9:14]

*** Motley Crew's move ***
18 ■ □ ■ □ ■ □ ■ □ ■ □ ■ □ ■ □ ■ □ ■ □
17 □ ■ □ ■ □ ■ □ ■ □ ■ □ ■ □ ■ □ ■ □ ■
16 ■ □ ■ □ ■ □ ■ □ ■ □ ■ □ ■ □ ■ □ ■ □
15 □ ■ □ ■ □ ■ □ ■ □ ■ □ ■ □ ■ □ ■ □ ■
14 ■ □ ■ □ ■ □ ■ □ ■ □ ■ □ ■ □ ■ □ ■ □
13 □ ■ □ ■ □ ■ □ ■ □ ■ □ ■ □ ■ □ ■ □ ■
12 ■ □ ■ □ ■ □ ■ □ ■ □ ■ □ ■ □ ■ □ ■ □
11 □ ■ □ ■ □ ■ □ ■ □ ■ □ ■ □ ■ □ ■ □ ■
10 ■ - - - - - - - - - - - - □ ■ - - □
 9 - - - - - - - ■ - ■ - ■ - ■ - ■ - -
 8 - - - - - □ - - - - - - - - - - - -
 7 □ - - - - - □ - - - - - - - - ■ - -
 6 - - - - - - - - - □ - □ - □ - - - □
 5 □ - - ■ - - - - - - - - - - - - - -
 4 - - - - - - - - - - - - - - - - - -
 3 □ - - ■ - ■ - ■ - ■ - - - ■ - - - ■
 2 - - - - - - - - - - - - ■ - ■ - - -
 1 □ - □ - □ - □ - □ - □ - - - - - - -
-- a b c d e f g h i j k l m n o p q r
white
(10, n) -> (10, p)
Moving encoding:
['(10, n) ', ' (10, p)']
*** Server Opponent's move ***
18 ■ □ ■ □ ■ □ ■ □ ■ □ ■ □ ■ □ ■ □ ■ □
17 □ ■ □ ■ □ ■ □ ■ □ ■ □ ■ □ ■ □ ■ □ ■
16 ■ □ ■ □ ■ □ ■ □ ■ □ ■ □ ■ □ ■ □ ■ □
15 □ ■ □ ■ □ ■ □ ■ □ ■ □ ■ □ ■ □ ■ □ ■
14 ■ □ ■ □ ■ □ ■ □ ■ □ ■ □ ■ □ ■ □ ■ □
13 □ ■ □ ■ □ ■ □ ■ □ ■ □ ■ □ ■ □ ■ □ ■
12 ■ □ ■ □ ■ □ ■ □ ■ □ ■ □ ■ □ ■ □ ■ □
11 □ ■ □ ■ □ ■ □ ■ □ ■ □ ■ □ ■ □ ■ □ ■
10 ■ - - - - - - - - - - - - - - □ - □
 9 - - - - - - - ■ - ■ - ■ - ■ - ■ - -
 8 - - - - - □ - - - - - - - - - - - -
 7 □ - - - - - □ - - - - - - - - ■ - -
 6 - - - - - - - - - □ - □ - □ - - - □
 5 □ - - ■ - - - - - - - - - - - - - -
 4 - - - - - - - - - - - - - - - - - -
 3 □ - - ■ - ■ - ■ - ■ - - - ■ - - - ■
 2 - - - - - - - - - - - - ■ - ■ - - -
 1 □ - □ - □ - □ - □ - □ - - - - - - -
-- a b c d e f g h i j k l m n o p q r
black
Move[9:13]:[9:15]

Move[10:17]:[8:17]

?Move(129312):

Moving decoding:
[10:17]:[8:17]

*** Motley Crew's move ***
18 ■ □ ■ □ ■ □ ■ □ ■ □ ■ □ ■ □ ■ □ ■ □
17 □ ■ □ ■ □ ■ □ ■ □ ■ □ ■ □ ■ □ ■ □ ■
16 ■ □ ■ □ ■ □ ■ □ ■ □ ■ □ ■ □ ■ □ ■ □
15 □ ■ □ ■ □ ■ □ ■ □ ■ □ ■ □ ■ □ ■ □ ■
14 ■ □ ■ □ ■ □ ■ □ ■ □ ■ □ ■ □ ■ □ ■ □
13 □ ■ □ ■ □ ■ □ ■ □ ■ □ ■ □ ■ □ ■ □ ■
12 ■ □ ■ □ ■ □ ■ □ ■ □ ■ □ ■ □ ■ □ ■ □
11 □ ■ □ ■ □ ■ □ ■ □ ■ □ ■ □ ■ □ ■ □ -
10 ■ - - - - - - - - - - - - - - □ - -
 9 - - - - - - - ■ - ■ - ■ - ■ - ■ - ■
 8 - - - - - □ - - - - - - - - - - - -
 7 □ - - - - - □ - - - - - - - - ■ - -
 6 - - - - - - - - - □ - □ - □ - - - □
 5 □ - - ■ - - - - - - - - - - - - - -
 4 - - - - - - - - - - - - - - - - - -
 3 □ - - ■ - ■ - ■ - ■ - - - ■ - - - ■
 2 - - - - - - - - - - - - ■ - ■ - - -
 1 □ - □ - □ - □ - □ - □ - - - - - - -
-- a b c d e f g h i j k l m n o p q r
white
(10, p) -> (8, p)
Moving encoding:
['(10, p) ', ' (8, p)']
*** Server Opponent's move ***
18 ■ □ ■ □ ■ □ ■ □ ■ □ ■ □ ■ □ ■ □ ■ □
17 □ ■ □ ■ □ ■ □ ■ □ ■ □ ■ □ ■ □ ■ □ ■
16 ■ □ ■ □ ■ □ ■ □ ■ □ ■ □ ■ □ ■ □ ■ □
15 □ ■ □ ■ □ ■ □ ■ □ ■ □ ■ □ ■ □ ■ □ ■
14 ■ □ ■ □ ■ □ ■ □ ■ □ ■ □ ■ □ ■ □ ■ □
13 □ ■ □ ■ □ ■ □ ■ □ ■ □ ■ □ ■ □ ■ □ ■
12 ■ □ ■ □ ■ □ ■ □ ■ □ ■ □ ■ □ ■ □ ■ □
11 □ ■ □ ■ □ ■ □ ■ □ ■ □ ■ □ ■ □ ■ □ -
10 ■ - - - - - - - - - - - - - - - - -
 9 - - - - - - - ■ - ■ - ■ - ■ - - - ■
 8 - - - - - □ - - - - - - - - - □ - -
 7 □ - - - - - □ - - - - - - - - ■ - -
 6 - - - - - - - - - □ - □ - □ - - - □
 5 □ - - ■ - - - - - - - - - - - - - -
 4 - - - - - - - - - - - - - - - - - -
 3 □ - - ■ - ■ - ■ - ■ - - - ■ - - - ■
 2 - - - - - - - - - - - - ■ - ■ - - -
 1 □ - □ - □ - □ - □ - □ - - - - - - -
-- a b c d e f g h i j k l m n o p q r
black
Move[9:15]:[7:15]

Move[6:15]:[8:15]

?Move(128641):

Moving decoding:
[6:15]:[8:15]

*** Motley Crew's move ***
18 ■ □ ■ □ ■ □ ■ □ ■ □ ■ □ ■ □ ■ □ ■ □
17 □ ■ □ ■ □ ■ □ ■ □ ■ □ ■ □ ■ □ ■ □ ■
16 ■ □ ■ □ ■ □ ■ □ ■ □ ■ □ ■ □ ■ □ ■ □
15 □ ■ □ ■ □ ■ □ ■ □ ■ □ ■ □ ■ □ ■ □ ■
14 ■ □ ■ □ ■ □ ■ □ ■ □ ■ □ ■ □ ■ □ ■ □
13 □ ■ □ ■ □ ■ □ ■ □ ■ □ ■ □ ■ □ ■ □ ■
12 ■ □ ■ □ ■ □ ■ □ ■ □ ■ □ ■ □ ■ □ ■ □
11 □ ■ □ ■ □ ■ □ ■ □ ■ □ ■ □ ■ □ ■ □ -
10 ■ - - - - - - - - - - - - - - - - -
 9 - - - - - - - ■ - ■ - ■ - ■ - ■ - ■
 8 - - - - - □ - - - - - - - - - - - -
 7 □ - - - - - □ - - - - - - - - - - -
 6 - - - - - - - - - □ - □ - □ - - - □
 5 □ - - ■ - - - - - - - - - - - - - -
 4 - - - - - - - - - - - - - - - - - -
 3 □ - - ■ - ■ - ■ - ■ - - - ■ - - - ■
 2 - - - - - - - - - - - - ■ - ■ - - -
 1 □ - □ - □ - □ - □ - □ - - - - - - -
-- a b c d e f g h i j k l m n o p q r
white
(11, a) -> (9, a)
Moving encoding:
['(11, a) ', ' (9, a)']
*** Server Opponent's move ***
18 ■ □ ■ □ ■ □ ■ □ ■ □ ■ □ ■ □ ■ □ ■ □
17 □ ■ □ ■ □ ■ □ ■ □ ■ □ ■ □ ■ □ ■ □ ■
16 ■ □ ■ □ ■ □ ■ □ ■ □ ■ □ ■ □ ■ □ ■ □
15 □ ■ □ ■ □ ■ □ ■ □ ■ □ ■ □ ■ □ ■ □ ■
14 ■ □ ■ □ ■ □ ■ □ ■ □ ■ □ ■ □ ■ □ ■ □
13 □ ■ □ ■ □ ■ □ ■ □ ■ □ ■ □ ■ □ ■ □ ■
12 ■ □ ■ □ ■ □ ■ □ ■ □ ■ □ ■ □ ■ □ ■ □
11 - ■ □ ■ □ ■ □ ■ □ ■ □ ■ □ ■ □ ■ □ -
10 - - - - - - - - - - - - - - - - - -
 9 □ - - - - - - ■ - ■ - ■ - ■ - ■ - ■
 8 - - - - - □ - - - - - - - - - - - -
 7 □ - - - - - □ - - - - - - - - - - -
 6 - - - - - - - - - □ - □ - □ - - - □
 5 □ - - ■ - - - - - - - - - - - - - -
 4 - - - - - - - - - - - - - - - - - -
 3 □ - - ■ - ■ - ■ - ■ - - - ■ - - - ■
 2 - - - - - - - - - - - - ■ - ■ - - -
 1 □ - □ - □ - □ - □ - □ - - - - - - -
-- a b c d e f g h i j k l m n o p q r
black
Move[10:0]:[8:0]

Move[10:15]:[10:17]

?Move(127979):

Moving decoding:
[10:15]:[10:17]

*** Motley Crew's move ***
18 ■ □ ■ □ ■ □ ■ □ ■ □ ■ □ ■ □ ■ □ ■ □
17 □ ■ □ ■ □ ■ □ ■ □ ■ □ ■ □ ■ □ ■ □ ■
16 ■ □ ■ □ ■ □ ■ □ ■ □ ■ □ ■ □ ■ □ ■ □
15 □ ■ □ ■ □ ■ □ ■ □ ■ □ ■ □ ■ □ ■ □ ■
14 ■ □ ■ □ ■ □ ■ □ ■ □ ■ □ ■ □ ■ □ ■ □
13 □ ■ □ ■ □ ■ □ ■ □ ■ □ ■ □ ■ □ ■ □ ■
12 ■ □ ■ □ ■ □ ■ □ ■ □ ■ □ ■ □ ■ □ ■ □
11 - ■ □ ■ □ ■ □ ■ □ ■ □ ■ □ ■ □ - - ■
10 - - - - - - - - - - - - - - - - - -
 9 □ - - - - - - ■ - ■ - ■ - ■ - ■ - ■
 8 - - - - - □ - - - - - - - - - - - -
 7 □ - - - - - □ - - - - - - - - - - -
 6 - - - - - - - - - □ - □ - □ - - - □
 5 □ - - ■ - - - - - - - - - - - - - -
 4 - - - - - - - - - - - - - - - - - -
 3 □ - - ■ - ■ - ■ - ■ - - - ■ - - - ■
 2 - - - - - - - - - - - - ■ - ■ - - -
 1 □ - □ - □ - □ - □ - □ - - - - - - -
-- a b c d e f g h i j k l m n o p q r
white
(11, c) -> (11, a)
Moving encoding:
['(11, c) ', ' (11, a)']
*** Server Opponent's move ***
18 ■ □ ■ □ ■ □ ■ □ ■ □ ■ □ ■ □ ■ □ ■ □
17 □ ■ □ ■ □ ■ □ ■ □ ■ □ ■ □ ■ □ ■ □ ■
16 ■ □ ■ □ ■ □ ■ □ ■ □ ■ □ ■ □ ■ □ ■ □
15 □ ■ □ ■ □ ■ □ ■ □ ■ □ ■ □ ■ □ ■ □ ■
14 ■ □ ■ □ ■ □ ■ □ ■ □ ■ □ ■ □ ■ □ ■ □
13 □ ■ □ ■ □ ■ □ ■ □ ■ □ ■ □ ■ □ ■ □ ■
12 ■ □ ■ □ ■ □ ■ □ ■ □ ■ □ ■ □ ■ □ ■ □
11 □ - - ■ □ ■ □ ■ □ ■ □ ■ □ ■ □ - - ■
10 - - - - - - - - - - - - - - - - - -
 9 □ - - - - - - ■ - ■ - ■ - ■ - ■ - ■
 8 - - - - - □ - - - - - - - - - - - -
 7 □ - - - - - □ - - - - - - - - - - -
 6 - - - - - - - - - □ - □ - □ - - - □
 5 □ - - ■ - - - - - - - - - - - - - -
 4 - - - - - - - - - - - - - - - - - -
 3 □ - - ■ - ■ - ■ - ■ - - - ■ - - - ■
 2 - - - - - - - - - - - - ■ - ■ - - -
 1 □ - □ - □ - □ - □ - □ - - - - - - -
-- a b c d e f g h i j k l m n o p q r
black
Move[10:2]:[10:0]

Move[10:13]:[10:15]

?Move(127181):

Moving decoding:
[10:13]:[10:15]

*** Motley Crew's move ***
18 ■ □ ■ □ ■ □ ■ □ ■ □ ■ □ ■ □ ■ □ ■ □
17 □ ■ □ ■ □ ■ □ ■ □ ■ □ ■ □ ■ □ ■ □ ■
16 ■ □ ■ □ ■ □ ■ □ ■ □ ■ □ ■ □ ■ □ ■ □
15 □ ■ □ ■ □ ■ □ ■ □ ■ □ ■ □ ■ □ ■ □ ■
14 ■ □ ■ □ ■ □ ■ □ ■ □ ■ □ ■ □ ■ □ ■ □
13 □ ■ □ ■ □ ■ □ ■ □ ■ □ ■ □ ■ □ ■ □ ■
12 ■ □ ■ □ ■ □ ■ □ ■ □ ■ □ ■ □ ■ □ ■ □
11 □ - - ■ □ ■ □ ■ □ ■ □ ■ □ - - ■ - ■
10 - - - - - - - - - - - - - - - - - -
 9 □ - - - - - - ■ - ■ - ■ - ■ - ■ - ■
 8 - - - - - □ - - - - - - - - - - - -
 7 □ - - - - - □ - - - - - - - - - - -
 6 - - - - - - - - - □ - □ - □ - - - □
 5 □ - - ■ - - - - - - - - - - - - - -
 4 - - - - - - - - - - - - - - - - - -
 3 □ - - ■ - ■ - ■ - ■ - - - ■ - - - ■
 2 - - - - - - - - - - - - ■ - ■ - - -
 1 □ - □ - □ - □ - □ - □ - - - - - - -
-- a b c d e f g h i j k l m n o p q r
white
(11, e) -> (11, c)
Moving encoding:
['(11, e) ', ' (11, c)']
*** Server Opponent's move ***
18 ■ □ ■ □ ■ □ ■ □ ■ □ ■ □ ■ □ ■ □ ■ □
17 □ ■ □ ■ □ ■ □ ■ □ ■ □ ■ □ ■ □ ■ □ ■
16 ■ □ ■ □ ■ □ ■ □ ■ □ ■ □ ■ □ ■ □ ■ □
15 □ ■ □ ■ □ ■ □ ■ □ ■ □ ■ □ ■ □ ■ □ ■
14 ■ □ ■ □ ■ □ ■ □ ■ □ ■ □ ■ □ ■ □ ■ □
13 □ ■ □ ■ □ ■ □ ■ □ ■ □ ■ □ ■ □ ■ □ ■
12 ■ □ ■ □ ■ □ ■ □ ■ □ ■ □ ■ □ ■ □ ■ □
11 □ - □ - - ■ □ ■ □ ■ □ ■ □ - - ■ - ■
10 - - - - - - - - - - - - - - - - - -
 9 □ - - - - - - ■ - ■ - ■ - ■ - ■ - ■
 8 - - - - - □ - - - - - - - - - - - -
 7 □ - - - - - □ - - - - - - - - - - -
 6 - - - - - - - - - □ - □ - □ - - - □
 5 □ - - ■ - - - - - - - - - - - - - -
 4 - - - - - - - - - - - - - - - - - -
 3 □ - - ■ - ■ - ■ - ■ - - - ■ - - - ■
 2 - - - - - - - - - - - - ■ - ■ - - -
 1 □ - □ - □ - □ - □ - □ - - - - - - -
-- a b c d e f g h i j k l m n o p q r
black
Move[10:4]:[10:2]

Move[10:11]:[10:13]

?Move(126366):

Moving decoding:
[10:11]:[10:13]

*** Motley Crew's move ***
18 ■ □ ■ □ ■ □ ■ □ ■ □ ■ □ ■ □ ■ □ ■ □
17 □ ■ □ ■ □ ■ □ ■ □ ■ □ ■ □ ■ □ ■ □ ■
16 ■ □ ■ □ ■ □ ■ □ ■ □ ■ □ ■ □ ■ □ ■ □
15 □ ■ □ ■ □ ■ □ ■ □ ■ □ ■ □ ■ □ ■ □ ■
14 ■ □ ■ □ ■ □ ■ □ ■ □ ■ □ ■ □ ■ □ ■ □
13 □ ■ □ ■ □ ■ □ ■ □ ■ □ ■ □ ■ □ ■ □ ■
12 ■ □ ■ □ ■ □ ■ □ ■ □ ■ □ ■ □ ■ □ ■ □
11 □ - □ - - ■ □ ■ □ ■ □ - - ■ - ■ - ■
10 - - - - - - - - - - - - - - - - - -
 9 □ - - - - - - ■ - ■ - ■ - ■ - ■ - ■
 8 - - - - - □ - - - - - - - - - - - -
 7 □ - - - - - □ - - - - - - - - - - -
 6 - - - - - - - - - □ - □ - □ - - - □
 5 □ - - ■ - - - - - - - - - - - - - -
 4 - - - - - - - - - - - - - - - - - -
 3 □ - - ■ - ■ - ■ - ■ - - - ■ - - - ■
 2 - - - - - - - - - - - - ■ - ■ - - -
 1 □ - □ - □ - □ - □ - □ - - - - - - -
-- a b c d e f g h i j k l m n o p q r
white
(11, g) -> (11, e)
Moving encoding:
['(11, g) ', ' (11, e)']
*** Server Opponent's move ***
18 ■ □ ■ □ ■ □ ■ □ ■ □ ■ □ ■ □ ■ □ ■ □
17 □ ■ □ ■ □ ■ □ ■ □ ■ □ ■ □ ■ □ ■ □ ■
16 ■ □ ■ □ ■ □ ■ □ ■ □ ■ □ ■ □ ■ □ ■ □
15 □ ■ □ ■ □ ■ □ ■ □ ■ □ ■ □ ■ □ ■ □ ■
14 ■ □ ■ □ ■ □ ■ □ ■ □ ■ □ ■ □ ■ □ ■ □
13 □ ■ □ ■ □ ■ □ ■ □ ■ □ ■ □ ■ □ ■ □ ■
12 ■ □ ■ □ ■ □ ■ □ ■ □ ■ □ ■ □ ■ □ ■ □
11 □ - □ - □ - - ■ □ ■ □ - - ■ - ■ - ■
10 - - - - - - - - - - - - - - - - - -
 9 □ - - - - - - ■ - ■ - ■ - ■ - ■ - ■
 8 - - - - - □ - - - - - - - - - - - -
 7 □ - - - - - □ - - - - - - - - - - -
 6 - - - - - - - - - □ - □ - □ - - - □
 5 □ - - ■ - - - - - - - - - - - - - -
 4 - - - - - - - - - - - - - - - - - -
 3 □ - - ■ - ■ - ■ - ■ - - - ■ - - - ■
 2 - - - - - - - - - - - - ■ - ■ - - -
 1 □ - □ - □ - □ - □ - □ - - - - - - -
-- a b c d e f g h i j k l m n o p q r
black
Move[10:6]:[10:4]

Move[10:9]:[10:11]

?Move(125560):

Moving decoding:
[10:9]:[10:11]

*** Motley Crew's move ***
18 ■ □ ■ □ ■ □ ■ □ ■ □ ■ □ ■ □ ■ □ ■ □
17 □ ■ □ ■ □ ■ □ ■ □ ■ □ ■ □ ■ □ ■ □ ■
16 ■ □ ■ □ ■ □ ■ □ ■ □ ■ □ ■ □ ■ □ ■ □
15 □ ■ □ ■ □ ■ □ ■ □ ■ □ ■ □ ■ □ ■ □ ■
14 ■ □ ■ □ ■ □ ■ □ ■ □ ■ □ ■ □ ■ □ ■ □
13 □ ■ □ ■ □ ■ □ ■ □ ■ □ ■ □ ■ □ ■ □ ■
12 ■ □ ■ □ ■ □ ■ □ ■ □ ■ □ ■ □ ■ □ ■ □
11 □ - □ - □ - - ■ □ - - ■ - ■ - ■ - ■
10 - - - - - - - - - - - - - - - - - -
 9 □ - - - - - - ■ - ■ - ■ - ■ - ■ - ■
 8 - - - - - □ - - - - - - - - - - - -
 7 □ - - - - - □ - - - - - - - - - - -
 6 - - - - - - - - - □ - □ - □ - - - □
 5 □ - - ■ - - - - - - - - - - - - - -
 4 - - - - - - - - - - - - - - - - - -
 3 □ - - ■ - ■ - ■ - ■ - - - ■ - - - ■
 2 - - - - - - - - - - - - ■ - ■ - - -
 1 □ - □ - □ - □ - □ - □ - - - - - - -
-- a b c d e f g h i j k l m n o p q r
white
(11, i) -> (11, g)
Moving encoding:
['(11, i) ', ' (11, g)']
*** Server Opponent's move ***
18 ■ □ ■ □ ■ □ ■ □ ■ □ ■ □ ■ □ ■ □ ■ □
17 □ ■ □ ■ □ ■ □ ■ □ ■ □ ■ □ ■ □ ■ □ ■
16 ■ □ ■ □ ■ □ ■ □ ■ □ ■ □ ■ □ ■ □ ■ □
15 □ ■ □ ■ □ ■ □ ■ □ ■ □ ■ □ ■ □ ■ □ ■
14 ■ □ ■ □ ■ □ ■ □ ■ □ ■ □ ■ □ ■ □ ■ □
13 □ ■ □ ■ □ ■ □ ■ □ ■ □ ■ □ ■ □ ■ □ ■
12 ■ □ ■ □ ■ □ ■ □ ■ □ ■ □ ■ □ ■ □ ■ □
11 □ - □ - □ - □ - - - - ■ - ■ - ■ - ■
10 - - - - - - - - - - - - - - - - - -
 9 □ - - - - - - ■ - ■ - ■ - ■ - ■ - ■
 8 - - - - - □ - - - - - - - - - - - -
 7 □ - - - - - □ - - - - - - - - - - -
 6 - - - - - - - - - □ - □ - □ - - - □
 5 □ - - ■ - - - - - - - - - - - - - -
 4 - - - - - - - - - - - - - - - - - -
 3 □ - - ■ - ■ - ■ - ■ - - - ■ - - - ■
 2 - - - - - - - - - - - - ■ - ■ - - -
 1 □ - □ - □ - □ - □ - □ - - - - - - -
-- a b c d e f g h i j k l m n o p q r
black
Move[10:8]:[10:6]

Move[11:0]:[9:0]

?Move(124778):

Moving decoding:
[11:0]:[9:0]

*** Motley Crew's move ***
18 ■ □ ■ □ ■ □ ■ □ ■ □ ■ □ ■ □ ■ □ ■ □
17 □ ■ □ ■ □ ■ □ ■ □ ■ □ ■ □ ■ □ ■ □ ■
16 ■ □ ■ □ ■ □ ■ □ ■ □ ■ □ ■ □ ■ □ ■ □
15 □ ■ □ ■ □ ■ □ ■ □ ■ □ ■ □ ■ □ ■ □ ■
14 ■ □ ■ □ ■ □ ■ □ ■ □ ■ □ ■ □ ■ □ ■ □
13 □ ■ □ ■ □ ■ □ ■ □ ■ □ ■ □ ■ □ ■ □ ■
12 - □ ■ □ ■ □ ■ □ ■ □ ■ □ ■ □ ■ □ ■ □
11 - - □ - □ - □ - - - - ■ - ■ - ■ - ■
10 ■ - - - - - - - - - - - - - - - - -
 9 □ - - - - - - ■ - ■ - ■ - ■ - ■ - ■
 8 - - - - - □ - - - - - - - - - - - -
 7 □ - - - - - □ - - - - - - - - - - -
 6 - - - - - - - - - □ - □ - □ - - - □
 5 □ - - ■ - - - - - - - - - - - - - -
 4 - - - - - - - - - - - - - - - - - -
 3 □ - - ■ - ■ - ■ - ■ - - - ■ - - - ■
 2 - - - - - - - - - - - - ■ - ■ - - -
 1 □ - □ - □ - □ - □ - □ - - - - - - -
-- a b c d e f g h i j k l m n o p q r
white
(9, a) -> (11, a)
Moving encoding:
['(9, a) ', ' (11, a)']
*** Server Opponent's move ***
18 ■ □ ■ □ ■ □ ■ □ ■ □ ■ □ ■ □ ■ □ ■ □
17 □ ■ □ ■ □ ■ □ ■ □ ■ □ ■ □ ■ □ ■ □ ■
16 ■ □ ■ □ ■ □ ■ □ ■ □ ■ □ ■ □ ■ □ ■ □
15 □ ■ □ ■ □ ■ □ ■ □ ■ □ ■ □ ■ □ ■ □ ■
14 ■ □ ■ □ ■ □ ■ □ ■ □ ■ □ ■ □ ■ □ ■ □
13 □ ■ □ ■ □ ■ □ ■ □ ■ □ ■ □ ■ □ ■ □ ■
12 - □ ■ □ ■ □ ■ □ ■ □ ■ □ ■ □ ■ □ ■ □
11 □ - □ - □ - □ - - - - ■ - ■ - ■ - ■
10 - - - - - - - - - - - - - - - - - -
 9 - - - - - - - ■ - ■ - ■ - ■ - ■ - ■
 8 - - - - - □ - - - - - - - - - - - -
 7 □ - - - - - □ - - - - - - - - - - -
 6 - - - - - - - - - □ - □ - □ - - - □
 5 □ - - ■ - - - - - - - - - - - - - -
 4 - - - - - - - - - - - - - - - - - -
 3 □ - - ■ - ■ - ■ - ■ - - - ■ - - - ■
 2 - - - - - - - - - - - - ■ - ■ - - -
 1 □ - □ - □ - □ - □ - □ - - - - - - -
-- a b c d e f g h i j k l m n o p q r
black
Move[8:0]:[10:0]

Move[11:2]:[11:0]

?Move(124162):

Moving decoding:
[11:2]:[11:0]

*** Motley Crew's move ***
18 ■ □ ■ □ ■ □ ■ □ ■ □ ■ □ ■ □ ■ □ ■ □
17 □ ■ □ ■ □ ■ □ ■ □ ■ □ ■ □ ■ □ ■ □ ■
16 ■ □ ■ □ ■ □ ■ □ ■ □ ■ □ ■ □ ■ □ ■ □
15 □ ■ □ ■ □ ■ □ ■ □ ■ □ ■ □ ■ □ ■ □ ■
14 ■ □ ■ □ ■ □ ■ □ ■ □ ■ □ ■ □ ■ □ ■ □
13 □ ■ □ ■ □ ■ □ ■ □ ■ □ ■ □ ■ □ ■ □ ■
12 ■ - - □ ■ □ ■ □ ■ □ ■ □ ■ □ ■ □ ■ □
11 □ - □ - □ - □ - - - - ■ - ■ - ■ - ■
10 - - - - - - - - - - - - - - - - - -
 9 - - - - - - - ■ - ■ - ■ - ■ - ■ - ■
 8 - - - - - □ - - - - - - - - - - - -
 7 □ - - - - - □ - - - - - - - - - - -
 6 - - - - - - - - - □ - □ - □ - - - □
 5 □ - - ■ - - - - - - - - - - - - - -
 4 - - - - - - - - - - - - - - - - - -
 3 □ - - ■ - ■ - ■ - ■ - - - ■ - - - ■
 2 - - - - - - - - - - - - ■ - ■ - - -
 1 □ - □ - □ - □ - □ - □ - - - - - - -
-- a b c d e f g h i j k l m n o p q r
white
(12, l) -> (10, l)
Moving encoding:
['(12, l) ', ' (10, l)']
*** Server Opponent's move ***
18 ■ □ ■ □ ■ □ ■ □ ■ □ ■ □ ■ □ ■ □ ■ □
17 □ ■ □ ■ □ ■ □ ■ □ ■ □ ■ □ ■ □ ■ □ ■
16 ■ □ ■ □ ■ □ ■ □ ■ □ ■ □ ■ □ ■ □ ■ □
15 □ ■ □ ■ □ ■ □ ■ □ ■ □ ■ □ ■ □ ■ □ ■
14 ■ □ ■ □ ■ □ ■ □ ■ □ ■ □ ■ □ ■ □ ■ □
13 □ ■ □ ■ □ ■ □ ■ □ ■ □ ■ □ ■ □ ■ □ ■
12 ■ - - □ ■ □ ■ □ ■ □ ■ - ■ □ ■ □ ■ □
11 □ - □ - □ - □ - - - - - - ■ - ■ - ■
10 - - - - - - - - - - - □ - - - - - -
 9 - - - - - - - ■ - ■ - ■ - ■ - ■ - ■
 8 - - - - - □ - - - - - - - - - - - -
 7 □ - - - - - □ - - - - - - - - - - -
 6 - - - - - - - - - □ - □ - □ - - - □
 5 □ - - ■ - - - - - - - - - - - - - -
 4 - - - - - - - - - - - - - - - - - -
 3 □ - - ■ - ■ - ■ - ■ - - - ■ - - - ■
 2 - - - - - - - - - - - - ■ - ■ - - -
 1 □ - □ - □ - □ - □ - □ - - - - - - -
-- a b c d e f g h i j k l m n o p q r
black
Move[11:11]:[9:11]

Move[8:11]:[10:11]

?Move(123534):

Moving decoding:
[8:11]:[10:11]

*** Motley Crew's move ***
18 ■ □ ■ □ ■ □ ■ □ ■ □ ■ □ ■ □ ■ □ ■ □
17 □ ■ □ ■ □ ■ □ ■ □ ■ □ ■ □ ■ □ ■ □ ■
16 ■ □ ■ □ ■ □ ■ □ ■ □ ■ □ ■ □ ■ □ ■ □
15 □ ■ □ ■ □ ■ □ ■ □ ■ □ ■ □ ■ □ ■ □ ■
14 ■ □ ■ □ ■ □ ■ □ ■ □ ■ □ ■ □ ■ □ ■ □
13 □ ■ □ ■ □ ■ □ ■ □ ■ □ ■ □ ■ □ ■ □ ■
12 ■ - - □ ■ □ ■ □ ■ □ ■ - ■ □ ■ □ ■ □
11 □ - □ - □ - □ - - - - ■ - ■ - ■ - ■
10 - - - - - - - - - - - - - - - - - -
 9 - - - - - - - ■ - ■ - - - ■ - ■ - ■
 8 - - - - - □ - - - - - - - - - - - -
 7 □ - - - - - □ - - - - - - - - - - -
 6 - - - - - - - - - □ - □ - □ - - - □
 5 □ - - ■ - - - - - - - - - - - - - -
 4 - - - - - - - - - - - - - - - - - -
 3 □ - - ■ - ■ - ■ - ■ - - - ■ - - - ■
 2 - - - - - - - - - - - - ■ - ■ - - -
 1 □ - □ - □ - □ - □ - □ - - - - - - -
-- a b c d e f g h i j k l m n o p q r
white
(12, j) -> (12, l)
Moving encoding:
['(12, j) ', ' (12, l)']
*** Server Opponent's move ***
18 ■ □ ■ □ ■ □ ■ □ ■ □ ■ □ ■ □ ■ □ ■ □
17 □ ■ □ ■ □ ■ □ ■ □ ■ □ ■ □ ■ □ ■ □ ■
16 ■ □ ■ □ ■ □ ■ □ ■ □ ■ □ ■ □ ■ □ ■ □
15 □ ■ □ ■ □ ■ □ ■ □ ■ □ ■ □ ■ □ ■ □ ■
14 ■ □ ■ □ ■ □ ■ □ ■ □ ■ □ ■ □ ■ □ ■ □
13 □ ■ □ ■ □ ■ □ ■ □ ■ □ ■ □ ■ □ ■ □ ■
12 ■ - - □ ■ □ ■ □ ■ - - □ ■ □ ■ □ ■ □
11 □ - □ - □ - □ - - - - ■ - ■ - ■ - ■
10 - - - - - - - - - - - - - - - - - -
 9 - - - - - - - ■ - ■ - - - ■ - ■ - ■
 8 - - - - - □ - - - - - - - - - - - -
 7 □ - - - - - □ - - - - - - - - - - -
 6 - - - - - - - - - □ - □ - □ - - - □
 5 □ - - ■ - - - - - - - - - - - - - -
 4 - - - - - - - - - - - - - - - - - -
 3 □ - - ■ - ■ - ■ - ■ - - - ■ - - - ■
 2 - - - - - - - - - - - - ■ - ■ - - -
 1 □ - □ - □ - □ - □ - □ - - - - - - -
-- a b c d e f g h i j k l m n o p q r
black
Move[11:9]:[11:11]

Move[11:0]:[9:0]

?Move(122798):

Moving decoding:
[11:0]:[9:0]

*** Motley Crew's move ***
18 ■ □ ■ □ ■ □ ■ □ ■ □ ■ □ ■ □ ■ □ ■ □
17 □ ■ □ ■ □ ■ □ ■ □ ■ □ ■ □ ■ □ ■ □ ■
16 ■ □ ■ □ ■ □ ■ □ ■ □ ■ □ ■ □ ■ □ ■ □
15 □ ■ □ ■ □ ■ □ ■ □ ■ □ ■ □ ■ □ ■ □ ■
14 ■ □ ■ □ ■ □ ■ □ ■ □ ■ □ ■ □ ■ □ ■ □
13 □ ■ □ ■ □ ■ □ ■ □ ■ □ ■ □ ■ □ ■ □ ■
12 - - - □ ■ □ ■ □ ■ - - □ ■ □ ■ □ ■ □
11 - - □ - □ - □ - - - - ■ - ■ - ■ - ■
10 ■ - - - - - - - - - - - - - - - - -
 9 - - - - - - - ■ - ■ - - - ■ - ■ - ■
 8 - - - - - □ - - - - - - - - - - - -
 7 □ - - - - - □ - - - - - - - - - - -
 6 - - - - - - - - - □ - □ - □ - - - □
 5 □ - - ■ - - - - - - - - - - - - - -
 4 - - - - - - - - - - - - - - - - - -
 3 □ - - ■ - ■ - ■ - ■ - - - ■ - - - ■
 2 - - - - - - - - - - - - ■ - ■ - - -
 1 □ - □ - □ - □ - □ - □ - - - - - - -
-- a b c d e f g h i j k l m n o p q r
white
(12, h) -> (12, j)
Moving encoding:
['(12, h) ', ' (12, j)']
*** Server Opponent's move ***
18 ■ □ ■ □ ■ □ ■ □ ■ □ ■ □ ■ □ ■ □ ■ □
17 □ ■ □ ■ □ ■ □ ■ □ ■ □ ■ □ ■ □ ■ □ ■
16 ■ □ ■ □ ■ □ ■ □ ■ □ ■ □ ■ □ ■ □ ■ □
15 □ ■ □ ■ □ ■ □ ■ □ ■ □ ■ □ ■ □ ■ □ ■
14 ■ □ ■ □ ■ □ ■ □ ■ □ ■ □ ■ □ ■ □ ■ □
13 □ ■ □ ■ □ ■ □ ■ □ ■ □ ■ □ ■ □ ■ □ ■
12 - - - □ ■ □ ■ - - □ - □ ■ □ ■ □ ■ □
11 - - □ - □ - □ - - - - ■ - ■ - ■ - ■
10 ■ - - - - - - - - - - - - - - - - -
 9 - - - - - - - ■ - ■ - - - ■ - ■ - ■
 8 - - - - - □ - - - - - - - - - - - -
 7 □ - - - - - □ - - - - - - - - - - -
 6 - - - - - - - - - □ - □ - □ - - - □
 5 □ - - ■ - - - - - - - - - - - - - -
 4 - - - - - - - - - - - - - - - - - -
 3 □ - - ■ - ■ - ■ - ■ - - - ■ - - - ■
 2 - - - - - - - - - - - - ■ - ■ - - -
 1 □ - □ - □ - □ - □ - □ - - - - - - -
-- a b c d e f g h i j k l m n o p q r
black
Move[11:7]:[11:9]

Move[11:4]:[11:2]

?Move(122157):

Moving decoding:
[11:4]:[11:2]

*** Motley Crew's move ***
18 ■ □ ■ □ ■ □ ■ □ ■ □ ■ □ ■ □ ■ □ ■ □
17 □ ■ □ ■ □ ■ □ ■ □ ■ □ ■ □ ■ □ ■ □ ■
16 ■ □ ■ □ ■ □ ■ □ ■ □ ■ □ ■ □ ■ □ ■ □
15 □ ■ □ ■ □ ■ □ ■ □ ■ □ ■ □ ■ □ ■ □ ■
14 ■ □ ■ □ ■ □ ■ □ ■ □ ■ □ ■ □ ■ □ ■ □
13 □ ■ □ ■ □ ■ □ ■ □ ■ □ ■ □ ■ □ ■ □ ■
12 - - ■ - - □ ■ - - □ - □ ■ □ ■ □ ■ □
11 - - □ - □ - □ - - - - ■ - ■ - ■ - ■
10 ■ - - - - - - - - - - - - - - - - -
 9 - - - - - - - ■ - ■ - - - ■ - ■ - ■
 8 - - - - - □ - - - - - - - - - - - -
 7 □ - - - - - □ - - - - - - - - - - -
 6 - - - - - - - - - □ - □ - □ - - - □
 5 □ - - ■ - - - - - - - - - - - - - -
 4 - - - - - - - - - - - - - - - - - -
 3 □ - - ■ - ■ - ■ - ■ - - - ■ - - - ■
 2 - - - - - - - - - - - - ■ - ■ - - -
 1 □ - □ - □ - □ - □ - □ - - - - - - -
-- a b c d e f g h i j k l m n o p q r
white
(12, f) -> (12, h)
Moving encoding:
['(12, f) ', ' (12, h)']
*** Server Opponent's move ***
18 ■ □ ■ □ ■ □ ■ □ ■ □ ■ □ ■ □ ■ □ ■ □
17 □ ■ □ ■ □ ■ □ ■ □ ■ □ ■ □ ■ □ ■ □ ■
16 ■ □ ■ □ ■ □ ■ □ ■ □ ■ □ ■ □ ■ □ ■ □
15 □ ■ □ ■ □ ■ □ ■ □ ■ □ ■ □ ■ □ ■ □ ■
14 ■ □ ■ □ ■ □ ■ □ ■ □ ■ □ ■ □ ■ □ ■ □
13 □ ■ □ ■ □ ■ □ ■ □ ■ □ ■ □ ■ □ ■ □ ■
12 - - ■ - - - - □ - □ - □ ■ □ ■ □ ■ □
11 - - □ - □ - □ - - - - ■ - ■ - ■ - ■
10 ■ - - - - - - - - - - - - - - - - -
 9 - - - - - - - ■ - ■ - - - ■ - ■ - ■
 8 - - - - - □ - - - - - - - - - - - -
 7 □ - - - - - □ - - - - - - - - - - -
 6 - - - - - - - - - □ - □ - □ - - - □
 5 □ - - ■ - - - - - - - - - - - - - -
 4 - - - - - - - - - - - - - - - - - -
 3 □ - - ■ - ■ - ■ - ■ - - - ■ - - - ■
 2 - - - - - - - - - - - - ■ - ■ - - -
 1 □ - □ - □ - □ - □ - □ - - - - - - -
-- a b c d e f g h i j k l m n o p q r
black
Move[11:5]:[11:7]

Move[11:2]:[9:2]

?Move(121558):

Moving decoding:
[11:2]:[9:2]

*** Motley Crew's move ***
18 ■ □ ■ □ ■ □ ■ □ ■ □ ■ □ ■ □ ■ □ ■ □
17 □ ■ □ ■ □ ■ □ ■ □ ■ □ ■ □ ■ □ ■ □ ■
16 ■ □ ■ □ ■ □ ■ □ ■ □ ■ □ ■ □ ■ □ ■ □
15 □ ■ □ ■ □ ■ □ ■ □ ■ □ ■ □ ■ □ ■ □ ■
14 ■ □ ■ □ ■ □ ■ □ ■ □ ■ □ ■ □ ■ □ ■ □
13 □ ■ □ ■ □ ■ □ ■ □ ■ □ ■ □ ■ □ ■ □ ■
12 - - - - - - - □ - □ - □ ■ □ ■ □ ■ □
11 - - - - □ - □ - - - - ■ - ■ - ■ - ■
10 ■ - ■ - - - - - - - - - - - - - - -
 9 - - - - - - - ■ - ■ - - - ■ - ■ - ■
 8 - - - - - □ - - - - - - - - - - - -
 7 □ - - - - - □ - - - - - - - - - - -
 6 - - - - - - - - - □ - □ - □ - - - □
 5 □ - - ■ - - - - - - - - - - - - - -
 4 - - - - - - - - - - - - - - - - - -
 3 □ - - ■ - ■ - ■ - ■ - - - ■ - - - ■
 2 - - - - - - - - - - - - ■ - ■ - - -
 1 □ - □ - □ - □ - □ - □ - - - - - - -
-- a b c d e f g h i j k l m n o p q r
white
(12, l) -> (10, l)
Moving encoding:
['(12, l) ', ' (10, l)']
*** Server Opponent's move ***
18 ■ □ ■ □ ■ □ ■ □ ■ □ ■ □ ■ □ ■ □ ■ □
17 □ ■ □ ■ □ ■ □ ■ □ ■ □ ■ □ ■ □ ■ □ ■
16 ■ □ ■ □ ■ □ ■ □ ■ □ ■ □ ■ □ ■ □ ■ □
15 □ ■ □ ■ □ ■ □ ■ □ ■ □ ■ □ ■ □ ■ □ ■
14 ■ □ ■ □ ■ □ ■ □ ■ □ ■ □ ■ □ ■ □ ■ □
13 □ ■ □ ■ □ ■ □ ■ □ ■ □ ■ □ ■ □ ■ □ ■
12 - - - - - - - □ - □ - - ■ □ ■ □ ■ □
11 - - - - □ - □ - - - - - - ■ - ■ - ■
10 ■ - ■ - - - - - - - - □ - - - - - -
 9 - - - - - - - ■ - ■ - - - ■ - ■ - ■
 8 - - - - - □ - - - - - - - - - - - -
 7 □ - - - - - □ - - - - - - - - - - -
 6 - - - - - - - - - □ - □ - □ - - - □
 5 □ - - ■ - - - - - - - - - - - - - -
 4 - - - - - - - - - - - - - - - - - -
 3 □ - - ■ - ■ - ■ - ■ - - - ■ - - - ■
 2 - - - - - - - - - - - - ■ - ■ - - -
 1 □ - □ - □ - □ - □ - □ - - - - - - -
-- a b c d e f g h i j k l m n o p q r
black
Move[11:11]:[9:11]

Move[12:7]:[10:7]

?Move(120988):

Moving decoding:
[12:7]:[10:7]

*** Motley Crew's move ***
18 ■ □ ■ □ ■ □ ■ □ ■ □ ■ □ ■ □ ■ □ ■ □
17 □ ■ □ ■ □ ■ □ ■ □ ■ □ ■ □ ■ □ ■ □ ■
16 ■ □ ■ □ ■ □ ■ □ ■ □ ■ □ ■ □ ■ □ ■ □
15 □ ■ □ ■ □ ■ □ ■ □ ■ □ ■ □ ■ □ ■ □ ■
14 ■ □ ■ □ ■ □ ■ □ ■ □ ■ □ ■ □ ■ □ ■ □
13 □ ■ □ ■ □ ■ □ - □ ■ □ ■ □ ■ □ ■ □ ■
12 - - - - - - - - - □ - - ■ □ ■ □ ■ □
11 - - - - □ - □ ■ - - - - - ■ - ■ - ■
10 ■ - ■ - - - - - - - - □ - - - - - -
 9 - - - - - - - ■ - ■ - - - ■ - ■ - ■
 8 - - - - - □ - - - - - - - - - - - -
 7 □ - - - - - □ - - - - - - - - - - -
 6 - - - - - - - - - □ - □ - □ - - - □
 5 □ - - ■ - - - - - - - - - - - - - -
 4 - - - - - - - - - - - - - - - - - -
 3 □ - - ■ - ■ - ■ - ■ - - - ■ - - - ■
 2 - - - - - - - - - - - - ■ - ■ - - -
 1 □ - □ - □ - □ - □ - □ - - - - - - -
-- a b c d e f g h i j k l m n o p q r
white
(11, g) -> (11, i)
Moving encoding:
['(11, g) ', ' (11, i)']
*** Server Opponent's move ***
18 ■ □ ■ □ ■ □ ■ □ ■ □ ■ □ ■ □ ■ □ ■ □
17 □ ■ □ ■ □ ■ □ ■ □ ■ □ ■ □ ■ □ ■ □ ■
16 ■ □ ■ □ ■ □ ■ □ ■ □ ■ □ ■ □ ■ □ ■ □
15 □ ■ □ ■ □ ■ □ ■ □ ■ □ ■ □ ■ □ ■ □ ■
14 ■ □ ■ □ ■ □ ■ □ ■ □ ■ □ ■ □ ■ □ ■ □
13 □ ■ □ ■ □ ■ □ - □ ■ □ ■ □ ■ □ ■ □ ■
12 - - - - - - - - - □ - - ■ □ ■ □ ■ □
11 - - - - □ - - - □ - - - - ■ - ■ - ■
10 ■ - ■ - - - - - - - - □ - - - - - -
 9 - - - - - - - ■ - ■ - - - ■ - ■ - ■
 8 - - - - - □ - - - - - - - - - - - -
 7 □ - - - - - □ - - - - - - - - - - -
 6 - - - - - - - - - □ - □ - □ - - - □
 5 □ - - ■ - - - - - - - - - - - - - -
 4 - - - - - - - - - - - - - - - - - -
 3 □ - - ■ - ■ - ■ - ■ - - - ■ - - - ■
 2 - - - - - - - - - - - - ■ - ■ - - -
 1 □ - □ - □ - □ - □ - □ - - - - - - -
-- a b c d e f g h i j k l m n o p q r
black
Move[10:6]:[10:8]

Move[12:5]:[12:7]

?Move(120320):

Moving decoding:
[12:5]:[12:7]

*** Motley Crew's move ***
18 ■ □ ■ □ ■ □ ■ □ ■ □ ■ □ ■ □ ■ □ ■ □
17 □ ■ □ ■ □ ■ □ ■ □ ■ □ ■ □ ■ □ ■ □ ■
16 ■ □ ■ □ ■ □ ■ □ ■ □ ■ □ ■ □ ■ □ ■ □
15 □ ■ □ ■ □ ■ □ ■ □ ■ □ ■ □ ■ □ ■ □ ■
14 ■ □ ■ □ ■ □ ■ □ ■ □ ■ □ ■ □ ■ □ ■ □
13 □ ■ □ ■ □ - - ■ □ ■ □ ■ □ ■ □ ■ □ ■
12 - - - - - - - - - □ - - ■ □ ■ □ ■ □
11 - - - - □ - - - □ - - - - ■ - ■ - ■
10 ■ - ■ - - - - - - - - □ - - - - - -
 9 - - - - - - - ■ - ■ - - - ■ - ■ - ■
 8 - - - - - □ - - - - - - - - - - - -
 7 □ - - - - - □ - - - - - - - - - - -
 6 - - - - - - - - - □ - □ - □ - - - □
 5 □ - - ■ - - - - - - - - - - - - - -
 4 - - - - - - - - - - - - - - - - - -
 3 □ - - ■ - ■ - ■ - ■ - - - ■ - - - ■
 2 - - - - - - - - - - - - ■ - ■ - - -
 1 □ - □ - □ - □ - □ - □ - - - - - - -
-- a b c d e f g h i j k l m n o p q r
white
(12, n) -> (12, l)
Moving encoding:
['(12, n) ', ' (12, l)']
*** Server Opponent's move ***
18 ■ □ ■ □ ■ □ ■ □ ■ □ ■ □ ■ □ ■ □ ■ □
17 □ ■ □ ■ □ ■ □ ■ □ ■ □ ■ □ ■ □ ■ □ ■
16 ■ □ ■ □ ■ □ ■ □ ■ □ ■ □ ■ □ ■ □ ■ □
15 □ ■ □ ■ □ ■ □ ■ □ ■ □ ■ □ ■ □ ■ □ ■
14 ■ □ ■ □ ■ □ ■ □ ■ □ ■ □ ■ □ ■ □ ■ □
13 □ ■ □ ■ □ - - ■ □ ■ □ ■ □ ■ □ ■ □ ■
12 - - - - - - - - - □ - □ - - ■ □ ■ □
11 - - - - □ - - - □ - - - - ■ - ■ - ■
10 ■ - ■ - - - - - - - - □ - - - - - -
 9 - - - - - - - ■ - ■ - - - ■ - ■ - ■
 8 - - - - - □ - - - - - - - - - - - -
 7 □ - - - - - □ - - - - - - - - - - -
 6 - - - - - - - - - □ - □ - □ - - - □
 5 □ - - ■ - - - - - - - - - - - - - -
 4 - - - - - - - - - - - - - - - - - -
 3 □ - - ■ - ■ - ■ - ■ - - - ■ - - - ■
 2 - - - - - - - - - - - - ■ - ■ - - -
 1 □ - □ - □ - □ - □ - □ - - - - - - -
-- a b c d e f g h i j k l m n o p q r
black
Move[11:13]:[11:11]

Move[12:3]:[12:5]

?Move(119586):

Moving decoding:
[12:3]:[12:5]

*** Motley Crew's move ***
18 ■ □ ■ □ ■ □ ■ □ ■ □ ■ □ ■ □ ■ □ ■ □
17 □ ■ □ ■ □ ■ □ ■ □ ■ □ ■ □ ■ □ ■ □ ■
16 ■ □ ■ □ ■ □ ■ □ ■ □ ■ □ ■ □ ■ □ ■ □
15 □ ■ □ ■ □ ■ □ ■ □ ■ □ ■ □ ■ □ ■ □ ■
14 ■ □ ■ □ ■ □ ■ □ ■ □ ■ □ ■ □ ■ □ ■ □
13 □ ■ □ - - ■ - ■ □ ■ □ ■ □ ■ □ ■ □ ■
12 - - - - - - - - - □ - □ - - ■ □ ■ □
11 - - - - □ - - - □ - - - - ■ - ■ - ■
10 ■ - ■ - - - - - - - - □ - - - - - -
 9 - - - - - - - ■ - ■ - - - ■ - ■ - ■
 8 - - - - - □ - - - - - - - - - - - -
 7 □ - - - - - □ - - - - - - - - - - -
 6 - - - - - - - - - □ - □ - □ - - - □
 5 □ - - ■ - - - - - - - - - - - - - -
 4 - - - - - - - - - - - - - - - - - -
 3 □ - - ■ - ■ - ■ - ■ - - - ■ - - - ■
 2 - - - - - - - - - - - - ■ - ■ - - -
 1 □ - □ - □ - □ - □ - □ - - - - - - -
-- a b c d e f g h i j k l m n o p q r
white
(12, p) -> (12, n)
Moving encoding:
['(12, p) ', ' (12, n)']
*** Server Opponent's move ***
18 ■ □ ■ □ ■ □ ■ □ ■ □ ■ □ ■ □ ■ □ ■ □
17 □ ■ □ ■ □ ■ □ ■ □ ■ □ ■ □ ■ □ ■ □ ■
16 ■ □ ■ □ ■ □ ■ □ ■ □ ■ □ ■ □ ■ □ ■ □
15 □ ■ □ ■ □ ■ □ ■ □ ■ □ ■ □ ■ □ ■ □ ■
14 ■ □ ■ □ ■ □ ■ □ ■ □ ■ □ ■ □ ■ □ ■ □
13 □ ■ □ - - ■ - ■ □ ■ □ ■ □ ■ □ ■ □ ■
12 - - - - - - - - - □ - □ - □ - - ■ □
11 - - - - □ - - - □ - - - - ■ - ■ - ■
10 ■ - ■ - - - - - - - - □ - - - - - -
 9 - - - - - - - ■ - ■ - - - ■ - ■ - ■
 8 - - - - - □ - - - - - - - - - - - -
 7 □ - - - - - □ - - - - - - - - - - -
 6 - - - - - - - - - □ - □ - □ - - - □
 5 □ - - ■ - - - - - - - - - - - - - -
 4 - - - - - - - - - - - - - - - - - -
 3 □ - - ■ - ■ - ■ - ■ - - - ■ - - - ■
 2 - - - - - - - - - - - - ■ - ■ - - -
 1 □ - □ - □ - □ - □ - □ - - - - - - -
-- a b c d e f g h i j k l m n o p q r
black
Move[11:15]:[11:13]

Move[12:1]:[12:3]

?Move(118806):

Moving decoding:
[12:1]:[12:3]

*** Motley Crew's move ***
18 ■ □ ■ □ ■ □ ■ □ ■ □ ■ □ ■ □ ■ □ ■ □
17 □ ■ □ ■ □ ■ □ ■ □ ■ □ ■ □ ■ □ ■ □ ■
16 ■ □ ■ □ ■ □ ■ □ ■ □ ■ □ ■ □ ■ □ ■ □
15 □ ■ □ ■ □ ■ □ ■ □ ■ □ ■ □ ■ □ ■ □ ■
14 ■ □ ■ □ ■ □ ■ □ ■ □ ■ □ ■ □ ■ □ ■ □
13 □ - - ■ - ■ - ■ □ ■ □ ■ □ ■ □ ■ □ ■
12 - - - - - - - - - □ - □ - □ - - ■ □
11 - - - - □ - - - □ - - - - ■ - ■ - ■
10 ■ - ■ - - - - - - - - □ - - - - - -
 9 - - - - - - - ■ - ■ - - - ■ - ■ - ■
 8 - - - - - □ - - - - - - - - - - - -
 7 □ - - - - - □ - - - - - - - - - - -
 6 - - - - - - - - - □ - □ - □ - - - □
 5 □ - - ■ - - - - - - - - - - - - - -
 4 - - - - - - - - - - - - - - - - - -
 3 □ - - ■ - ■ - ■ - ■ - - - ■ - - - ■
 2 - - - - - - - - - - - - ■ - ■ - - -
 1 □ - □ - □ - □ - □ - □ - - - - - - -
-- a b c d e f g h i j k l m n o p q r
white
(12, n) -> (10, n)
Moving encoding:
['(12, n) ', ' (10, n)']
*** Server Opponent's move ***
18 ■ □ ■ □ ■ □ ■ □ ■ □ ■ □ ■ □ ■ □ ■ □
17 □ ■ □ ■ □ ■ □ ■ □ ■ □ ■ □ ■ □ ■ □ ■
16 ■ □ ■ □ ■ □ ■ □ ■ □ ■ □ ■ □ ■ □ ■ □
15 □ ■ □ ■ □ ■ □ ■ □ ■ □ ■ □ ■ □ ■ □ ■
14 ■ □ ■ □ ■ □ ■ □ ■ □ ■ □ ■ □ ■ □ ■ □
13 □ - - ■ - ■ - ■ □ ■ □ ■ □ ■ □ ■ □ ■
12 - - - - - - - - - □ - □ - - - - ■ □
11 - - - - □ - - - □ - - - - - - ■ - ■
10 ■ - ■ - - - - - - - - □ - □ - - - -
 9 - - - - - - - ■ - ■ - - - ■ - ■ - ■
 8 - - - - - □ - - - - - - - - - - - -
 7 □ - - - - - □ - - - - - - - - - - -
 6 - - - - - - - - - □ - □ - □ - - - □
 5 □ - - ■ - - - - - - - - - - - - - -
 4 - - - - - - - - - - - - - - - - - -
 3 □ - - ■ - ■ - ■ - ■ - - - ■ - - - ■
 2 - - - - - - - - - - - - ■ - ■ - - -
 1 □ - □ - □ - □ - □ - □ - - - - - - -
-- a b c d e f g h i j k l m n o p q r
black
Move[11:13]:[9:13]

Move[8:13]:[10:13]

?Move(118031):

Moving decoding:
[8:13]:[10:13]

*** Motley Crew's move ***
18 ■ □ ■ □ ■ □ ■ □ ■ □ ■ □ ■ □ ■ □ ■ □
17 □ ■ □ ■ □ ■ □ ■ □ ■ □ ■ □ ■ □ ■ □ ■
16 ■ □ ■ □ ■ □ ■ □ ■ □ ■ □ ■ □ ■ □ ■ □
15 □ ■ □ ■ □ ■ □ ■ □ ■ □ ■ □ ■ □ ■ □ ■
14 ■ □ ■ □ ■ □ ■ □ ■ □ ■ □ ■ □ ■ □ ■ □
13 □ - - ■ - ■ - ■ □ ■ □ ■ □ ■ □ ■ □ ■
12 - - - - - - - - - □ - □ - - - - ■ □
11 - - - - □ - - - □ - - - - ■ - ■ - ■
10 ■ - ■ - - - - - - - - □ - - - - - -
 9 - - - - - - - ■ - ■ - - - - - ■ - ■
 8 - - - - - □ - - - - - - - - - - - -
 7 □ - - - - - □ - - - - - - - - - - -
 6 - - - - - - - - - □ - □ - □ - - - □
 5 □ - - ■ - - - - - - - - - - - - - -
 4 - - - - - - - - - - - - - - - - - -
 3 □ - - ■ - ■ - ■ - ■ - - - ■ - - - ■
 2 - - - - - - - - - - - - ■ - ■ - - -
 1 □ - □ - □ - □ - □ - □ - - - - - - -
-- a b c d e f g h i j k l m n o p q r
white
(12, r) -> (12, p)
Moving encoding:
['(12, r) ', ' (12, p)']
*** Server Opponent's move ***
18 ■ □ ■ □ ■ □ ■ □ ■ □ ■ □ ■ □ ■ □ ■ □
17 □ ■ □ ■ □ ■ □ ■ □ ■ □ ■ □ ■ □ ■ □ ■
16 ■ □ ■ □ ■ □ ■ □ ■ □ ■ □ ■ □ ■ □ ■ □
15 □ ■ □ ■ □ ■ □ ■ □ ■ □ ■ □ ■ □ ■ □ ■
14 ■ □ ■ □ ■ □ ■ □ ■ □ ■ □ ■ □ ■ □ ■ □
13 □ - - ■ - ■ - ■ □ ■ □ ■ □ ■ □ ■ □ ■
12 - - - - - - - - - □ - □ - - - □ - -
11 - - - - □ - - - □ - - - - ■ - ■ - ■
10 ■ - ■ - - - - - - - - □ - - - - - -
 9 - - - - - - - ■ - ■ - - - - - ■ - ■
 8 - - - - - □ - - - - - - - - - - - -
 7 □ - - - - - □ - - - - - - - - - - -
 6 - - - - - - - - - □ - □ - □ - - - □
 5 □ - - ■ - - - - - - - - - - - - - -
 4 - - - - - - - - - - - - - - - - - -
 3 □ - - ■ - ■ - ■ - ■ - - - ■ - - - ■
 2 - - - - - - - - - - - - ■ - ■ - - -
 1 □ - □ - □ - □ - □ - □ - - - - - - -
-- a b c d e f g h i j k l m n o p q r
black
Move[11:17]:[11:15]

Move[12:9]:[10:9]

?Move(117254):

Moving decoding:
[12:9]:[10:9]

*** Motley Crew's move ***
18 ■ □ ■ □ ■ □ ■ □ ■ □ ■ □ ■ □ ■ □ ■ □
17 □ ■ □ ■ □ ■ □ ■ □ ■ □ ■ □ ■ □ ■ □ ■
16 ■ □ ■ □ ■ □ ■ □ ■ □ ■ □ ■ □ ■ □ ■ □
15 □ ■ □ ■ □ ■ □ ■ □ ■ □ ■ □ ■ □ ■ □ ■
14 ■ □ ■ □ ■ □ ■ □ ■ □ ■ □ ■ □ ■ □ ■ □
13 □ - - ■ - ■ - ■ □ - □ ■ □ ■ □ ■ □ ■
12 - - - - - - - - - - - □ - - - □ - -
11 - - - - □ - - - □ ■ - - - ■ - ■ - ■
10 ■ - ■ - - - - - - - - □ - - - - - -
 9 - - - - - - - ■ - ■ - - - - - ■ - ■
 8 - - - - - □ - - - - - - - - - - - -
 7 □ - - - - - □ - - - - - - - - - - -
 6 - - - - - - - - - □ - □ - □ - - - □
 5 □ - - ■ - - - - - - - - - - - - - -
 4 - - - - - - - - - - - - - - - - - -
 3 □ - - ■ - ■ - ■ - ■ - - - ■ - - - ■
 2 - - - - - - - - - - - - ■ - ■ - - -
 1 □ - □ - □ - □ - □ - □ - - - - - - -
-- a b c d e f g h i j k l m n o p q r
white
(11, i) -> (11, k)
Moving encoding:
['(11, i) ', ' (11, k)']
*** Server Opponent's move ***
18 ■ □ ■ □ ■ □ ■ □ ■ □ ■ □ ■ □ ■ □ ■ □
17 □ ■ □ ■ □ ■ □ ■ □ ■ □ ■ □ ■ □ ■ □ ■
16 ■ □ ■ □ ■ □ ■ □ ■ □ ■ □ ■ □ ■ □ ■ □
15 □ ■ □ ■ □ ■ □ ■ □ ■ □ ■ □ ■ □ ■ □ ■
14 ■ □ ■ □ ■ □ ■ □ ■ □ ■ □ ■ □ ■ □ ■ □
13 □ - - ■ - ■ - ■ □ - □ ■ □ ■ □ ■ □ ■
12 - - - - - - - - - - - □ - - - □ - -
11 - - - - □ - - - - - □ - - ■ - ■ - ■
10 ■ - ■ - - - - - - - - □ - - - - - -
 9 - - - - - - - ■ - ■ - - - - - ■ - ■
 8 - - - - - □ - - - - - - - - - - - -
 7 □ - - - - - □ - - - - - - - - - - -
 6 - - - - - - - - - □ - □ - □ - - - □
 5 □ - - ■ - - - - - - - - - - - - - -
 4 - - - - - - - - - - - - - - - - - -
 3 □ - - ■ - ■ - ■ - ■ - - - ■ - - - ■
 2 - - - - - - - - - - - - ■ - ■ - - -
 1 □ - □ - □ - □ - □ - □ - - - - - - -
-- a b c d e f g h i j k l m n o p q r
black
Move[10:8]:[10:10]

Move[12:7]:[12:9]

?Move(116556):

Moving decoding:
[12:7]:[12:9]

*** Motley Crew's move ***
18 ■ □ ■ □ ■ □ ■ □ ■ □ ■ □ ■ □ ■ □ ■ □
17 □ ■ □ ■ □ ■ □ ■ □ ■ □ ■ □ ■ □ ■ □ ■
16 ■ □ ■ □ ■ □ ■ □ ■ □ ■ □ ■ □ ■ □ ■ □
15 □ ■ □ ■ □ ■ □ ■ □ ■ □ ■ □ ■ □ ■ □ ■
14 ■ □ ■ □ ■ □ ■ □ ■ □ ■ □ ■ □ ■ □ ■ □
13 □ - - ■ - ■ - - - ■ □ ■ □ ■ □ ■ □ ■
12 - - - - - - - - - - - □ - - - □ - -
11 - - - - □ - - - - - □ - - ■ - ■ - ■
10 ■ - ■ - - - - - - - - □ - - - - - -
 9 - - - - - - - ■ - ■ - - - - - ■ - ■
 8 - - - - - □ - - - - - - - - - - - -
 7 □ - - - - - □ - - - - - - - - - - -
 6 - - - - - - - - - □ - □ - □ - - - □
 5 □ - - ■ - - - - - - - - - - - - - -
 4 - - - - - - - - - - - - - - - - - -
 3 □ - - ■ - ■ - ■ - ■ - - - ■ - - - ■
 2 - - - - - - - - - - - - ■ - ■ - - -
 1 □ - □ - □ - □ - □ - □ - - - - - - -
-- a b c d e f g h i j k l m n o p q r
white
(12, p) -> (10, p)
Moving encoding:
['(12, p) ', ' (10, p)']
*** Server Opponent's move ***
18 ■ □ ■ □ ■ □ ■ □ ■ □ ■ □ ■ □ ■ □ ■ □
17 □ ■ □ ■ □ ■ □ ■ □ ■ □ ■ □ ■ □ ■ □ ■
16 ■ □ ■ □ ■ □ ■ □ ■ □ ■ □ ■ □ ■ □ ■ □
15 □ ■ □ ■ □ ■ □ ■ □ ■ □ ■ □ ■ □ ■ □ ■
14 ■ □ ■ □ ■ □ ■ □ ■ □ ■ □ ■ □ ■ □ ■ □
13 □ - - ■ - ■ - - - ■ □ ■ □ ■ □ ■ □ ■
12 - - - - - - - - - - - □ - - - - - -
11 - - - - □ - - - - - □ - - ■ - - - ■
10 ■ - ■ - - - - - - - - □ - - - □ - -
 9 - - - - - - - ■ - ■ - - - - - ■ - ■
 8 - - - - - □ - - - - - - - - - - - -
 7 □ - - - - - □ - - - - - - - - - - -
 6 - - - - - - - - - □ - □ - □ - - - □
 5 □ - - ■ - - - - - - - - - - - - - -
 4 - - - - - - - - - - - - - - - - - -
 3 □ - - ■ - ■ - ■ - ■ - - - ■ - - - ■
 2 - - - - - - - - - - - - ■ - ■ - - -
 1 □ - □ - □ - □ - □ - □ - - - - - - -
-- a b c d e f g h i j k l m n o p q r
black
Move[11:15]:[9:15]

Move[8:15]:[10:15]

?Move(115899):

Moving decoding:
[8:15]:[10:15]

*** Motley Crew's move ***
18 ■ □ ■ □ ■ □ ■ □ ■ □ ■ □ ■ □ ■ □ ■ □
17 □ ■ □ ■ □ ■ □ ■ □ ■ □ ■ □ ■ □ ■ □ ■
16 ■ □ ■ □ ■ □ ■ □ ■ □ ■ □ ■ □ ■ □ ■ □
15 □ ■ □ ■ □ ■ □ ■ □ ■ □ ■ □ ■ □ ■ □ ■
14 ■ □ ■ □ ■ □ ■ □ ■ □ ■ □ ■ □ ■ □ ■ □
13 □ - - ■ - ■ - - - ■ □ ■ □ ■ □ ■ □ ■
12 - - - - - - - - - - - □ - - - - - -
11 - - - - □ - - - - - □ - - ■ - ■ - ■
10 ■ - ■ - - - - - - - - □ - - - - - -
 9 - - - - - - - ■ - ■ - - - - - - - ■
 8 - - - - - □ - - - - - - - - - - - -
 7 □ - - - - - □ - - - - - - - - - - -
 6 - - - - - - - - - □ - □ - □ - - - □
 5 □ - - ■ - - - - - - - - - - - - - -
 4 - - - - - - - - - - - - - - - - - -
 3 □ - - ■ - ■ - ■ - ■ - - - ■ - - - ■
 2 - - - - - - - - - - - - ■ - ■ - - -
 1 □ - □ - □ - □ - □ - □ - - - - - - -
-- a b c d e f g h i j k l m n o p q r
white
(13, k) -> (13, i)
Moving encoding:
['(13, k) ', ' (13, i)']
*** Server Opponent's move ***
18 ■ □ ■ □ ■ □ ■ □ ■ □ ■ □ ■ □ ■ □ ■ □
17 □ ■ □ ■ □ ■ □ ■ □ ■ □ ■ □ ■ □ ■ □ ■
16 ■ □ ■ □ ■ □ ■ □ ■ □ ■ □ ■ □ ■ □ ■ □
15 □ ■ □ ■ □ ■ □ ■ □ ■ □ ■ □ ■ □ ■ □ ■
14 ■ □ ■ □ ■ □ ■ □ ■ □ ■ □ ■ □ ■ □ ■ □
13 □ - - ■ - ■ - - □ - - ■ □ ■ □ ■ □ ■
12 - - - - - - - - - - - □ - - - - - -
11 - - - - □ - - - - - □ - - ■ - ■ - ■
10 ■ - ■ - - - - - - - - □ - - - - - -
 9 - - - - - - - ■ - ■ - - - - - - - ■
 8 - - - - - □ - - - - - - - - - - - -
 7 □ - - - - - □ - - - - - - - - - - -
 6 - - - - - - - - - □ - □ - □ - - - □
 5 □ - - ■ - - - - - - - - - - - - - -
 4 - - - - - - - - - - - - - - - - - -
 3 □ - - ■ - ■ - ■ - ■ - - - ■ - - - ■
 2 - - - - - - - - - - - - ■ - ■ - - -
 1 □ - □ - □ - □ - □ - □ - - - - - - -
-- a b c d e f g h i j k l m n o p q r
black
Move[12:10]:[12:8]

Move[12:11]:[10:11]

?Move(115262):

Moving decoding:
[12:11]:[10:11]

*** Motley Crew's move ***
18 ■ □ ■ □ ■ □ ■ □ ■ □ ■ □ ■ □ ■ □ ■ □
17 □ ■ □ ■ □ ■ □ ■ □ ■ □ ■ □ ■ □ ■ □ ■
16 ■ □ ■ □ ■ □ ■ □ ■ □ ■ □ ■ □ ■ □ ■ □
15 □ ■ □ ■ □ ■ □ ■ □ ■ □ ■ □ ■ □ ■ □ ■
14 ■ □ ■ □ ■ □ ■ □ ■ □ ■ □ ■ □ ■ □ ■ □
13 □ - - ■ - ■ - - □ - - - □ ■ □ ■ □ ■
12 - - - - - - - - - - - - - - - - - -
11 - - - - □ - - - - - □ ■ - ■ - ■ - ■
10 ■ - ■ - - - - - - - - □ - - - - - -
 9 - - - - - - - ■ - ■ - - - - - - - ■
 8 - - - - - □ - - - - - - - - - - - -
 7 □ - - - - - □ - - - - - - - - - - -
 6 - - - - - - - - - □ - □ - □ - - - □
 5 □ - - ■ - - - - - - - - - - - - - -
 4 - - - - - - - - - - - - - - - - - -
 3 □ - - ■ - ■ - ■ - ■ - - - ■ - - - ■
 2 - - - - - - - - - - - - ■ - ■ - - -
 1 □ - □ - □ - □ - □ - □ - - - - - - -
-- a b c d e f g h i j k l m n o p q r
white
(10, l) -> (12, l)
Moving encoding:
['(10, l) ', ' (12, l)']
*** Server Opponent's move ***
18 ■ □ ■ □ ■ □ ■ □ ■ □ ■ □ ■ □ ■ □ ■ □
17 □ ■ □ ■ □ ■ □ ■ □ ■ □ ■ □ ■ □ ■ □ ■
16 ■ □ ■ □ ■ □ ■ □ ■ □ ■ □ ■ □ ■ □ ■ □
15 □ ■ □ ■ □ ■ □ ■ □ ■ □ ■ □ ■ □ ■ □ ■
14 ■ □ ■ □ ■ □ ■ □ ■ □ ■ □ ■ □ ■ □ ■ □
13 □ - - ■ - ■ - - □ - - - □ ■ □ ■ □ ■
12 - - - - - - - - - - - □ - - - - - -
11 - - - - □ - - - - - □ - - ■ - ■ - ■
10 ■ - ■ - - - - - - - - - - - - - - -
 9 - - - - - - - ■ - ■ - - - - - - - ■
 8 - - - - - □ - - - - - - - - - - - -
 7 □ - - - - - □ - - - - - - - - - - -
 6 - - - - - - - - - □ - □ - □ - - - □
 5 □ - - ■ - - - - - - - - - - - - - -
 4 - - - - - - - - - - - - - - - - - -
 3 □ - - ■ - ■ - ■ - ■ - - - ■ - - - ■
 2 - - - - - - - - - - - - ■ - ■ - - -
 1 □ - □ - □ - □ - □ - □ - - - - - - -
-- a b c d e f g h i j k l m n o p q r
black
Move[9:11]:[11:11]

Move[12:13]:[12:11]

?Move(114668):

Moving decoding:
[12:13]:[12:11]

*** Motley Crew's move ***
18 ■ □ ■ □ ■ □ ■ □ ■ □ ■ □ ■ □ ■ □ ■ □
17 □ ■ □ ■ □ ■ □ ■ □ ■ □ ■ □ ■ □ ■ □ ■
16 ■ □ ■ □ ■ □ ■ □ ■ □ ■ □ ■ □ ■ □ ■ □
15 □ ■ □ ■ □ ■ □ ■ □ ■ □ ■ □ ■ □ ■ □ ■
14 ■ □ ■ □ ■ □ ■ □ ■ □ ■ □ ■ □ ■ □ ■ □
13 □ - - ■ - ■ - - □ - - ■ - - □ ■ □ ■
12 - - - - - - - - - - - □ - - - - - -
11 - - - - □ - - - - - □ - - ■ - ■ - ■
10 ■ - ■ - - - - - - - - - - - - - - -
 9 - - - - - - - ■ - ■ - - - - - - - ■
 8 - - - - - □ - - - - - - - - - - - -
 7 □ - - - - - □ - - - - - - - - - - -
 6 - - - - - - - - - □ - □ - □ - - - □
 5 □ - - ■ - - - - - - - - - - - - - -
 4 - - - - - - - - - - - - - - - - - -
 3 □ - - ■ - ■ - ■ - ■ - - - ■ - - - ■
 2 - - - - - - - - - - - - ■ - ■ - - -
 1 □ - □ - □ - □ - □ - □ - - - - - - -
-- a b c d e f g h i j k l m n o p q r
white
(14, d) -> (12, d)
Moving encoding:
['(14, d) ', ' (12, d)']
*** Server Opponent's move ***
18 ■ □ ■ □ ■ □ ■ □ ■ □ ■ □ ■ □ ■ □ ■ □
17 □ ■ □ ■ □ ■ □ ■ □ ■ □ ■ □ ■ □ ■ □ ■
16 ■ □ ■ □ ■ □ ■ □ ■ □ ■ □ ■ □ ■ □ ■ □
15 □ ■ □ ■ □ ■ □ ■ □ ■ □ ■ □ ■ □ ■ □ ■
14 ■ □ ■ - ■ □ ■ □ ■ □ ■ □ ■ □ ■ □ ■ □
13 □ - - - - ■ - - □ - - ■ - - □ ■ □ ■
12 - - - □ - - - - - - - □ - - - - - -
11 - - - - □ - - - - - □ - - ■ - ■ - ■
10 ■ - ■ - - - - - - - - - - - - - - -
 9 - - - - - - - ■ - ■ - - - - - - - ■
 8 - - - - - □ - - - - - - - - - - - -
 7 □ - - - - - □ - - - - - - - - - - -
 6 - - - - - - - - - □ - □ - □ - - - □
 5 □ - - ■ - - - - - - - - - - - - - -
 4 - - - - - - - - - - - - - - - - - -
 3 □ - - ■ - ■ - ■ - ■ - - - ■ - - - ■
 2 - - - - - - - - - - - - ■ - ■ - - -
 1 □ - □ - □ - □ - □ - □ - - - - - - -
-- a b c d e f g h i j k l m n o p q r
black
Move[13:3]:[11:3]

Move[12:11]:[10:11]

?Move(114210):

Moving decoding:
[12:11]:[10:11]

*** Motley Crew's move ***
18 ■ □ ■ □ ■ □ ■ □ ■ □ ■ □ ■ □ ■ □ ■ □
17 □ ■ □ ■ □ ■ □ ■ □ ■ □ ■ □ ■ □ ■ □ ■
16 ■ □ ■ □ ■ □ ■ □ ■ □ ■ □ ■ □ ■ □ ■ □
15 □ ■ □ ■ □ ■ □ ■ □ ■ □ ■ □ ■ □ ■ □ ■
14 ■ □ ■ - ■ □ ■ □ ■ □ ■ □ ■ □ ■ □ ■ □
13 □ - - - - ■ - - □ - - - - - □ ■ □ ■
12 - - - □ - - - - - - - - - - - - - -
11 - - - - □ - - - - - □ ■ - ■ - ■ - ■
10 ■ - ■ - - - - - - - - - - - - - - -
 9 - - - - - - - ■ - ■ - - - - - - - ■
 8 - - - - - □ - - - - - - - - - - - -
 7 □ - - - - - □ - - - - - - - - - - -
 6 - - - - - - - - - □ - □ - □ - - - □
 5 □ - - ■ - - - - - - - - - - - - - -
 4 - - - - - - - - - - - - - - - - - -
 3 □ - - ■ - ■ - ■ - ■ - - - ■ - - - ■
 2 - - - - - - - - - - - - ■ - ■ - - -
 1 □ - □ - □ - □ - □ - □ - - - - - - -
-- a b c d e f g h i j k l m n o p q r
white
(11, k) -> (11, m)
Moving encoding:
['(11, k) ', ' (11, m)']
*** Server Opponent's move ***
18 ■ □ ■ □ ■ □ ■ □ ■ □ ■ □ ■ □ ■ □ ■ □
17 □ ■ □ ■ □ ■ □ ■ □ ■ □ ■ □ ■ □ ■ □ ■
16 ■ □ ■ □ ■ □ ■ □ ■ □ ■ □ ■ □ ■ □ ■ □
15 □ ■ □ ■ □ ■ □ ■ □ ■ □ ■ □ ■ □ ■ □ ■
14 ■ □ ■ - ■ □ ■ □ ■ □ ■ □ ■ □ ■ □ ■ □
13 □ - - - - ■ - - □ - - - - - □ ■ □ ■
12 - - - □ - - - - - - - - - - - - - -
11 - - - - □ - - - - - - - □ ■ - ■ - ■
10 ■ - ■ - - - - - - - - - - - - - - -
 9 - - - - - - - ■ - ■ - - - - - - - ■
 8 - - - - - □ - - - - - - - - - - - -
 7 □ - - - - - □ - - - - - - - - - - -
 6 - - - - - - - - - □ - □ - □ - - - □
 5 □ - - ■ - - - - - - - - - - - - - -
 4 - - - - - - - - - - - - - - - - - -
 3 □ - - ■ - ■ - ■ - ■ - - - ■ - - - ■
 2 - - - - - - - - - - - - ■ - ■ - - -
 1 □ - □ - □ - □ - □ - □ - - - - - - -
-- a b c d e f g h i j k l m n o p q r
black
Move[10:10]:[10:12]

Move[10:13]:[10:11]

?Move(113631):

Moving decoding:
[10:13]:[10:11]

*** Motley Crew's move ***
18 ■ □ ■ □ ■ □ ■ □ ■ □ ■ □ ■ □ ■ □ ■ □
17 □ ■ □ ■ □ ■ □ ■ □ ■ □ ■ □ ■ □ ■ □ ■
16 ■ □ ■ □ ■ □ ■ □ ■ □ ■ □ ■ □ ■ □ ■ □
15 □ ■ □ ■ □ ■ □ ■ □ ■ □ ■ □ ■ □ ■ □ ■
14 ■ □ ■ - ■ □ ■ □ ■ □ ■ □ ■ □ ■ □ ■ □
13 □ - - - - ■ - - □ - - - - - □ ■ □ ■
12 - - - □ - - - - - - - - - - - - - -
11 - - - - □ - - - - - - ■ - - - ■ - ■
10 ■ - ■ - - - - - - - - - - - - - - -
 9 - - - - - - - ■ - ■ - - - - - - - ■
 8 - - - - - □ - - - - - - - - - - - -
 7 □ - - - - - □ - - - - - - - - - - -
 6 - - - - - - - - - □ - □ - □ - - - □
 5 □ - - ■ - - - - - - - - - - - - - -
 4 - - - - - - - - - - - - - - - - - -
 3 □ - - ■ - ■ - ■ - ■ - - - ■ - - - ■
 2 - - - - - - - - - - - - ■ - ■ - - -
 1 □ - □ - □ - □ - □ - □ - - - - - - -
-- a b c d e f g h i j k l m n o p q r
white
(14, b) -> (14, d)
Moving encoding:
['(14, b) ', ' (14, d)']
*** Server Opponent's move ***
18 ■ □ ■ □ ■ □ ■ □ ■ □ ■ □ ■ □ ■ □ ■ □
17 □ ■ □ ■ □ ■ □ ■ □ ■ □ ■ □ ■ □ ■ □ ■
16 ■ □ ■ □ ■ □ ■ □ ■ □ ■ □ ■ □ ■ □ ■ □
15 □ ■ □ ■ □ ■ □ ■ □ ■ □ ■ □ ■ □ ■ □ ■
14 ■ - - □ ■ □ ■ □ ■ □ ■ □ ■ □ ■ □ ■ □
13 □ - - - - ■ - - □ - - - - - □ ■ □ ■
12 - - - □ - - - - - - - - - - - - - -
11 - - - - □ - - - - - - ■ - - - ■ - ■
10 ■ - ■ - - - - - - - - - - - - - - -
 9 - - - - - - - ■ - ■ - - - - - - - ■
 8 - - - - - □ - - - - - - - - - - - -
 7 □ - - - - - □ - - - - - - - - - - -
 6 - - - - - - - - - □ - □ - □ - - - □
 5 □ - - ■ - - - - - - - - - - - - - -
 4 - - - - - - - - - - - - - - - - - -
 3 □ - - ■ - ■ - ■ - ■ - - - ■ - - - ■
 2 - - - - - - - - - - - - ■ - ■ - - -
 1 □ - □ - □ - □ - □ - □ - - - - - - -
-- a b c d e f g h i j k l m n o p q r
black
Move[13:1]:[13:3]

Move[12:15]:[12:13]

?Move(113139):

Moving decoding:
[12:15]:[12:13]

*** Motley Crew's move ***
18 ■ □ ■ □ ■ □ ■ □ ■ □ ■ □ ■ □ ■ □ ■ □
17 □ ■ □ ■ □ ■ □ ■ □ ■ □ ■ □ ■ □ ■ □ ■
16 ■ □ ■ □ ■ □ ■ □ ■ □ ■ □ ■ □ ■ □ ■ □
15 □ ■ □ ■ □ ■ □ ■ □ ■ □ ■ □ ■ □ ■ □ ■
14 ■ - - □ ■ □ ■ □ ■ □ ■ □ ■ □ ■ □ ■ □
13 □ - - - - ■ - - □ - - - - ■ - - □ ■
12 - - - □ - - - - - - - - - - - - - -
11 - - - - □ - - - - - - ■ - - - ■ - ■
10 ■ - ■ - - - - - - - - - - - - - - -
 9 - - - - - - - ■ - ■ - - - - - - - ■
 8 - - - - - □ - - - - - - - - - - - -
 7 □ - - - - - □ - - - - - - - - - - -
 6 - - - - - - - - - □ - □ - □ - - - □
 5 □ - - ■ - - - - - - - - - - - - - -
 4 - - - - - - - - - - - - - - - - - -
 3 □ - - ■ - ■ - ■ - ■ - - - ■ - - - ■
 2 - - - - - - - - - - - - ■ - ■ - - -
 1 □ - □ - □ - □ - □ - □ - - - - - - -
-- a b c d e f g h i j k l m n o p q r
white
(14, f) -> (12, f)
Moving encoding:
['(14, f) ', ' (12, f)']
*** Server Opponent's move ***
18 ■ □ ■ □ ■ □ ■ □ ■ □ ■ □ ■ □ ■ □ ■ □
17 □ ■ □ ■ □ ■ □ ■ □ ■ □ ■ □ ■ □ ■ □ ■
16 ■ □ ■ □ ■ □ ■ □ ■ □ ■ □ ■ □ ■ □ ■ □
15 □ ■ □ ■ □ ■ □ ■ □ ■ □ ■ □ ■ □ ■ □ ■
14 ■ - - □ ■ - ■ □ ■ □ ■ □ ■ □ ■ □ ■ □
13 □ - - - - - - - □ - - - - ■ - - □ ■
12 - - - □ - □ - - - - - - - - - - - -
11 - - - - □ - - - - - - ■ - - - ■ - ■
10 ■ - ■ - - - - - - - - - - - - - - -
 9 - - - - - - - ■ - ■ - - - - - - - ■
 8 - - - - - □ - - - - - - - - - - - -
 7 □ - - - - - □ - - - - - - - - - - -
 6 - - - - - - - - - □ - □ - □ - - - □
 5 □ - - ■ - - - - - - - - - - - - - -
 4 - - - - - - - - - - - - - - - - - -
 3 □ - - ■ - ■ - ■ - ■ - - - ■ - - - ■
 2 - - - - - - - - - - - - ■ - ■ - - -
 1 □ - □ - □ - □ - □ - □ - - - - - - -
-- a b c d e f g h i j k l m n o p q r
black
Move[13:5]:[11:5]

Move[12:17]:[12:15]

?Move(112759):

Moving decoding:
[12:17]:[12:15]

*** Motley Crew's move ***
18 ■ □ ■ □ ■ □ ■ □ ■ □ ■ □ ■ □ ■ □ ■ □
17 □ ■ □ ■ □ ■ □ ■ □ ■ □ ■ □ ■ □ ■ □ ■
16 ■ □ ■ □ ■ □ ■ □ ■ □ ■ □ ■ □ ■ □ ■ □
15 □ ■ □ ■ □ ■ □ ■ □ ■ □ ■ □ ■ □ ■ □ ■
14 ■ - - □ ■ - ■ □ ■ □ ■ □ ■ □ ■ □ ■ □
13 □ - - - - - - - □ - - - - ■ - ■ - -
12 - - - □ - □ - - - - - - - - - - - -
11 - - - - □ - - - - - - ■ - - - ■ - ■
10 ■ - ■ - - - - - - - - - - - - - - -
 9 - - - - - - - ■ - ■ - - - - - - - ■
 8 - - - - - □ - - - - - - - - - - - -
 7 □ - - - - - □ - - - - - - - - - - -
 6 - - - - - - - - - □ - □ - □ - - - □
 5 □ - - ■ - - - - - - - - - - - - - -
 4 - - - - - - - - - - - - - - - - - -
 3 □ - - ■ - ■ - ■ - ■ - - - ■ - - - ■
 2 - - - - - - - - - - - - ■ - ■ - - -
 1 □ - □ - □ - □ - □ - □ - - - - - - -
-- a b c d e f g h i j k l m n o p q r
white
(14, d) -> (14, f)
Moving encoding:
['(14, d) ', ' (14, f)']
*** Server Opponent's move ***
18 ■ □ ■ □ ■ □ ■ □ ■ □ ■ □ ■ □ ■ □ ■ □
17 □ ■ □ ■ □ ■ □ ■ □ ■ □ ■ □ ■ □ ■ □ ■
16 ■ □ ■ □ ■ □ ■ □ ■ □ ■ □ ■ □ ■ □ ■ □
15 □ ■ □ ■ □ ■ □ ■ □ ■ □ ■ □ ■ □ ■ □ ■
14 ■ - - - - □ ■ □ ■ □ ■ □ ■ □ ■ □ ■ □
13 □ - - - - - - - □ - - - - ■ - ■ - -
12 - - - □ - □ - - - - - - - - - - - -
11 - - - - □ - - - - - - ■ - - - ■ - ■
10 ■ - ■ - - - - - - - - - - - - - - -
 9 - - - - - - - ■ - ■ - - - - - - - ■
 8 - - - - - □ - - - - - - - - - - - -
 7 □ - - - - - □ - - - - - - - - - - -
 6 - - - - - - - - - □ - □ - □ - - - □
 5 □ - - ■ - - - - - - - - - - - - - -
 4 - - - - - - - - - - - - - - - - - -
 3 □ - - ■ - ■ - ■ - ■ - - - ■ - - - ■
 2 - - - - - - - - - - - - ■ - ■ - - -
 1 □ - □ - □ - □ - □ - □ - - - - - - -
-- a b c d e f g h i j k l m n o p q r
black
Move[13:3]:[13:5]

Move[13:0]:[11:0]

?Move(112303):

Moving decoding:
[13:0]:[11:0]

*** Motley Crew's move ***
18 ■ □ ■ □ ■ □ ■ □ ■ □ ■ □ ■ □ ■ □ ■ □
17 □ ■ □ ■ □ ■ □ ■ □ ■ □ ■ □ ■ □ ■ □ ■
16 ■ □ ■ □ ■ □ ■ □ ■ □ ■ □ ■ □ ■ □ ■ □
15 □ ■ □ ■ □ ■ □ ■ □ ■ □ ■ □ ■ □ ■ □ ■
14 - - - - - □ ■ □ ■ □ ■ □ ■ □ ■ □ ■ □
13 - - - - - - - - □ - - - - ■ - ■ - -
12 ■ - - □ - □ - - - - - - - - - - - -
11 - - - - □ - - - - - - ■ - - - ■ - ■
10 ■ - ■ - - - - - - - - - - - - - - -
 9 - - - - - - - ■ - ■ - - - - - - - ■
 8 - - - - - □ - - - - - - - - - - - -
 7 □ - - - - - □ - - - - - - - - - - -
 6 - - - - - - - - - □ - □ - □ - - - □
 5 □ - - ■ - - - - - - - - - - - - - -
 4 - - - - - - - - - - - - - - - - - -
 3 □ - - ■ - ■ - ■ - ■ - - - ■ - - - ■
 2 - - - - - - - - - - - - ■ - ■ - - -
 1 □ - □ - □ - □ - □ - □ - - - - - - -
-- a b c d e f g h i j k l m n o p q r
white
(14, n) -> (12, n)
Moving encoding:
['(14, n) ', ' (12, n)']
*** Server Opponent's move ***
18 ■ □ ■ □ ■ □ ■ □ ■ □ ■ □ ■ □ ■ □ ■ □
17 □ ■ □ ■ □ ■ □ ■ □ ■ □ ■ □ ■ □ ■ □ ■
16 ■ □ ■ □ ■ □ ■ □ ■ □ ■ □ ■ □ ■ □ ■ □
15 □ ■ □ ■ □ ■ □ ■ □ ■ □ ■ □ ■ □ ■ □ ■
14 - - - - - □ ■ □ ■ □ ■ □ ■ - ■ □ ■ □
13 - - - - - - - - □ - - - - - - ■ - -
12 ■ - - □ - □ - - - - - - - □ - - - -
11 - - - - □ - - - - - - ■ - - - ■ - ■
10 ■ - ■ - - - - - - - - - - - - - - -
 9 - - - - - - - ■ - ■ - - - - - - - ■
 8 - - - - - □ - - - - - - - - - - - -
 7 □ - - - - - □ - - - - - - - - - - -
 6 - - - - - - - - - □ - □ - □ - - - □
 5 □ - - ■ - - - - - - - - - - - - - -
 4 - - - - - - - - - - - - - - - - - -
 3 □ - - ■ - ■ - ■ - ■ - - - ■ - - - ■
 2 - - - - - - - - - - - - ■ - ■ - - -
 1 □ - □ - □ - □ - □ - □ - - - - - - -
-- a b c d e f g h i j k l m n o p q r
black
Move[13:13]:[11:13]

Move[13:6]:[13:4]

?Move(111957):

Moving decoding:
[13:6]:[13:4]

*** Motley Crew's move ***
18 ■ □ ■ □ ■ □ ■ □ ■ □ ■ □ ■ □ ■ □ ■ □
17 □ ■ □ ■ □ ■ □ ■ □ ■ □ ■ □ ■ □ ■ □ ■
16 ■ □ ■ □ ■ □ ■ □ ■ □ ■ □ ■ □ ■ □ ■ □
15 □ ■ □ ■ □ ■ □ ■ □ ■ □ ■ □ ■ □ ■ □ ■
14 - - - - ■ - - □ ■ □ ■ □ ■ - ■ □ ■ □
13 - - - - - - - - □ - - - - - - ■ - -
12 ■ - - □ - □ - - - - - - - □ - - - -
11 - - - - □ - - - - - - ■ - - - ■ - ■
10 ■ - ■ - - - - - - - - - - - - - - -
 9 - - - - - - - ■ - ■ - - - - - - - ■
 8 - - - - - □ - - - - - - - - - - - -
 7 □ - - - - - □ - - - - - - - - - - -
 6 - - - - - - - - - □ - □ - □ - - - □
 5 □ - - ■ - - - - - - - - - - - - - -
 4 - - - - - - - - - - - - - - - - - -
 3 □ - - ■ - ■ - ■ - ■ - - - ■ - - - ■
 2 - - - - - - - - - - - - ■ - ■ - - -
 1 □ - □ - □ - □ - □ - □ - - - - - - -
-- a b c d e f g h i j k l m n o p q r
white
(14, l) -> (14, n)
Moving encoding:
['(14, l) ', ' (14, n)']
*** Server Opponent's move ***
18 ■ □ ■ □ ■ □ ■ □ ■ □ ■ □ ■ □ ■ □ ■ □
17 □ ■ □ ■ □ ■ □ ■ □ ■ □ ■ □ ■ □ ■ □ ■
16 ■ □ ■ □ ■ □ ■ □ ■ □ ■ □ ■ □ ■ □ ■ □
15 □ ■ □ ■ □ ■ □ ■ □ ■ □ ■ □ ■ □ ■ □ ■
14 - - - - ■ - - □ ■ □ ■ - - □ ■ □ ■ □
13 - - - - - - - - □ - - - - - - ■ - -
12 ■ - - □ - □ - - - - - - - □ - - - -
11 - - - - □ - - - - - - ■ - - - ■ - ■
10 ■ - ■ - - - - - - - - - - - - - - -
 9 - - - - - - - ■ - ■ - - - - - - - ■
 8 - - - - - □ - - - - - - - - - - - -
 7 □ - - - - - □ - - - - - - - - - - -
 6 - - - - - - - - - □ - □ - □ - - - □
 5 □ - - ■ - - - - - - - - - - - - - -
 4 - - - - - - - - - - - - - - - - - -
 3 □ - - ■ - ■ - ■ - ■ - - - ■ - - - ■
 2 - - - - - - - - - - - - ■ - ■ - - -
 1 □ - □ - □ - □ - □ - □ - - - - - - -
-- a b c d e f g h i j k l m n o p q r
black
Move[13:11]:[13:13]

Move[13:8]:[13:6]

?Move(111486):

Moving decoding:
[13:8]:[13:6]

*** Motley Crew's move ***
18 ■ □ ■ □ ■ □ ■ □ ■ □ ■ □ ■ □ ■ □ ■ □
17 □ ■ □ ■ □ ■ □ ■ □ ■ □ ■ □ ■ □ ■ □ ■
16 ■ □ ■ □ ■ □ ■ □ ■ □ ■ □ ■ □ ■ □ ■ □
15 □ ■ □ ■ □ ■ □ ■ □ ■ □ ■ □ ■ □ ■ □ ■
14 - - - - ■ - ■ - - □ ■ - - □ ■ □ ■ □
13 - - - - - - - - □ - - - - - - ■ - -
12 ■ - - □ - □ - - - - - - - □ - - - -
11 - - - - □ - - - - - - ■ - - - ■ - ■
10 ■ - ■ - - - - - - - - - - - - - - -
 9 - - - - - - - ■ - ■ - - - - - - - ■
 8 - - - - - □ - - - - - - - - - - - -
 7 □ - - - - - □ - - - - - - - - - - -
 6 - - - - - - - - - □ - □ - □ - - - □
 5 □ - - ■ - - - - - - - - - - - - - -
 4 - - - - - - - - - - - - - - - - - -
 3 □ - - ■ - ■ - ■ - ■ - - - ■ - - - ■
 2 - - - - - - - - - - - - ■ - ■ - - -
 1 □ - □ - □ - □ - □ - □ - - - - - - -
-- a b c d e f g h i j k l m n o p q r
white
(14, j) -> (14, l)
Moving encoding:
['(14, j) ', ' (14, l)']
*** Server Opponent's move ***
18 ■ □ ■ □ ■ □ ■ □ ■ □ ■ □ ■ □ ■ □ ■ □
17 □ ■ □ ■ □ ■ □ ■ □ ■ □ ■ □ ■ □ ■ □ ■
16 ■ □ ■ □ ■ □ ■ □ ■ □ ■ □ ■ □ ■ □ ■ □
15 □ ■ □ ■ □ ■ □ ■ □ ■ □ ■ □ ■ □ ■ □ ■
14 - - - - ■ - ■ - - - - □ - □ ■ □ ■ □
13 - - - - - - - - □ - - - - - - ■ - -
12 ■ - - □ - □ - - - - - - - □ - - - -
11 - - - - □ - - - - - - ■ - - - ■ - ■
10 ■ - ■ - - - - - - - - - - - - - - -
 9 - - - - - - - ■ - ■ - - - - - - - ■
 8 - - - - - □ - - - - - - - - - - - -
 7 □ - - - - - □ - - - - - - - - - - -
 6 - - - - - - - - - □ - □ - □ - - - □
 5 □ - - ■ - - - - - - - - - - - - - -
 4 - - - - - - - - - - - - - - - - - -
 3 □ - - ■ - ■ - ■ - ■ - - - ■ - - - ■
 2 - - - - - - - - - - - - ■ - ■ - - -
 1 □ - □ - □ - □ - □ - □ - - - - - - -
-- a b c d e f g h i j k l m n o p q r
black
Move[13:9]:[13:11]

Move[13:14]:[13:12]

?Move(111043):

Moving decoding:
[13:14]:[13:12]

*** Motley Crew's move ***
18 ■ □ ■ □ ■ □ ■ □ ■ □ ■ □ ■ □ ■ □ ■ □
17 □ ■ □ ■ □ ■ □ ■ □ ■ □ ■ □ ■ □ ■ □ ■
16 ■ □ ■ □ ■ □ ■ □ ■ □ ■ □ ■ □ ■ □ ■ □
15 □ ■ □ ■ □ ■ □ ■ □ ■ □ ■ □ ■ □ ■ □ ■
14 - - - - ■ - ■ - - - - □ ■ - - □ ■ □
13 - - - - - - - - □ - - - - - - ■ - -
12 ■ - - □ - □ - - - - - - - □ - - - -
11 - - - - □ - - - - - - ■ - - - ■ - ■
10 ■ - ■ - - - - - - - - - - - - - - -
 9 - - - - - - - ■ - ■ - - - - - - - ■
 8 - - - - - □ - - - - - - - - - - - -
 7 □ - - - - - □ - - - - - - - - - - -
 6 - - - - - - - - - □ - □ - □ - - - □
 5 □ - - ■ - - - - - - - - - - - - - -
 4 - - - - - - - - - - - - - - - - - -
 3 □ - - ■ - ■ - ■ - ■ - - - ■ - - - ■
 2 - - - - - - - - - - - - ■ - ■ - - -
 1 □ - □ - □ - □ - □ - □ - - - - - - -
-- a b c d e f g h i j k l m n o p q r
white
(14, l) -> (14, n)
Moving encoding:
['(14, l) ', ' (14, n)']
*** Server Opponent's move ***
18 ■ □ ■ □ ■ □ ■ □ ■ □ ■ □ ■ □ ■ □ ■ □
17 □ ■ □ ■ □ ■ □ ■ □ ■ □ ■ □ ■ □ ■ □ ■
16 ■ □ ■ □ ■ □ ■ □ ■ □ ■ □ ■ □ ■ □ ■ □
15 □ ■ □ ■ □ ■ □ ■ □ ■ □ ■ □ ■ □ ■ □ ■
14 - - - - ■ - ■ - - - - - - □ - □ ■ □
13 - - - - - - - - □ - - - - - - ■ - -
12 ■ - - □ - □ - - - - - - - □ - - - -
11 - - - - □ - - - - - - ■ - - - ■ - ■
10 ■ - ■ - - - - - - - - - - - - - - -
 9 - - - - - - - ■ - ■ - - - - - - - ■
 8 - - - - - □ - - - - - - - - - - - -
 7 □ - - - - - □ - - - - - - - - - - -
 6 - - - - - - - - - □ - □ - □ - - - □
 5 □ - - ■ - - - - - - - - - - - - - -
 4 - - - - - - - - - - - - - - - - - -
 3 □ - - ■ - ■ - ■ - ■ - - - ■ - - - ■
 2 - - - - - - - - - - - - ■ - ■ - - -
 1 □ - □ - □ - □ - □ - □ - - - - - - -
-- a b c d e f g h i j k l m n o p q r
black
Move[13:11]:[13:13]

Move[13:16]:[13:14]

?Move(110589):

Moving decoding:
[13:16]:[13:14]

*** Motley Crew's move ***
18 ■ □ ■ □ ■ □ ■ □ ■ □ ■ □ ■ □ ■ □ ■ □
17 □ ■ □ ■ □ ■ □ ■ □ ■ □ ■ □ ■ □ ■ □ ■
16 ■ □ ■ □ ■ □ ■ □ ■ □ ■ □ ■ □ ■ □ ■ □
15 □ ■ □ ■ □ ■ □ ■ □ ■ □ ■ □ ■ □ ■ □ ■
14 - - - - ■ - ■ - - - - - - □ ■ - - □
13 - - - - - - - - □ - - - - - - ■ - -
12 ■ - - □ - □ - - - - - - - □ - - - -
11 - - - - □ - - - - - - ■ - - - ■ - ■
10 ■ - ■ - - - - - - - - - - - - - - -
 9 - - - - - - - ■ - ■ - - - - - - - ■
 8 - - - - - □ - - - - - - - - - - - -
 7 □ - - - - - □ - - - - - - - - - - -
 6 - - - - - - - - - □ - □ - □ - - - □
 5 □ - - ■ - - - - - - - - - - - - - -
 4 - - - - - - - - - - - - - - - - - -
 3 □ - - ■ - ■ - ■ - ■ - - - ■ - - - ■
 2 - - - - - - - - - - - - ■ - ■ - - -
 1 □ - □ - □ - □ - □ - □ - - - - - - -
-- a b c d e f g h i j k l m n o p q r
white
(14, n) -> (14, p)
Moving encoding:
['(14, n) ', ' (14, p)']
*** Server Opponent's move ***
18 ■ □ ■ □ ■ □ ■ □ ■ □ ■ □ ■ □ ■ □ ■ □
17 □ ■ □ ■ □ ■ □ ■ □ ■ □ ■ □ ■ □ ■ □ ■
16 ■ □ ■ □ ■ □ ■ □ ■ □ ■ □ ■ □ ■ □ ■ □
15 □ ■ □ ■ □ ■ □ ■ □ ■ □ ■ □ ■ □ ■ □ ■
14 - - - - ■ - ■ - - - - - - - - □ - □
13 - - - - - - - - □ - - - - - - ■ - -
12 ■ - - □ - □ - - - - - - - □ - - - -
11 - - - - □ - - - - - - ■ - - - ■ - ■
10 ■ - ■ - - - - - - - - - - - - - - -
 9 - - - - - - - ■ - ■ - - - - - - - ■
 8 - - - - - □ - - - - - - - - - - - -
 7 □ - - - - - □ - - - - - - - - - - -
 6 - - - - - - - - - □ - □ - □ - - - □
 5 □ - - ■ - - - - - - - - - - - - - -
 4 - - - - - - - - - - - - - - - - - -
 3 □ - - ■ - ■ - ■ - ■ - - - ■ - - - ■
 2 - - - - - - - - - - - - ■ - ■ - - -
 1 □ - □ - □ - □ - □ - □ - - - - - - -
-- a b c d e f g h i j k l m n o p q r
black
Move[13:13]:[13:15]

Move[14:17]:[12:17]

?Move(110167):

Moving decoding:
[14:17]:[12:17]

*** Motley Crew's move ***
18 ■ □ ■ □ ■ □ ■ □ ■ □ ■ □ ■ □ ■ □ ■ □
17 □ ■ □ ■ □ ■ □ ■ □ ■ □ ■ □ ■ □ ■ □ ■
16 ■ □ ■ □ ■ □ ■ □ ■ □ ■ □ ■ □ ■ □ ■ □
15 □ ■ □ ■ □ ■ □ ■ □ ■ □ ■ □ ■ □ ■ □ -
14 - - - - ■ - ■ - - - - - - - - □ - -
13 - - - - - - - - □ - - - - - - ■ - ■
12 ■ - - □ - □ - - - - - - - □ - - - -
11 - - - - □ - - - - - - ■ - - - ■ - ■
10 ■ - ■ - - - - - - - - - - - - - - -
 9 - - - - - - - ■ - ■ - - - - - - - ■
 8 - - - - - □ - - - - - - - - - - - -
 7 □ - - - - - □ - - - - - - - - - - -
 6 - - - - - - - - - □ - □ - □ - - - □
 5 □ - - ■ - - - - - - - - - - - - - -
 4 - - - - - - - - - - - - - - - - - -
 3 □ - - ■ - ■ - ■ - ■ - - - ■ - - - ■
 2 - - - - - - - - - - - - ■ - ■ - - -
 1 □ - □ - □ - □ - □ - □ - - - - - - -
-- a b c d e f g h i j k l m n o p q r
white
(14, p) -> (12, p)
Moving encoding:
['(14, p) ', ' (12, p)']
*** Server Opponent's move ***
18 ■ □ ■ □ ■ □ ■ □ ■ □ ■ □ ■ □ ■ □ ■ □
17 □ ■ □ ■ □ ■ □ ■ □ ■ □ ■ □ ■ □ ■ □ ■
16 ■ □ ■ □ ■ □ ■ □ ■ □ ■ □ ■ □ ■ □ ■ □
15 □ ■ □ ■ □ ■ □ ■ □ ■ □ ■ □ ■ □ ■ □ -
14 - - - - ■ - ■ - - - - - - - - - - -
13 - - - - - - - - □ - - - - - - - - ■
12 ■ - - □ - □ - - - - - - - □ - □ - -
11 - - - - □ - - - - - - ■ - - - ■ - ■
10 ■ - ■ - - - - - - - - - - - - - - -
 9 - - - - - - - ■ - ■ - - - - - - - ■
 8 - - - - - □ - - - - - - - - - - - -
 7 □ - - - - - □ - - - - - - - - - - -
 6 - - - - - - - - - □ - □ - □ - - - □
 5 □ - - ■ - - - - - - - - - - - - - -
 4 - - - - - - - - - - - - - - - - - -
 3 □ - - ■ - ■ - ■ - ■ - - - ■ - - - ■
 2 - - - - - - - - - - - - ■ - ■ - - -
 1 □ - □ - □ - □ - □ - □ - - - - - - -
-- a b c d e f g h i j k l m n o p q r
black
Move[13:15]:[11:15]

Move[10:15]:[12:15]

?Move(109784):

Moving decoding:
[10:15]:[12:15]

*** Motley Crew's move ***
18 ■ □ ■ □ ■ □ ■ □ ■ □ ■ □ ■ □ ■ □ ■ □
17 □ ■ □ ■ □ ■ □ ■ □ ■ □ ■ □ ■ □ ■ □ ■
16 ■ □ ■ □ ■ □ ■ □ ■ □ ■ □ ■ □ ■ □ ■ □
15 □ ■ □ ■ □ ■ □ ■ □ ■ □ ■ □ ■ □ ■ □ -
14 - - - - ■ - ■ - - - - - - - - - - -
13 - - - - - - - - □ - - - - - - ■ - ■
12 ■ - - □ - □ - - - - - - - □ - - - -
11 - - - - □ - - - - - - ■ - - - - - ■
10 ■ - ■ - - - - - - - - - - - - - - -
 9 - - - - - - - ■ - ■ - - - - - - - ■
 8 - - - - - □ - - - - - - - - - - - -
 7 □ - - - - - □ - - - - - - - - - - -
 6 - - - - - - - - - □ - □ - □ - - - □
 5 □ - - ■ - - - - - - - - - - - - - -
 4 - - - - - - - - - - - - - - - - - -
 3 □ - - ■ - ■ - ■ - ■ - - - ■ - - - ■
 2 - - - - - - - - - - - - ■ - ■ - - -
 1 □ - □ - □ - □ - □ - □ - - - - - - -
-- a b c d e f g h i j k l m n o p q r
white
(15, e) -> (13, e)
Moving encoding:
['(15, e) ', ' (13, e)']
*** Server Opponent's move ***
18 ■ □ ■ □ ■ □ ■ □ ■ □ ■ □ ■ □ ■ □ ■ □
17 □ ■ □ ■ □ ■ □ ■ □ ■ □ ■ □ ■ □ ■ □ ■
16 ■ □ ■ □ ■ □ ■ □ ■ □ ■ □ ■ □ ■ □ ■ □
15 □ ■ □ ■ - ■ □ ■ □ ■ □ ■ □ ■ □ ■ □ -
14 - - - - - - ■ - - - - - - - - - - -
13 - - - - □ - - - □ - - - - - - ■ - ■
12 ■ - - □ - □ - - - - - - - □ - - - -
11 - - - - □ - - - - - - ■ - - - - - ■
10 ■ - ■ - - - - - - - - - - - - - - -
 9 - - - - - - - ■ - ■ - - - - - - - ■
 8 - - - - - □ - - - - - - - - - - - -
 7 □ - - - - - □ - - - - - - - - - - -
 6 - - - - - - - - - □ - □ - □ - - - □
 5 □ - - ■ - - - - - - - - - - - - - -
 4 - - - - - - - - - - - - - - - - - -
 3 □ - - ■ - ■ - ■ - ■ - - - ■ - - - ■
 2 - - - - - - - - - - - - ■ - ■ - - -
 1 □ - □ - □ - □ - □ - □ - - - - - - -
-- a b c d e f g h i j k l m n o p q r
black
Move[14:4]:[12:4]

Move[14:15]:[14:17]

?Move(109408):

Moving decoding:
[14:15]:[14:17]

*** Motley Crew's move ***
18 ■ □ ■ □ ■ □ ■ □ ■ □ ■ □ ■ □ ■ □ ■ □
17 □ ■ □ ■ □ ■ □ ■ □ ■ □ ■ □ ■ □ ■ □ ■
16 ■ □ ■ □ ■ □ ■ □ ■ □ ■ □ ■ □ ■ □ ■ □
15 □ ■ □ ■ - ■ □ ■ □ ■ □ ■ □ ■ □ - - ■
14 - - - - - - ■ - - - - - - - - - - -
13 - - - - □ - - - □ - - - - - - ■ - ■
12 ■ - - □ - □ - - - - - - - □ - - - -
11 - - - - □ - - - - - - ■ - - - - - ■
10 ■ - ■ - - - - - - - - - - - - - - -
 9 - - - - - - - ■ - ■ - - - - - - - ■
 8 - - - - - □ - - - - - - - - - - - -
 7 □ - - - - - □ - - - - - - - - - - -
 6 - - - - - - - - - □ - □ - □ - - - □
 5 □ - - ■ - - - - - - - - - - - - - -
 4 - - - - - - - - - - - - - - - - - -
 3 □ - - ■ - ■ - ■ - ■ - - - ■ - - - ■
 2 - - - - - - - - - - - - ■ - ■ - - -
 1 □ - □ - □ - □ - □ - □ - - - - - - -
-- a b c d e f g h i j k l m n o p q r
white
(15, c) -> (15, e)
Moving encoding:
['(15, c) ', ' (15, e)']
*** Server Opponent's move ***
18 ■ □ ■ □ ■ □ ■ □ ■ □ ■ □ ■ □ ■ □ ■ □
17 □ ■ □ ■ □ ■ □ ■ □ ■ □ ■ □ ■ □ ■ □ ■
16 ■ □ ■ □ ■ □ ■ □ ■ □ ■ □ ■ □ ■ □ ■ □
15 □ ■ - - □ ■ □ ■ □ ■ □ ■ □ ■ □ - - ■
14 - - - - - - ■ - - - - - - - - - - -
13 - - - - □ - - - □ - - - - - - ■ - ■
12 ■ - - □ - □ - - - - - - - □ - - - -
11 - - - - □ - - - - - - ■ - - - - - ■
10 ■ - ■ - - - - - - - - - - - - - - -
 9 - - - - - - - ■ - ■ - - - - - - - ■
 8 - - - - - □ - - - - - - - - - - - -
 7 □ - - - - - □ - - - - - - - - - - -
 6 - - - - - - - - - □ - □ - □ - - - □
 5 □ - - ■ - - - - - - - - - - - - - -
 4 - - - - - - - - - - - - - - - - - -
 3 □ - - ■ - ■ - ■ - ■ - - - ■ - - - ■
 2 - - - - - - - - - - - - ■ - ■ - - -
 1 □ - □ - □ - □ - □ - □ - - - - - - -
-- a b c d e f g h i j k l m n o p q r
black
Move[14:2]:[14:4]

Move[14:5]:[14:3]

?Move(108839):

Moving decoding:
[14:5]:[14:3]

*** Motley Crew's move ***
18 ■ □ ■ □ ■ □ ■ □ ■ □ ■ □ ■ □ ■ □ ■ □
17 □ ■ □ ■ □ ■ □ ■ □ ■ □ ■ □ ■ □ ■ □ ■
16 ■ □ ■ □ ■ □ ■ □ ■ □ ■ □ ■ □ ■ □ ■ □
15 □ ■ - ■ - - □ ■ □ ■ □ ■ □ ■ □ - - ■
14 - - - - - - ■ - - - - - - - - - - -
13 - - - - □ - - - □ - - - - - - ■ - ■
12 ■ - - □ - □ - - - - - - - □ - - - -
11 - - - - □ - - - - - - ■ - - - - - ■
10 ■ - ■ - - - - - - - - - - - - - - -
 9 - - - - - - - ■ - ■ - - - - - - - ■
 8 - - - - - □ - - - - - - - - - - - -
 7 □ - - - - - □ - - - - - - - - - - -
 6 - - - - - - - - - □ - □ - □ - - - □
 5 □ - - ■ - - - - - - - - - - - - - -
 4 - - - - - - - - - - - - - - - - - -
 3 □ - - ■ - ■ - ■ - ■ - - - ■ - - - ■
 2 - - - - - - - - - - - - ■ - ■ - - -
 1 □ - □ - □ - □ - □ - □ - - - - - - -
-- a b c d e f g h i j k l m n o p q r
white
(15, a) -> (15, c)
Moving encoding:
['(15, a) ', ' (15, c)']
*** Server Opponent's move ***
18 ■ □ ■ □ ■ □ ■ □ ■ □ ■ □ ■ □ ■ □ ■ □
17 □ ■ □ ■ □ ■ □ ■ □ ■ □ ■ □ ■ □ ■ □ ■
16 ■ □ ■ □ ■ □ ■ □ ■ □ ■ □ ■ □ ■ □ ■ □
15 - - □ ■ - - □ ■ □ ■ □ ■ □ ■ □ - - ■
14 - - - - - - ■ - - - - - - - - - - -
13 - - - - □ - - - □ - - - - - - ■ - ■
12 ■ - - □ - □ - - - - - - - □ - - - -
11 - - - - □ - - - - - - ■ - - - - - ■
10 ■ - ■ - - - - - - - - - - - - - - -
 9 - - - - - - - ■ - ■ - - - - - - - ■
 8 - - - - - □ - - - - - - - - - - - -
 7 □ - - - - - □ - - - - - - - - - - -
 6 - - - - - - - - - □ - □ - □ - - - □
 5 □ - - ■ - - - - - - - - - - - - - -
 4 - - - - - - - - - - - - - - - - - -
 3 □ - - ■ - ■ - ■ - ■ - - - ■ - - - ■
 2 - - - - - - - - - - - - ■ - ■ - - -
 1 □ - □ - □ - □ - □ - □ - - - - - - -
-- a b c d e f g h i j k l m n o p q r
black
Move[14:0]:[14:2]

Move[14:3]:[14:1]

?Move(108293):

Moving decoding:
[14:3]:[14:1]

*** Motley Crew's move ***
18 ■ □ ■ □ ■ □ ■ □ ■ □ ■ □ ■ □ ■ □ ■ □
17 □ ■ □ ■ □ ■ □ ■ □ ■ □ ■ □ ■ □ ■ □ ■
16 ■ □ ■ □ ■ □ ■ □ ■ □ ■ □ ■ □ ■ □ ■ □
15 - ■ - - - - □ ■ □ ■ □ ■ □ ■ □ - - ■
14 - - - - - - ■ - - - - - - - - - - -
13 - - - - □ - - - □ - - - - - - ■ - ■
12 ■ - - □ - □ - - - - - - - □ - - - -
11 - - - - □ - - - - - - ■ - - - - - ■
10 ■ - ■ - - - - - - - - - - - - - - -
 9 - - - - - - - ■ - ■ - - - - - - - ■
 8 - - - - - □ - - - - - - - - - - - -
 7 □ - - - - - □ - - - - - - - - - - -
 6 - - - - - - - - - □ - □ - □ - - - □
 5 □ - - ■ - - - - - - - - - - - - - -
 4 - - - - - - - - - - - - - - - - - -
 3 □ - - ■ - ■ - ■ - ■ - - - ■ - - - ■
 2 - - - - - - - - - - - - ■ - ■ - - -
 1 □ - □ - □ - □ - □ - □ - - - - - - -
-- a b c d e f g h i j k l m n o p q r
white
(15, g) -> (13, g)
Moving encoding:
['(15, g) ', ' (13, g)']
*** Server Opponent's move ***
18 ■ □ ■ □ ■ □ ■ □ ■ □ ■ □ ■ □ ■ □ ■ □
17 □ ■ □ ■ □ ■ □ ■ □ ■ □ ■ □ ■ □ ■ □ ■
16 ■ □ ■ □ ■ □ ■ □ ■ □ ■ □ ■ □ ■ □ ■ □
15 - ■ - - - - - ■ □ ■ □ ■ □ ■ □ - - ■
14 - - - - - - - - - - - - - - - - - -
13 - - - - □ - □ - □ - - - - - - ■ - ■
12 ■ - - □ - □ - - - - - - - □ - - - -
11 - - - - □ - - - - - - ■ - - - - - ■
10 ■ - ■ - - - - - - - - - - - - - - -
 9 - - - - - - - ■ - ■ - - - - - - - ■
 8 - - - - - □ - - - - - - - - - - - -
 7 □ - - - - - □ - - - - - - - - - - -
 6 - - - - - - - - - □ - □ - □ - - - □
 5 □ - - ■ - - - - - - - - - - - - - -
 4 - - - - - - - - - - - - - - - - - -
 3 □ - - ■ - ■ - ■ - ■ - - - ■ - - - ■
 2 - - - - - - - - - - - - ■ - ■ - - -
 1 □ - □ - □ - □ - □ - □ - - - - - - -
-- a b c d e f g h i j k l m n o p q r
black
Move[14:6]:[12:6]

Move[14:13]:[14:15]

?Move(107850):

Moving decoding:
[14:13]:[14:15]

*** Motley Crew's move ***
18 ■ □ ■ □ ■ □ ■ □ ■ □ ■ □ ■ □ ■ □ ■ □
17 □ ■ □ ■ □ ■ □ ■ □ ■ □ ■ □ ■ □ ■ □ ■
16 ■ □ ■ □ ■ □ ■ □ ■ □ ■ □ ■ □ ■ □ ■ □
15 - ■ - - - - - ■ □ ■ □ ■ □ - - ■ - ■
14 - - - - - - - - - - - - - - - - - -
13 - - - - □ - □ - □ - - - - - - ■ - ■
12 ■ - - □ - □ - - - - - - - □ - - - -
11 - - - - □ - - - - - - ■ - - - - - ■
10 ■ - ■ - - - - - - - - - - - - - - -
 9 - - - - - - - ■ - ■ - - - - - - - ■
 8 - - - - - □ - - - - - - - - - - - -
 7 □ - - - - - □ - - - - - - - - - - -
 6 - - - - - - - - - □ - □ - □ - - - □
 5 □ - - ■ - - - - - - - - - - - - - -
 4 - - - - - - - - - - - - - - - - - -
 3 □ - - ■ - ■ - ■ - ■ - - - ■ - - - ■
 2 - - - - - - - - - - - - ■ - ■ - - -
 1 □ - □ - □ - □ - □ - □ - - - - - - -
-- a b c d e f g h i j k l m n o p q r
white
(15, i) -> (15, g)
Moving encoding:
['(15, i) ', ' (15, g)']
*** Server Opponent's move ***
18 ■ □ ■ □ ■ □ ■ □ ■ □ ■ □ ■ □ ■ □ ■ □
17 □ ■ □ ■ □ ■ □ ■ □ ■ □ ■ □ ■ □ ■ □ ■
16 ■ □ ■ □ ■ □ ■ □ ■ □ ■ □ ■ □ ■ □ ■ □
15 - ■ - - - - □ - - ■ □ ■ □ - - ■ - ■
14 - - - - - - - - - - - - - - - - - -
13 - - - - □ - □ - □ - - - - - - ■ - ■
12 ■ - - □ - □ - - - - - - - □ - - - -
11 - - - - □ - - - - - - ■ - - - - - ■
10 ■ - ■ - - - - - - - - - - - - - - -
 9 - - - - - - - ■ - ■ - - - - - - - ■
 8 - - - - - □ - - - - - - - - - - - -
 7 □ - - - - - □ - - - - - - - - - - -
 6 - - - - - - - - - □ - □ - □ - - - □
 5 □ - - ■ - - - - - - - - - - - - - -
 4 - - - - - - - - - - - - - - - - - -
 3 □ - - ■ - ■ - ■ - ■ - - - ■ - - - ■
 2 - - - - - - - - - - - - ■ - ■ - - -
 1 □ - □ - □ - □ - □ - □ - - - - - - -
-- a b c d e f g h i j k l m n o p q r
black
Move[14:8]:[14:6]

Move[14:11]:[14:13]

?Move(107280):

Moving decoding:
[14:11]:[14:13]

*** Motley Crew's move ***
18 ■ □ ■ □ ■ □ ■ □ ■ □ ■ □ ■ □ ■ □ ■ □
17 □ ■ □ ■ □ ■ □ ■ □ ■ □ ■ □ ■ □ ■ □ ■
16 ■ □ ■ □ ■ □ ■ □ ■ □ ■ □ ■ □ ■ □ ■ □
15 - ■ - - - - □ - - ■ □ - - ■ - ■ - ■
14 - - - - - - - - - - - - - - - - - -
13 - - - - □ - □ - □ - - - - - - ■ - ■
12 ■ - - □ - □ - - - - - - - □ - - - -
11 - - - - □ - - - - - - ■ - - - - - ■
10 ■ - ■ - - - - - - - - - - - - - - -
 9 - - - - - - - ■ - ■ - - - - - - - ■
 8 - - - - - □ - - - - - - - - - - - -
 7 □ - - - - - □ - - - - - - - - - - -
 6 - - - - - - - - - □ - □ - □ - - - □
 5 □ - - ■ - - - - - - - - - - - - - -
 4 - - - - - - - - - - - - - - - - - -
 3 □ - - ■ - ■ - ■ - ■ - - - ■ - - - ■
 2 - - - - - - - - - - - - ■ - ■ - - -
 1 □ - □ - □ - □ - □ - □ - - - - - - -
-- a b c d e f g h i j k l m n o p q r
white
(15, k) -> (15, i)
Moving encoding:
['(15, k) ', ' (15, i)']
*** Server Opponent's move ***
18 ■ □ ■ □ ■ □ ■ □ ■ □ ■ □ ■ □ ■ □ ■ □
17 □ ■ □ ■ □ ■ □ ■ □ ■ □ ■ □ ■ □ ■ □ ■
16 ■ □ ■ □ ■ □ ■ □ ■ □ ■ □ ■ □ ■ □ ■ □
15 - ■ - - - - □ - □ - - - - ■ - ■ - ■
14 - - - - - - - - - - - - - - - - - -
13 - - - - □ - □ - □ - - - - - - ■ - ■
12 ■ - - □ - □ - - - - - - - □ - - - -
11 - - - - □ - - - - - - ■ - - - - - ■
10 ■ - ■ - - - - - - - - - - - - - - -
 9 - - - - - - - ■ - ■ - - - - - - - ■
 8 - - - - - □ - - - - - - - - - - - -
 7 □ - - - - - □ - - - - - - - - - - -
 6 - - - - - - - - - □ - □ - □ - - - □
 5 □ - - ■ - - - - - - - - - - - - - -
 4 - - - - - - - - - - - - - - - - - -
 3 □ - - ■ - ■ - ■ - ■ - - - ■ - - - ■
 2 - - - - - - - - - - - - ■ - ■ - - -
 1 □ - □ - □ - □ - □ - □ - - - - - - -
-- a b c d e f g h i j k l m n o p q r
black
Move[14:10]:[14:8]

Move[15:6]:[13:6]

?Move(106713):

Moving decoding:
[15:6]:[13:6]

*** Motley Crew's move ***
18 ■ □ ■ □ ■ □ ■ □ ■ □ ■ □ ■ □ ■ □ ■ □
17 □ ■ □ ■ □ ■ □ ■ □ ■ □ ■ □ ■ □ ■ □ ■
16 ■ □ ■ □ ■ □ - □ ■ □ ■ □ ■ □ ■ □ ■ □
15 - ■ - - - - - - □ - - - - ■ - ■ - ■
14 - - - - - - ■ - - - - - - - - - - -
13 - - - - □ - □ - □ - - - - - - ■ - ■
12 ■ - - □ - □ - - - - - - - □ - - - -
11 - - - - □ - - - - - - ■ - - - - - ■
10 ■ - ■ - - - - - - - - - - - - - - -
 9 - - - - - - - ■ - ■ - - - - - - - ■
 8 - - - - - □ - - - - - - - - - - - -
 7 □ - - - - - □ - - - - - - - - - - -
 6 - - - - - - - - - □ - □ - □ - - - □
 5 □ - - ■ - - - - - - - - - - - - - -
 4 - - - - - - - - - - - - - - - - - -
 3 □ - - ■ - ■ - ■ - ■ - - - ■ - - - ■
 2 - - - - - - - - - - - - ■ - ■ - - -
 1 □ - □ - □ - □ - □ - □ - - - - - - -
-- a b c d e f g h i j k l m n o p q r
white
(13, g) -> (15, g)
Moving encoding:
['(13, g) ', ' (15, g)']
*** Server Opponent's move ***
18 ■ □ ■ □ ■ □ ■ □ ■ □ ■ □ ■ □ ■ □ ■ □
17 □ ■ □ ■ □ ■ □ ■ □ ■ □ ■ □ ■ □ ■ □ ■
16 ■ □ ■ □ ■ □ - □ ■ □ ■ □ ■ □ ■ □ ■ □
15 - ■ - - - - □ - □ - - - - ■ - ■ - ■
14 - - - - - - - - - - - - - - - - - -
13 - - - - □ - - - □ - - - - - - ■ - ■
12 ■ - - □ - □ - - - - - - - □ - - - -
11 - - - - □ - - - - - - ■ - - - - - ■
10 ■ - ■ - - - - - - - - - - - - - - -
 9 - - - - - - - ■ - ■ - - - - - - - ■
 8 - - - - - □ - - - - - - - - - - - -
 7 □ - - - - - □ - - - - - - - - - - -
 6 - - - - - - - - - □ - □ - □ - - - □
 5 □ - - ■ - - - - - - - - - - - - - -
 4 - - - - - - - - - - - - - - - - - -
 3 □ - - ■ - ■ - ■ - ■ - - - ■ - - - ■
 2 - - - - - - - - - - - - ■ - ■ - - -
 1 □ - □ - □ - □ - □ - □ - - - - - - -
-- a b c d e f g h i j k l m n o p q r
black
Move[12:6]:[14:6]

Move[15:4]:[15:6]

?Move(106211):

Moving decoding:
[15:4]:[15:6]

*** Motley Crew's move ***
18 ■ □ ■ □ ■ □ ■ □ ■ □ ■ □ ■ □ ■ □ ■ □
17 □ ■ □ ■ □ ■ □ ■ □ ■ □ ■ □ ■ □ ■ □ ■
16 ■ □ ■ □ - - ■ □ ■ □ ■ □ ■ □ ■ □ ■ □
15 - ■ - - - - □ - □ - - - - ■ - ■ - ■
14 - - - - - - - - - - - - - - - - - -
13 - - - - □ - - - □ - - - - - - ■ - ■
12 ■ - - □ - □ - - - - - - - □ - - - -
11 - - - - □ - - - - - - ■ - - - - - ■
10 ■ - ■ - - - - - - - - - - - - - - -
 9 - - - - - - - ■ - ■ - - - - - - - ■
 8 - - - - - □ - - - - - - - - - - - -
 7 □ - - - - - □ - - - - - - - - - - -
 6 - - - - - - - - - □ - □ - □ - - - □
 5 □ - - ■ - - - - - - - - - - - - - -
 4 - - - - - - - - - - - - - - - - - -
 3 □ - - ■ - ■ - ■ - ■ - - - ■ - - - ■
 2 - - - - - - - - - - - - ■ - ■ - - -
 1 □ - □ - □ - □ - □ - □ - - - - - - -
-- a b c d e f g h i j k l m n o p q r
white
(16, b) -> (14, b)
Moving encoding:
['(16, b) ', ' (14, b)']
*** Server Opponent's move ***
18 ■ □ ■ □ ■ □ ■ □ ■ □ ■ □ ■ □ ■ □ ■ □
17 □ ■ □ ■ □ ■ □ ■ □ ■ □ ■ □ ■ □ ■ □ ■
16 ■ - ■ □ - - ■ □ ■ □ ■ □ ■ □ ■ □ ■ □
15 - - - - - - □ - □ - - - - ■ - ■ - ■
14 - □ - - - - - - - - - - - - - - - -
13 - - - - □ - - - □ - - - - - - ■ - ■
12 ■ - - □ - □ - - - - - - - □ - - - -
11 - - - - □ - - - - - - ■ - - - - - ■
10 ■ - ■ - - - - - - - - - - - - - - -
 9 - - - - - - - ■ - ■ - - - - - - - ■
 8 - - - - - □ - - - - - - - - - - - -
 7 □ - - - - - □ - - - - - - - - - - -
 6 - - - - - - - - - □ - □ - □ - - - □
 5 □ - - ■ - - - - - - - - - - - - - -
 4 - - - - - - - - - - - - - - - - - -
 3 □ - - ■ - ■ - ■ - ■ - - - ■ - - - ■
 2 - - - - - - - - - - - - ■ - ■ - - -
 1 □ - □ - □ - □ - □ - □ - - - - - - -
-- a b c d e f g h i j k l m n o p q r
black
Move[15:1]:[13:1]

Move[15:2]:[15:4]

?Move(105689):

Moving decoding:
[15:2]:[15:4]

*** Motley Crew's move ***
18 ■ □ ■ □ ■ □ ■ □ ■ □ ■ □ ■ □ ■ □ ■ □
17 □ ■ □ ■ □ ■ □ ■ □ ■ □ ■ □ ■ □ ■ □ ■
16 ■ - - - ■ - ■ □ ■ □ ■ □ ■ □ ■ □ ■ □
15 - - - - - - □ - □ - - - - ■ - ■ - ■
14 - □ - - - - - - - - - - - - - - - -
13 - - - - □ - - - □ - - - - - - ■ - ■
12 ■ - - □ - □ - - - - - - - □ - - - -
11 - - - - □ - - - - - - ■ - - - - - ■
10 ■ - ■ - - - - - - - - - - - - - - -
 9 - - - - - - - ■ - ■ - - - - - - - ■
 8 - - - - - □ - - - - - - - - - - - -
 7 □ - - - - - □ - - - - - - - - - - -
 6 - - - - - - - - - □ - □ - □ - - - □
 5 □ - - ■ - - - - - - - - - - - - - -
 4 - - - - - - - - - - - - - - - - - -
 3 □ - - ■ - ■ - ■ - ■ - - - ■ - - - ■
 2 - - - - - - - - - - - - ■ - ■ - - -
 1 □ - □ - □ - □ - □ - □ - - - - - - -
-- a b c d e f g h i j k l m n o p q r
white
(16, h) -> (16, f)
Moving encoding:
['(16, h) ', ' (16, f)']
*** Server Opponent's move ***
18 ■ □ ■ □ ■ □ ■ □ ■ □ ■ □ ■ □ ■ □ ■ □
17 □ ■ □ ■ □ ■ □ ■ □ ■ □ ■ □ ■ □ ■ □ ■
16 ■ - - - ■ □ - - ■ □ ■ □ ■ □ ■ □ ■ □
15 - - - - - - □ - □ - - - - ■ - ■ - ■
14 - □ - - - - - - - - - - - - - - - -
13 - - - - □ - - - □ - - - - - - ■ - ■
12 ■ - - □ - □ - - - - - - - □ - - - -
11 - - - - □ - - - - - - ■ - - - - - ■
10 ■ - ■ - - - - - - - - - - - - - - -
 9 - - - - - - - ■ - ■ - - - - - - - ■
 8 - - - - - □ - - - - - - - - - - - -
 7 □ - - - - - □ - - - - - - - - - - -
 6 - - - - - - - - - □ - □ - □ - - - □
 5 □ - - ■ - - - - - - - - - - - - - -
 4 - - - - - - - - - - - - - - - - - -
 3 □ - - ■ - ■ - ■ - ■ - - - ■ - - - ■
 2 - - - - - - - - - - - - ■ - ■ - - -
 1 □ - □ - □ - □ - □ - □ - - - - - - -
-- a b c d e f g h i j k l m n o p q r
black
Move[15:7]:[15:5]

Move[15:4]:[15:6]

?Move(105125):

Moving decoding:
[15:4]:[15:6]

*** Motley Crew's move ***
18 ■ □ ■ □ ■ □ ■ □ ■ □ ■ □ ■ □ ■ □ ■ □
17 □ ■ □ ■ □ ■ □ ■ □ ■ □ ■ □ ■ □ ■ □ ■
16 ■ - - - - - ■ - ■ □ ■ □ ■ □ ■ □ ■ □
15 - - - - - - □ - □ - - - - ■ - ■ - ■
14 - □ - - - - - - - - - - - - - - - -
13 - - - - □ - - - □ - - - - - - ■ - ■
12 ■ - - □ - □ - - - - - - - □ - - - -
11 - - - - □ - - - - - - ■ - - - - - ■
10 ■ - ■ - - - - - - - - - - - - - - -
 9 - - - - - - - ■ - ■ - - - - - - - ■
 8 - - - - - □ - - - - - - - - - - - -
 7 □ - - - - - □ - - - - - - - - - - -
 6 - - - - - - - - - □ - □ - □ - - - □
 5 □ - - ■ - - - - - - - - - - - - - -
 4 - - - - - - - - - - - - - - - - - -
 3 □ - - ■ - ■ - ■ - ■ - - - ■ - - - ■
 2 - - - - - - - - - - - - ■ - ■ - - -
 1 □ - □ - □ - □ - □ - □ - - - - - - -
-- a b c d e f g h i j k l m n o p q r
white
(16, j) -> (16, h)
Moving encoding:
['(16, j) ', ' (16, h)']
*** Server Opponent's move ***
18 ■ □ ■ □ ■ □ ■ □ ■ □ ■ □ ■ □ ■ □ ■ □
17 □ ■ □ ■ □ ■ □ ■ □ ■ □ ■ □ ■ □ ■ □ ■
16 ■ - - - - - ■ □ - - ■ □ ■ □ ■ □ ■ □
15 - - - - - - □ - □ - - - - ■ - ■ - ■
14 - □ - - - - - - - - - - - - - - - -
13 - - - - □ - - - □ - - - - - - ■ - ■
12 ■ - - □ - □ - - - - - - - □ - - - -
11 - - - - □ - - - - - - ■ - - - - - ■
10 ■ - ■ - - - - - - - - - - - - - - -
 9 - - - - - - - ■ - ■ - - - - - - - ■
 8 - - - - - □ - - - - - - - - - - - -
 7 □ - - - - - □ - - - - - - - - - - -
 6 - - - - - - - - - □ - □ - □ - - - □
 5 □ - - ■ - - - - - - - - - - - - - -
 4 - - - - - - - - - - - - - - - - - -
 3 □ - - ■ - ■ - ■ - ■ - - - ■ - - - ■
 2 - - - - - - - - - - - - ■ - ■ - - -
 1 □ - □ - □ - □ - □ - □ - - - - - - -
-- a b c d e f g h i j k l m n o p q r
black
Move[15:9]:[15:7]

Move[15:6]:[15:8]

?Move(104542):

Moving decoding:
[15:6]:[15:8]

*** Motley Crew's move ***
18 ■ □ ■ □ ■ □ ■ □ ■ □ ■ □ ■ □ ■ □ ■ □
17 □ ■ □ ■ □ ■ □ ■ □ ■ □ ■ □ ■ □ ■ □ ■
16 ■ - - - - - - - ■ - ■ □ ■ □ ■ □ ■ □
15 - - - - - - □ - □ - - - - ■ - ■ - ■
14 - □ - - - - - - - - - - - - - - - -
13 - - - - □ - - - □ - - - - - - ■ - ■
12 ■ - - □ - □ - - - - - - - □ - - - -
11 - - - - □ - - - - - - ■ - - - - - ■
10 ■ - ■ - - - - - - - - - - - - - - -
 9 - - - - - - - ■ - ■ - - - - - - - ■
 8 - - - - - □ - - - - - - - - - - - -
 7 □ - - - - - □ - - - - - - - - - - -
 6 - - - - - - - - - □ - □ - □ - - - □
 5 □ - - ■ - - - - - - - - - - - - - -
 4 - - - - - - - - - - - - - - - - - -
 3 □ - - ■ - ■ - ■ - ■ - - - ■ - - - ■
 2 - - - - - - - - - - - - ■ - ■ - - -
 1 □ - □ - □ - □ - □ - □ - - - - - - -
-- a b c d e f g h i j k l m n o p q r
white
(16, l) -> (16, j)
Moving encoding:
['(16, l) ', ' (16, j)']
*** Server Opponent's move ***
18 ■ □ ■ □ ■ □ ■ □ ■ □ ■ □ ■ □ ■ □ ■ □
17 □ ■ □ ■ □ ■ □ ■ □ ■ □ ■ □ ■ □ ■ □ ■
16 ■ - - - - - - - ■ □ - - ■ □ ■ □ ■ □
15 - - - - - - □ - □ - - - - ■ - ■ - ■
14 - □ - - - - - - - - - - - - - - - -
13 - - - - □ - - - □ - - - - - - ■ - ■
12 ■ - - □ - □ - - - - - - - □ - - - -
11 - - - - □ - - - - - - ■ - - - - - ■
10 ■ - ■ - - - - - - - - - - - - - - -
 9 - - - - - - - ■ - ■ - - - - - - - ■
 8 - - - - - □ - - - - - - - - - - - -
 7 □ - - - - - □ - - - - - - - - - - -
 6 - - - - - - - - - □ - □ - □ - - - □
 5 □ - - ■ - - - - - - - - - - - - - -
 4 - - - - - - - - - - - - - - - - - -
 3 □ - - ■ - ■ - ■ - ■ - - - ■ - - - ■
 2 - - - - - - - - - - - - ■ - ■ - - -
 1 □ - □ - □ - □ - □ - □ - - - - - - -
-- a b c d e f g h i j k l m n o p q r
black
Move[15:11]:[15:9]

Move[15:8]:[15:10]

?Move(103931):

Moving decoding:
[15:8]:[15:10]

*** Motley Crew's move ***
18 ■ □ ■ □ ■ □ ■ □ ■ □ ■ □ ■ □ ■ □ ■ □
17 □ ■ □ ■ □ ■ □ ■ □ ■ □ ■ □ ■ □ ■ □ ■
16 ■ - - - - - - - - - ■ - ■ □ ■ □ ■ □
15 - - - - - - □ - □ - - - - ■ - ■ - ■
14 - □ - - - - - - - - - - - - - - - -
13 - - - - □ - - - □ - - - - - - ■ - ■
12 ■ - - □ - □ - - - - - - - □ - - - -
11 - - - - □ - - - - - - ■ - - - - - ■
10 ■ - ■ - - - - - - - - - - - - - - -
 9 - - - - - - - ■ - ■ - - - - - - - ■
 8 - - - - - □ - - - - - - - - - - - -
 7 □ - - - - - □ - - - - - - - - - - -
 6 - - - - - - - - - □ - □ - □ - - - □
 5 □ - - ■ - - - - - - - - - - - - - -
 4 - - - - - - - - - - - - - - - - - -
 3 □ - - ■ - ■ - ■ - ■ - - - ■ - - - ■
 2 - - - - - - - - - - - - ■ - ■ - - -
 1 □ - □ - □ - □ - □ - □ - - - - - - -
-- a b c d e f g h i j k l m n o p q r
white
(16, n) -> (16, l)
Moving encoding:
['(16, n) ', ' (16, l)']
*** Server Opponent's move ***
18 ■ □ ■ □ ■ □ ■ □ ■ □ ■ □ ■ □ ■ □ ■ □
17 □ ■ □ ■ □ ■ □ ■ □ ■ □ ■ □ ■ □ ■ □ ■
16 ■ - - - - - - - - - ■ □ - - ■ □ ■ □
15 - - - - - - □ - □ - - - - ■ - ■ - ■
14 - □ - - - - - - - - - - - - - - - -
13 - - - - □ - - - □ - - - - - - ■ - ■
12 ■ - - □ - □ - - - - - - - □ - - - -
11 - - - - □ - - - - - - ■ - - - - - ■
10 ■ - ■ - - - - - - - - - - - - - - -
 9 - - - - - - - ■ - ■ - - - - - - - ■
 8 - - - - - □ - - - - - - - - - - - -
 7 □ - - - - - □ - - - - - - - - - - -
 6 - - - - - - - - - □ - □ - □ - - - □
 5 □ - - ■ - - - - - - - - - - - - - -
 4 - - - - - - - - - - - - - - - - - -
 3 □ - - ■ - ■ - ■ - ■ - - - ■ - - - ■
 2 - - - - - - - - - - - - ■ - ■ - - -
 1 □ - □ - □ - □ - □ - □ - - - - - - -
-- a b c d e f g h i j k l m n o p q r
black
Move[15:13]:[15:11]

Move[15:10]:[15:12]

?Move(103225):

Moving decoding:
[15:10]:[15:12]

*** Motley Crew's move ***
18 ■ □ ■ □ ■ □ ■ □ ■ □ ■ □ ■ □ ■ □ ■ □
17 □ ■ □ ■ □ ■ □ ■ □ ■ □ ■ □ ■ □ ■ □ ■
16 ■ - - - - - - - - - - - ■ - ■ □ ■ □
15 - - - - - - □ - □ - - - - ■ - ■ - ■
14 - □ - - - - - - - - - - - - - - - -
13 - - - - □ - - - □ - - - - - - ■ - ■
12 ■ - - □ - □ - - - - - - - □ - - - -
11 - - - - □ - - - - - - ■ - - - - - ■
10 ■ - ■ - - - - - - - - - - - - - - -
 9 - - - - - - - ■ - ■ - - - - - - - ■
 8 - - - - - □ - - - - - - - - - - - -
 7 □ - - - - - □ - - - - - - - - - - -
 6 - - - - - - - - - □ - □ - □ - - - □
 5 □ - - ■ - - - - - - - - - - - - - -
 4 - - - - - - - - - - - - - - - - - -
 3 □ - - ■ - ■ - ■ - ■ - - - ■ - - - ■
 2 - - - - - - - - - - - - ■ - ■ - - -
 1 □ - □ - □ - □ - □ - □ - - - - - - -
-- a b c d e f g h i j k l m n o p q r
white
(16, p) -> (16, n)
Moving encoding:
['(16, p) ', ' (16, n)']
*** Server Opponent's move ***
18 ■ □ ■ □ ■ □ ■ □ ■ □ ■ □ ■ □ ■ □ ■ □
17 □ ■ □ ■ □ ■ □ ■ □ ■ □ ■ □ ■ □ ■ □ ■
16 ■ - - - - - - - - - - - ■ □ - - ■ □
15 - - - - - - □ - □ - - - - ■ - ■ - ■
14 - □ - - - - - - - - - - - - - - - -
13 - - - - □ - - - □ - - - - - - ■ - ■
12 ■ - - □ - □ - - - - - - - □ - - - -
11 - - - - □ - - - - - - ■ - - - - - ■
10 ■ - ■ - - - - - - - - - - - - - - -
 9 - - - - - - - ■ - ■ - - - - - - - ■
 8 - - - - - □ - - - - - - - - - - - -
 7 □ - - - - - □ - - - - - - - - - - -
 6 - - - - - - - - - □ - □ - □ - - - □
 5 □ - - ■ - - - - - - - - - - - - - -
 4 - - - - - - - - - - - - - - - - - -
 3 □ - - ■ - ■ - ■ - ■ - - - ■ - - - ■
 2 - - - - - - - - - - - - ■ - ■ - - -
 1 □ - □ - □ - □ - □ - □ - - - - - - -
-- a b c d e f g h i j k l m n o p q r
black
Move[15:15]:[15:13]

Move[15:12]:[15:14]

?Move(102547):

Moving decoding:
[15:12]:[15:14]

*** Motley Crew's move ***
18 ■ □ ■ □ ■ □ ■ □ ■ □ ■ □ ■ □ ■ □ ■ □
17 □ ■ □ ■ □ ■ □ ■ □ ■ □ ■ □ ■ □ ■ □ ■
16 ■ - - - - - - - - - - - - - ■ - ■ □
15 - - - - - - □ - □ - - - - ■ - ■ - ■
14 - □ - - - - - - - - - - - - - - - -
13 - - - - □ - - - □ - - - - - - ■ - ■
12 ■ - - □ - □ - - - - - - - □ - - - -
11 - - - - □ - - - - - - ■ - - - - - ■
10 ■ - ■ - - - - - - - - - - - - - - -
 9 - - - - - - - ■ - ■ - - - - - - - ■
 8 - - - - - □ - - - - - - - - - - - -
 7 □ - - - - - □ - - - - - - - - - - -
 6 - - - - - - - - - □ - □ - □ - - - □
 5 □ - - ■ - - - - - - - - - - - - - -
 4 - - - - - - - - - - - - - - - - - -
 3 □ - - ■ - ■ - ■ - ■ - - - ■ - - - ■
 2 - - - - - - - - - - - - ■ - ■ - - -
 1 □ - □ - □ - □ - □ - □ - - - - - - -
-- a b c d e f g h i j k l m n o p q r
white
(16, r) -> (16, p)
Moving encoding:
['(16, r) ', ' (16, p)']
*** Server Opponent's move ***
18 ■ □ ■ □ ■ □ ■ □ ■ □ ■ □ ■ □ ■ □ ■ □
17 □ ■ □ ■ □ ■ □ ■ □ ■ □ ■ □ ■ □ ■ □ ■
16 ■ - - - - - - - - - - - - - ■ □ - -
15 - - - - - - □ - □ - - - - ■ - ■ - ■
14 - □ - - - - - - - - - - - - - - - -
13 - - - - □ - - - □ - - - - - - ■ - ■
12 ■ - - □ - □ - - - - - - - □ - - - -
11 - - - - □ - - - - - - ■ - - - - - ■
10 ■ - ■ - - - - - - - - - - - - - - -
 9 - - - - - - - ■ - ■ - - - - - - - ■
 8 - - - - - □ - - - - - - - - - - - -
 7 □ - - - - - □ - - - - - - - - - - -
 6 - - - - - - - - - □ - □ - □ - - - □
 5 □ - - ■ - - - - - - - - - - - - - -
 4 - - - - - - - - - - - - - - - - - -
 3 □ - - ■ - ■ - ■ - ■ - - - ■ - - - ■
 2 - - - - - - - - - - - - ■ - ■ - - -
 1 □ - □ - □ - □ - □ - □ - - - - - - -
-- a b c d e f g h i j k l m n o p q r
black
Move[15:17]:[15:15]

Move[15:14]:[15:16]

?Move(101893):

Moving decoding:
[15:14]:[15:16]

*** Motley Crew's move ***
18 ■ □ ■ □ ■ □ ■ □ ■ □ ■ □ ■ □ ■ □ ■ □
17 □ ■ □ ■ □ ■ □ ■ □ ■ □ ■ □ ■ □ ■ □ ■
16 ■ - - - - - - - - - - - - - - - ■ -
15 - - - - - - □ - □ - - - - ■ - ■ - ■
14 - □ - - - - - - - - - - - - - - - -
13 - - - - □ - - - □ - - - - - - ■ - ■
12 ■ - - □ - □ - - - - - - - □ - - - -
11 - - - - □ - - - - - - ■ - - - - - ■
10 ■ - ■ - - - - - - - - - - - - - - -
 9 - - - - - - - ■ - ■ - - - - - - - ■
 8 - - - - - □ - - - - - - - - - - - -
 7 □ - - - - - □ - - - - - - - - - - -
 6 - - - - - - - - - □ - □ - □ - - - □
 5 □ - - ■ - - - - - - - - - - - - - -
 4 - - - - - - - - - - - - - - - - - -
 3 □ - - ■ - ■ - ■ - ■ - - - ■ - - - ■
 2 - - - - - - - - - - - - ■ - ■ - - -
 1 □ - □ - □ - □ - □ - □ - - - - - - -
-- a b c d e f g h i j k l m n o p q r
white
(17, a) -> (15, a)
Moving encoding:
['(17, a) ', ' (15, a)']
*** Server Opponent's move ***
18 ■ □ ■ □ ■ □ ■ □ ■ □ ■ □ ■ □ ■ □ ■ □
17 - ■ □ ■ □ ■ □ ■ □ ■ □ ■ □ ■ □ ■ □ ■
16 - - - - - - - - - - - - - - - - ■ -
15 □ - - - - - □ - □ - - - - ■ - ■ - ■
14 - □ - - - - - - - - - - - - - - - -
13 - - - - □ - - - □ - - - - - - ■ - ■
12 ■ - - □ - □ - - - - - - - □ - - - -
11 - - - - □ - - - - - - ■ - - - - - ■
10 ■ - ■ - - - - - - - - - - - - - - -
 9 - - - - - - - ■ - ■ - - - - - - - ■
 8 - - - - - □ - - - - - - - - - - - -
 7 □ - - - - - □ - - - - - - - - - - -
 6 - - - - - - - - - □ - □ - □ - - - □
 5 □ - - ■ - - - - - - - - - - - - - -
 4 - - - - - - - - - - - - - - - - - -
 3 □ - - ■ - ■ - ■ - ■ - - - ■ - - - ■
 2 - - - - - - - - - - - - ■ - ■ - - -
 1 □ - □ - □ - □ - □ - □ - - - - - - -
-- a b c d e f g h i j k l m n o p q r
black
Move[16:0]:[14:0]

Move[17:2]:[15:2]

?Move(101363):

Moving decoding:
[17:2]:[15:2]

*** Motley Crew's move ***
18 ■ □ - □ ■ □ ■ □ ■ □ ■ □ ■ □ ■ □ ■ □
17 - ■ - ■ □ ■ □ ■ □ ■ □ ■ □ ■ □ ■ □ ■
16 - - ■ - - - - - - - - - - - - - ■ -
15 □ - - - - - □ - □ - - - - ■ - ■ - ■
14 - □ - - - - - - - - - - - - - - - -
13 - - - - □ - - - □ - - - - - - ■ - ■
12 ■ - - □ - □ - - - - - - - □ - - - -
11 - - - - □ - - - - - - ■ - - - - - ■
10 ■ - ■ - - - - - - - - - - - - - - -
 9 - - - - - - - ■ - ■ - - - - - - - ■
 8 - - - - - □ - - - - - - - - - - - -
 7 □ - - - - - □ - - - - - - - - - - -
 6 - - - - - - - - - □ - □ - □ - - - □
 5 □ - - ■ - - - - - - - - - - - - - -
 4 - - - - - - - - - - - - - - - - - -
 3 □ - - ■ - ■ - ■ - ■ - - - ■ - - - ■
 2 - - - - - - - - - - - - ■ - ■ - - -
 1 □ - □ - □ - □ - □ - □ - - - - - - -
-- a b c d e f g h i j k l m n o p q r
white
(17, e) -> (17, c)
Moving encoding:
['(17, e) ', ' (17, c)']
*** Server Opponent's move ***
18 ■ □ - □ ■ □ ■ □ ■ □ ■ □ ■ □ ■ □ ■ □
17 - ■ □ - - ■ □ ■ □ ■ □ ■ □ ■ □ ■ □ ■
16 - - ■ - - - - - - - - - - - - - ■ -
15 □ - - - - - □ - □ - - - - ■ - ■ - ■
14 - □ - - - - - - - - - - - - - - - -
13 - - - - □ - - - □ - - - - - - ■ - ■
12 ■ - - □ - □ - - - - - - - □ - - - -
11 - - - - □ - - - - - - ■ - - - - - ■
10 ■ - ■ - - - - - - - - - - - - - - -
 9 - - - - - - - ■ - ■ - - - - - - - ■
 8 - - - - - □ - - - - - - - - - - - -
 7 □ - - - - - □ - - - - - - - - - - -
 6 - - - - - - - - - □ - □ - □ - - - □
 5 □ - - ■ - - - - - - - - - - - - - -
 4 - - - - - - - - - - - - - - - - - -
 3 □ - - ■ - ■ - ■ - ■ - - - ■ - - - ■
 2 - - - - - - - - - - - - ■ - ■ - - -
 1 □ - □ - □ - □ - □ - □ - - - - - - -
-- a b c d e f g h i j k l m n o p q r
black
Move[16:4]:[16:2]

Move[15:2]:[17:2]

?Move(100807):

Moving decoding:
[15:2]:[17:2]

*** Motley Crew's move ***
18 ■ □ ■ □ ■ □ ■ □ ■ □ ■ □ ■ □ ■ □ ■ □
17 - ■ - - - ■ □ ■ □ ■ □ ■ □ ■ □ ■ □ ■
16 - - - - - - - - - - - - - - - - ■ -
15 □ - - - - - □ - □ - - - - ■ - ■ - ■
14 - □ - - - - - - - - - - - - - - - -
13 - - - - □ - - - □ - - - - - - ■ - ■
12 ■ - - □ - □ - - - - - - - □ - - - -
11 - - - - □ - - - - - - ■ - - - - - ■
10 ■ - ■ - - - - - - - - - - - - - - -
 9 - - - - - - - ■ - ■ - - - - - - - ■
 8 - - - - - □ - - - - - - - - - - - -
 7 □ - - - - - □ - - - - - - - - - - -
 6 - - - - - - - - - □ - □ - □ - - - □
 5 □ - - ■ - - - - - - - - - - - - - -
 4 - - - - - - - - - - - - - - - - - -
 3 □ - - ■ - ■ - ■ - ■ - - - ■ - - - ■
 2 - - - - - - - - - - - - ■ - ■ - - -
 1 □ - □ - □ - □ - □ - □ - - - - - - -
-- a b c d e f g h i j k l m n o p q r
white
(17, g) -> (17, e)
Moving encoding:
['(17, g) ', ' (17, e)']
*** Server Opponent's move ***
18 ■ □ ■ □ ■ □ ■ □ ■ □ ■ □ ■ □ ■ □ ■ □
17 - ■ - - □ - - ■ □ ■ □ ■ □ ■ □ ■ □ ■
16 - - - - - - - - - - - - - - - - ■ -
15 □ - - - - - □ - □ - - - - ■ - ■ - ■
14 - □ - - - - - - - - - - - - - - - -
13 - - - - □ - - - □ - - - - - - ■ - ■
12 ■ - - □ - □ - - - - - - - □ - - - -
11 - - - - □ - - - - - - ■ - - - - - ■
10 ■ - ■ - - - - - - - - - - - - - - -
 9 - - - - - - - ■ - ■ - - - - - - - ■
 8 - - - - - □ - - - - - - - - - - - -
 7 □ - - - - - □ - - - - - - - - - - -
 6 - - - - - - - - - □ - □ - □ - - - □
 5 □ - - ■ - - - - - - - - - - - - - -
 4 - - - - - - - - - - - - - - - - - -
 3 □ - - ■ - ■ - ■ - ■ - - - ■ - - - ■
 2 - - - - - - - - - - - - ■ - ■ - - -
 1 □ - □ - □ - □ - □ - □ - - - - - - -
-- a b c d e f g h i j k l m n o p q r
black
Move[16:6]:[16:4]

Move[17:4]:[15:4]

?Move(100359):

Moving decoding:
[17:4]:[15:4]

*** Motley Crew's move ***
18 ■ □ ■ □ - □ ■ □ ■ □ ■ □ ■ □ ■ □ ■ □
17 - ■ - - - - - ■ □ ■ □ ■ □ ■ □ ■ □ ■
16 - - - - ■ - - - - - - - - - - - ■ -
15 □ - - - - - □ - □ - - - - ■ - ■ - ■
14 - □ - - - - - - - - - - - - - - - -
13 - - - - □ - - - □ - - - - - - ■ - ■
12 ■ - - □ - □ - - - - - - - □ - - - -
11 - - - - □ - - - - - - ■ - - - - - ■
10 ■ - ■ - - - - - - - - - - - - - - -
 9 - - - - - - - ■ - ■ - - - - - - - ■
 8 - - - - - □ - - - - - - - - - - - -
 7 □ - - - - - □ - - - - - - - - - - -
 6 - - - - - - - - - □ - □ - □ - - - □
 5 □ - - ■ - - - - - - - - - - - - - -
 4 - - - - - - - - - - - - - - - - - -
 3 □ - - ■ - ■ - ■ - ■ - - - ■ - - - ■
 2 - - - - - - - - - - - - ■ - ■ - - -
 1 □ - □ - □ - □ - □ - □ - - - - - - -
-- a b c d e f g h i j k l m n o p q r
white
(17, i) -> (17, g)
Moving encoding:
['(17, i) ', ' (17, g)']
*** Server Opponent's move ***
18 ■ □ ■ □ - □ ■ □ ■ □ ■ □ ■ □ ■ □ ■ □
17 - ■ - - - - □ - - ■ □ ■ □ ■ □ ■ □ ■
16 - - - - ■ - - - - - - - - - - - ■ -
15 □ - - - - - □ - □ - - - - ■ - ■ - ■
14 - □ - - - - - - - - - - - - - - - -
13 - - - - □ - - - □ - - - - - - ■ - ■
12 ■ - - □ - □ - - - - - - - □ - - - -
11 - - - - □ - - - - - - ■ - - - - - ■
10 ■ - ■ - - - - - - - - - - - - - - -
 9 - - - - - - - ■ - ■ - - - - - - - ■
 8 - - - - - □ - - - - - - - - - - - -
 7 □ - - - - - □ - - - - - - - - - - -
 6 - - - - - - - - - □ - □ - □ - - - □
 5 □ - - ■ - - - - - - - - - - - - - -
 4 - - - - - - - - - - - - - - - - - -
 3 □ - - ■ - ■ - ■ - ■ - - - ■ - - - ■
 2 - - - - - - - - - - - - ■ - ■ - - -
 1 □ - □ - □ - □ - □ - □ - - - - - - -
-- a b c d e f g h i j k l m n o p q r
black
Move[16:8]:[16:6]

Move[17:2]:[17:4]

?Move(99967):

Moving decoding:
[17:2]:[17:4]

*** Motley Crew's move ***
18 ■ □ - - ■ □ ■ □ ■ □ ■ □ ■ □ ■ □ ■ □
17 - ■ - - - - □ - - ■ □ ■ □ ■ □ ■ □ ■
16 - - - - ■ - - - - - - - - - - - ■ -
15 □ - - - - - □ - □ - - - - ■ - ■ - ■
14 - □ - - - - - - - - - - - - - - - -
13 - - - - □ - - - □ - - - - - - ■ - ■
12 ■ - - □ - □ - - - - - - - □ - - - -
11 - - - - □ - - - - - - ■ - - - - - ■
10 ■ - ■ - - - - - - - - - - - - - - -
 9 - - - - - - - ■ - ■ - - - - - - - ■
 8 - - - - - □ - - - - - - - - - - - -
 7 □ - - - - - □ - - - - - - - - - - -
 6 - - - - - - - - - □ - □ - □ - - - □
 5 □ - - ■ - - - - - - - - - - - - - -
 4 - - - - - - - - - - - - - - - - - -
 3 □ - - ■ - ■ - ■ - ■ - - - ■ - - - ■
 2 - - - - - - - - - - - - ■ - ■ - - -
 1 □ - □ - □ - □ - □ - □ - - - - - - -
-- a b c d e f g h i j k l m n o p q r
white
(17, k) -> (17, i)
Moving encoding:
['(17, k) ', ' (17, i)']
*** Server Opponent's move ***
18 ■ □ - - ■ □ ■ □ ■ □ ■ □ ■ □ ■ □ ■ □
17 - ■ - - - - □ - □ - - ■ □ ■ □ ■ □ ■
16 - - - - ■ - - - - - - - - - - - ■ -
15 □ - - - - - □ - □ - - - - ■ - ■ - ■
14 - □ - - - - - - - - - - - - - - - -
13 - - - - □ - - - □ - - - - - - ■ - ■
12 ■ - - □ - □ - - - - - - - □ - - - -
11 - - - - □ - - - - - - ■ - - - - - ■
10 ■ - ■ - - - - - - - - - - - - - - -
 9 - - - - - - - ■ - ■ - - - - - - - ■
 8 - - - - - □ - - - - - - - - - - - -
 7 □ - - - - - □ - - - - - - - - - - -
 6 - - - - - - - - - □ - □ - □ - - - □
 5 □ - - ■ - - - - - - - - - - - - - -
 4 - - - - - - - - - - - - - - - - - -
 3 □ - - ■ - ■ - ■ - ■ - - - ■ - - - ■
 2 - - - - - - - - - - - - ■ - ■ - - -
 1 □ - □ - □ - □ - □ - □ - - - - - - -
-- a b c d e f g h i j k l m n o p q r
black
Move[16:10]:[16:8]

Move[17:0]:[17:2]

?Move(99594):

Moving decoding:
[17:0]:[17:2]

*** Motley Crew's move ***
18 - - ■ - ■ □ ■ □ ■ □ ■ □ ■ □ ■ □ ■ □
17 - ■ - - - - □ - □ - - ■ □ ■ □ ■ □ ■
16 - - - - ■ - - - - - - - - - - - ■ -
15 □ - - - - - □ - □ - - - - ■ - ■ - ■
14 - □ - - - - - - - - - - - - - - - -
13 - - - - □ - - - □ - - - - - - ■ - ■
12 ■ - - □ - □ - - - - - - - □ - - - -
11 - - - - □ - - - - - - ■ - - - - - ■
10 ■ - ■ - - - - - - - - - - - - - - -
 9 - - - - - - - ■ - ■ - - - - - - - ■
 8 - - - - - □ - - - - - - - - - - - -
 7 □ - - - - - □ - - - - - - - - - - -
 6 - - - - - - - - - □ - □ - □ - - - □
 5 □ - - ■ - - - - - - - - - - - - - -
 4 - - - - - - - - - - - - - - - - - -
 3 □ - - ■ - ■ - ■ - ■ - - - ■ - - - ■
 2 - - - - - - - - - - - - ■ - ■ - - -
 1 □ - □ - □ - □ - □ - □ - - - - - - -
-- a b c d e f g h i j k l m n o p q r
white
(17, m) -> (17, k)
Moving encoding:
['(17, m) ', ' (17, k)']
*** Server Opponent's move ***
18 - - ■ - ■ □ ■ □ ■ □ ■ □ ■ □ ■ □ ■ □
17 - ■ - - - - □ - □ - □ - - ■ □ ■ □ ■
16 - - - - ■ - - - - - - - - - - - ■ -
15 □ - - - - - □ - □ - - - - ■ - ■ - ■
14 - □ - - - - - - - - - - - - - - - -
13 - - - - □ - - - □ - - - - - - ■ - ■
12 ■ - - □ - □ - - - - - - - □ - - - -
11 - - - - □ - - - - - - ■ - - - - - ■
10 ■ - ■ - - - - - - - - - - - - - - -
 9 - - - - - - - ■ - ■ - - - - - - - ■
 8 - - - - - □ - - - - - - - - - - - -
 7 □ - - - - - □ - - - - - - - - - - -
 6 - - - - - - - - - □ - □ - □ - - - □
 5 □ - - ■ - - - - - - - - - - - - - -
 4 - - - - - - - - - - - - - - - - - -
 3 □ - - ■ - ■ - ■ - ■ - - - ■ - - - ■
 2 - - - - - - - - - - - - ■ - ■ - - -
 1 □ - □ - □ - □ - □ - □ - - - - - - -
-- a b c d e f g h i j k l m n o p q r
black
Move[16:12]:[16:10]

Move[17:6]:[15:6]

?Move(99259):

Moving decoding:
[17:6]:[15:6]

*** Motley Crew's move ***
18 - - ■ - ■ □ - □ ■ □ ■ □ ■ □ ■ □ ■ □
17 - ■ - - - - - - □ - □ - - ■ □ ■ □ ■
16 - - - - ■ - ■ - - - - - - - - - ■ -
15 □ - - - - - □ - □ - - - - ■ - ■ - ■
14 - □ - - - - - - - - - - - - - - - -
13 - - - - □ - - - □ - - - - - - ■ - ■
12 ■ - - □ - □ - - - - - - - □ - - - -
11 - - - - □ - - - - - - ■ - - - - - ■
10 ■ - ■ - - - - - - - - - - - - - - -
 9 - - - - - - - ■ - ■ - - - - - - - ■
 8 - - - - - □ - - - - - - - - - - - -
 7 □ - - - - - □ - - - - - - - - - - -
 6 - - - - - - - - - □ - □ - □ - - - □
 5 □ - - ■ - - - - - - - - - - - - - -
 4 - - - - - - - - - - - - - - - - - -
 3 □ - - ■ - ■ - ■ - ■ - - - ■ - - - ■
 2 - - - - - - - - - - - - ■ - ■ - - -
 1 □ - □ - □ - □ - □ - □ - - - - - - -
-- a b c d e f g h i j k l m n o p q r
white
(15, g) -> (17, g)
Moving encoding:
['(15, g) ', ' (17, g)']
*** Server Opponent's move ***
18 - - ■ - ■ □ - □ ■ □ ■ □ ■ □ ■ □ ■ □
17 - ■ - - - - □ - □ - □ - - ■ □ ■ □ ■
16 - - - - ■ - - - - - - - - - - - ■ -
15 □ - - - - - - - □ - - - - ■ - ■ - ■
14 - □ - - - - - - - - - - - - - - - -
13 - - - - □ - - - □ - - - - - - ■ - ■
12 ■ - - □ - □ - - - - - - - □ - - - -
11 - - - - □ - - - - - - ■ - - - - - ■
10 ■ - ■ - - - - - - - - - - - - - - -
 9 - - - - - - - ■ - ■ - - - - - - - ■
 8 - - - - - □ - - - - - - - - - - - -
 7 □ - - - - - □ - - - - - - - - - - -
 6 - - - - - - - - - □ - □ - □ - - - □
 5 □ - - ■ - - - - - - - - - - - - - -
 4 - - - - - - - - - - - - - - - - - -
 3 □ - - ■ - ■ - ■ - ■ - - - ■ - - - ■
 2 - - - - - - - - - - - - ■ - ■ - - -
 1 □ - □ - □ - □ - □ - □ - - - - - - -
-- a b c d e f g h i j k l m n o p q r
black
Move[14:6]:[16:6]

Move[17:4]:[17:6]

?Move(98948):

Moving decoding:
[17:4]:[17:6]

*** Motley Crew's move ***
18 - - ■ - - - ■ □ ■ □ ■ □ ■ □ ■ □ ■ □
17 - ■ - - - - □ - □ - □ - - ■ □ ■ □ ■
16 - - - - ■ - - - - - - - - - - - ■ -
15 □ - - - - - - - □ - - - - ■ - ■ - ■
14 - □ - - - - - - - - - - - - - - - -
13 - - - - □ - - - □ - - - - - - ■ - ■
12 ■ - - □ - □ - - - - - - - □ - - - -
11 - - - - □ - - - - - - ■ - - - - - ■
10 ■ - ■ - - - - - - - - - - - - - - -
 9 - - - - - - - ■ - ■ - - - - - - - ■
 8 - - - - - □ - - - - - - - - - - - -
 7 □ - - - - - □ - - - - - - - - - - -
 6 - - - - - - - - - □ - □ - □ - - - □
 5 □ - - ■ - - - - - - - - - - - - - -
 4 - - - - - - - - - - - - - - - - - -
 3 □ - - ■ - ■ - ■ - ■ - - - ■ - - - ■
 2 - - - - - - - - - - - - ■ - ■ - - -
 1 □ - □ - □ - □ - □ - □ - - - - - - -
-- a b c d e f g h i j k l m n o p q r
white
(17, o) -> (17, m)
Moving encoding:
['(17, o) ', ' (17, m)']
*** Server Opponent's move ***
18 - - ■ - - - ■ □ ■ □ ■ □ ■ □ ■ □ ■ □
17 - ■ - - - - □ - □ - □ - □ - - ■ □ ■
16 - - - - ■ - - - - - - - - - - - ■ -
15 □ - - - - - - - □ - - - - ■ - ■ - ■
14 - □ - - - - - - - - - - - - - - - -
13 - - - - □ - - - □ - - - - - - ■ - ■
12 ■ - - □ - □ - - - - - - - □ - - - -
11 - - - - □ - - - - - - ■ - - - - - ■
10 ■ - ■ - - - - - - - - - - - - - - -
 9 - - - - - - - ■ - ■ - - - - - - - ■
 8 - - - - - □ - - - - - - - - - - - -
 7 □ - - - - - □ - - - - - - - - - - -
 6 - - - - - - - - - □ - □ - □ - - - □
 5 □ - - ■ - - - - - - - - - - - - - -
 4 - - - - - - - - - - - - - - - - - -
 3 □ - - ■ - ■ - ■ - ■ - - - ■ - - - ■
 2 - - - - - - - - - - - - ■ - ■ - - -
 1 □ - □ - □ - □ - □ - □ - - - - - - -
-- a b c d e f g h i j k l m n o p q r
black
Move[16:14]:[16:12]

Move[17:6]:[15:6]

?Move(98708):

Moving decoding:
[17:6]:[15:6]

*** Motley Crew's move ***
18 - - ■ - - - - □ ■ □ ■ □ ■ □ ■ □ ■ □
17 - ■ - - - - - - □ - □ - □ - - ■ □ ■
16 - - - - ■ - ■ - - - - - - - - - ■ -
15 □ - - - - - - - □ - - - - ■ - ■ - ■
14 - □ - - - - - - - - - - - - - - - -
13 - - - - □ - - - □ - - - - - - ■ - ■
12 ■ - - □ - □ - - - - - - - □ - - - -
11 - - - - □ - - - - - - ■ - - - - - ■
10 ■ - ■ - - - - - - - - - - - - - - -
 9 - - - - - - - ■ - ■ - - - - - - - ■
 8 - - - - - □ - - - - - - - - - - - -
 7 □ - - - - - □ - - - - - - - - - - -
 6 - - - - - - - - - □ - □ - □ - - - □
 5 □ - - ■ - - - - - - - - - - - - - -
 4 - - - - - - - - - - - - - - - - - -
 3 □ - - ■ - ■ - ■ - ■ - - - ■ - - - ■
 2 - - - - - - - - - - - - ■ - ■ - - -
 1 □ - □ - □ - □ - □ - □ - - - - - - -
-- a b c d e f g h i j k l m n o p q r
white
(17, q) -> (17, o)
Moving encoding:
['(17, q) ', ' (17, o)']
*** Server Opponent's move ***
18 - - ■ - - - - □ ■ □ ■ □ ■ □ ■ □ ■ □
17 - ■ - - - - - - □ - □ - □ - □ - - ■
16 - - - - ■ - ■ - - - - - - - - - ■ -
15 □ - - - - - - - □ - - - - ■ - ■ - ■
14 - □ - - - - - - - - - - - - - - - -
13 - - - - □ - - - □ - - - - - - ■ - ■
12 ■ - - □ - □ - - - - - - - □ - - - -
11 - - - - □ - - - - - - ■ - - - - - ■
10 ■ - ■ - - - - - - - - - - - - - - -
 9 - - - - - - - ■ - ■ - - - - - - - ■
 8 - - - - - □ - - - - - - - - - - - -
 7 □ - - - - - □ - - - - - - - - - - -
 6 - - - - - - - - - □ - □ - □ - - - □
 5 □ - - ■ - - - - - - - - - - - - - -
 4 - - - - - - - - - - - - - - - - - -
 3 □ - - ■ - ■ - ■ - ■ - - - ■ - - - ■
 2 - - - - - - - - - - - - ■ - ■ - - -
 1 □ - □ - □ - □ - □ - □ - - - - - - -
-- a b c d e f g h i j k l m n o p q r
black
Move[16:16]:[16:14]

Move[17:8]:[17:6]

?Move(98550):

Moving decoding:
[17:8]:[17:6]

*** Motley Crew's move ***
18 - - ■ - - - ■ - - □ ■ □ ■ □ ■ □ ■ □
17 - ■ - - - - - - □ - □ - □ - □ - - ■
16 - - - - ■ - ■ - - - - - - - - - ■ -
15 □ - - - - - - - □ - - - - ■ - ■ - ■
14 - □ - - - - - - - - - - - - - - - -
13 - - - - □ - - - □ - - - - - - ■ - ■
12 ■ - - □ - □ - - - - - - - □ - - - -
11 - - - - □ - - - - - - ■ - - - - - ■
10 ■ - ■ - - - - - - - - - - - - - - -
 9 - - - - - - - ■ - ■ - - - - - - - ■
 8 - - - - - □ - - - - - - - - - - - -
 7 □ - - - - - □ - - - - - - - - - - -
 6 - - - - - - - - - □ - □ - □ - - - □
 5 □ - - ■ - - - - - - - - - - - - - -
 4 - - - - - - - - - - - - - - - - - -
 3 □ - - ■ - ■ - ■ - ■ - - - ■ - - - ■
 2 - - - - - - - - - - - - ■ - ■ - - -
 1 □ - □ - □ - □ - □ - □ - - - - - - -
-- a b c d e f g h i j k l m n o p q r
white
(18, r) -> (16, r)
Moving encoding:
['(18, r) ', ' (16, r)']
*** Server Opponent's move ***
18 - - ■ - - - ■ - - □ ■ □ ■ □ ■ □ ■ -
17 - ■ - - - - - - □ - □ - □ - □ - - -
16 - - - - ■ - ■ - - - - - - - - - ■ □
15 □ - - - - - - - □ - - - - ■ - ■ - ■
14 - □ - - - - - - - - - - - - - - - -
13 - - - - □ - - - □ - - - - - - ■ - ■
12 ■ - - □ - □ - - - - - - - □ - - - -
11 - - - - □ - - - - - - ■ - - - - - ■
10 ■ - ■ - - - - - - - - - - - - - - -
 9 - - - - - - - ■ - ■ - - - - - - - ■
 8 - - - - - □ - - - - - - - - - - - -
 7 □ - - - - - □ - - - - - - - - - - -
 6 - - - - - - - - - □ - □ - □ - - - □
 5 □ - - ■ - - - - - - - - - - - - - -
 4 - - - - - - - - - - - - - - - - - -
 3 □ - - ■ - ■ - ■ - ■ - - - ■ - - - ■
 2 - - - - - - - - - - - - ■ - ■ - - -
 1 □ - □ - □ - □ - □ - □ - - - - - - -
-- a b c d e f g h i j k l m n o p q r
black
Move[17:17]:[15:17]

Move[14:17]:[16:17]

?Move(98463):

Moving decoding:
[14:17]:[16:17]

*** Motley Crew's move ***
18 - - ■ - - - ■ - - □ ■ □ ■ □ ■ □ ■ -
17 - ■ - - - - - - □ - □ - □ - □ - - ■
16 - - - - ■ - ■ - - - - - - - - - ■ -
15 □ - - - - - - - □ - - - - ■ - ■ - -
14 - □ - - - - - - - - - - - - - - - -
13 - - - - □ - - - □ - - - - - - ■ - ■
12 ■ - - □ - □ - - - - - - - □ - - - -
11 - - - - □ - - - - - - ■ - - - - - ■
10 ■ - ■ - - - - - - - - - - - - - - -
 9 - - - - - - - ■ - ■ - - - - - - - ■
 8 - - - - - □ - - - - - - - - - - - -
 7 □ - - - - - □ - - - - - - - - - - -
 6 - - - - - - - - - □ - □ - □ - - - □
 5 □ - - ■ - - - - - - - - - - - - - -
 4 - - - - - - - - - - - - - - - - - -
 3 □ - - ■ - ■ - ■ - ■ - - - ■ - - - ■
 2 - - - - - - - - - - - - ■ - ■ - - -
 1 □ - □ - □ - □ - □ - □ - - - - - - -
-- a b c d e f g h i j k l m n o p q r
white
(18, p) -> (18, r)
Moving encoding:
['(18, p) ', ' (18, r)']
*** Server Opponent's move ***
18 - - ■ - - - ■ - - □ ■ □ ■ □ ■ - - □
17 - ■ - - - - - - □ - □ - □ - □ - - ■
16 - - - - ■ - ■ - - - - - - - - - ■ -
15 □ - - - - - - - □ - - - - ■ - ■ - -
14 - □ - - - - - - - - - - - - - - - -
13 - - - - □ - - - □ - - - - - - ■ - ■
12 ■ - - □ - □ - - - - - - - □ - - - -
11 - - - - □ - - - - - - ■ - - - - - ■
10 ■ - ■ - - - - - - - - - - - - - - -
 9 - - - - - - - ■ - ■ - - - - - - - ■
 8 - - - - - □ - - - - - - - - - - - -
 7 □ - - - - - □ - - - - - - - - - - -
 6 - - - - - - - - - □ - □ - □ - - - □
 5 □ - - ■ - - - - - - - - - - - - - -
 4 - - - - - - - - - - - - - - - - - -
 3 □ - - ■ - ■ - ■ - ■ - - - ■ - - - ■
 2 - - - - - - - - - - - - ■ - ■ - - -
 1 □ - □ - □ - □ - □ - □ - - - - - - -
-- a b c d e f g h i j k l m n o p q r
black
Move[17:15]:[17:17]

Move[17:10]:[17:8]

?Move(98390):

Moving decoding:
[17:10]:[17:8]

*** Motley Crew's move ***
18 - - ■ - - - ■ - ■ - - □ ■ □ ■ - - □
17 - ■ - - - - - - □ - □ - □ - □ - - ■
16 - - - - ■ - ■ - - - - - - - - - ■ -
15 □ - - - - - - - □ - - - - ■ - ■ - -
14 - □ - - - - - - - - - - - - - - - -
13 - - - - □ - - - □ - - - - - - ■ - ■
12 ■ - - □ - □ - - - - - - - □ - - - -
11 - - - - □ - - - - - - ■ - - - - - ■
10 ■ - ■ - - - - - - - - - - - - - - -
 9 - - - - - - - ■ - ■ - - - - - - - ■
 8 - - - - - □ - - - - - - - - - - - -
 7 □ - - - - - □ - - - - - - - - - - -
 6 - - - - - - - - - □ - □ - □ - - - □
 5 □ - - ■ - - - - - - - - - - - - - -
 4 - - - - - - - - - - - - - - - - - -
 3 □ - - ■ - ■ - ■ - ■ - - - ■ - - - ■
 2 - - - - - - - - - - - - ■ - ■ - - -
 1 □ - □ - □ - □ - □ - □ - - - - - - -
-- a b c d e f g h i j k l m n o p q r
white
(18, n) -> (18, p)
Moving encoding:
['(18, n) ', ' (18, p)']
*** Server Opponent's move ***
18 - - ■ - - - ■ - ■ - - □ ■ - - □ - □
17 - ■ - - - - - - □ - □ - □ - □ - - ■
16 - - - - ■ - ■ - - - - - - - - - ■ -
15 □ - - - - - - - □ - - - - ■ - ■ - -
14 - □ - - - - - - - - - - - - - - - -
13 - - - - □ - - - □ - - - - - - ■ - ■
12 ■ - - □ - □ - - - - - - - □ - - - -
11 - - - - □ - - - - - - ■ - - - - - ■
10 ■ - ■ - - - - - - - - - - - - - - -
 9 - - - - - - - ■ - ■ - - - - - - - ■
 8 - - - - - □ - - - - - - - - - - - -
 7 □ - - - - - □ - - - - - - - - - - -
 6 - - - - - - - - - □ - □ - □ - - - □
 5 □ - - ■ - - - - - - - - - - - - - -
 4 - - - - - - - - - - - - - - - - - -
 3 □ - - ■ - ■ - ■ - ■ - - - ■ - - - ■
 2 - - - - - - - - - - - - ■ - ■ - - -
 1 □ - □ - □ - □ - □ - □ - - - - - - -
-- a b c d e f g h i j k l m n o p q r
black
Move[17:13]:[17:15]

Move[17:8]:[15:8]

?Move(98308):

Moving decoding:
[17:8]:[15:8]

*** Motley Crew's move ***
18 - - ■ - - - ■ - - - - □ ■ - - □ - □
17 - ■ - - - - - - - - □ - □ - □ - - ■
16 - - - - ■ - ■ - ■ - - - - - - - ■ -
15 □ - - - - - - - □ - - - - ■ - ■ - -
14 - □ - - - - - - - - - - - - - - - -
13 - - - - □ - - - □ - - - - - - ■ - ■
12 ■ - - □ - □ - - - - - - - □ - - - -
11 - - - - □ - - - - - - ■ - - - - - ■
10 ■ - ■ - - - - - - - - - - - - - - -
 9 - - - - - - - ■ - ■ - - - - - - - ■
 8 - - - - - □ - - - - - - - - - - - -
 7 □ - - - - - □ - - - - - - - - - - -
 6 - - - - - - - - - □ - □ - □ - - - □
 5 □ - - ■ - - - - - - - - - - - - - -
 4 - - - - - - - - - - - - - - - - - -
 3 □ - - ■ - ■ - ■ - ■ - - - ■ - - - ■
 2 - - - - - - - - - - - - ■ - ■ - - -
 1 □ - □ - □ - □ - □ - □ - - - - - - -
-- a b c d e f g h i j k l m n o p q r
white
(15, i) -> (17, i)
Moving encoding:
['(15, i) ', ' (17, i)']
*** Server Opponent's move ***
18 - - ■ - - - ■ - - - - □ ■ - - □ - □
17 - ■ - - - - - - □ - □ - □ - □ - - ■
16 - - - - ■ - ■ - - - - - - - - - ■ -
15 □ - - - - - - - - - - - - ■ - ■ - -
14 - □ - - - - - - - - - - - - - - - -
13 - - - - □ - - - □ - - - - - - ■ - ■
12 ■ - - □ - □ - - - - - - - □ - - - -
11 - - - - □ - - - - - - ■ - - - - - ■
10 ■ - ■ - - - - - - - - - - - - - - -
 9 - - - - - - - ■ - ■ - - - - - - - ■
 8 - - - - - □ - - - - - - - - - - - -
 7 □ - - - - - □ - - - - - - - - - - -
 6 - - - - - - - - - □ - □ - □ - - - □
 5 □ - - ■ - - - - - - - - - - - - - -
 4 - - - - - - - - - - - - - - - - - -
 3 □ - - ■ - ■ - ■ - ■ - - - ■ - - - ■
 2 - - - - - - - - - - - - ■ - ■ - - -
 1 □ - □ - □ - □ - □ - □ - - - - - - -
-- a b c d e f g h i j k l m n o p q r
black
Move[14:8]:[16:8]

Move[17:12]:[17:10]

?Move(98232):

Moving decoding:
[17:12]:[17:10]

*** Motley Crew's move ***
18 - - ■ - - - ■ - - - ■ - - - - □ - □
17 - ■ - - - - - - □ - □ - □ - □ - - ■
16 - - - - ■ - ■ - - - - - - - - - ■ -
15 □ - - - - - - - - - - - - ■ - ■ - -
14 - □ - - - - - - - - - - - - - - - -
13 - - - - □ - - - □ - - - - - - ■ - ■
12 ■ - - □ - □ - - - - - - - □ - - - -
11 - - - - □ - - - - - - ■ - - - - - ■
10 ■ - ■ - - - - - - - - - - - - - - -
 9 - - - - - - - ■ - ■ - - - - - - - ■
 8 - - - - - □ - - - - - - - - - - - -
 7 □ - - - - - □ - - - - - - - - - - -
 6 - - - - - - - - - □ - □ - □ - - - □
 5 □ - - ■ - - - - - - - - - - - - - -
 4 - - - - - - - - - - - - - - - - - -
 3 □ - - ■ - ■ - ■ - ■ - - - ■ - - - ■
 2 - - - - - - - - - - - - ■ - ■ - - -
 1 □ - □ - □ - □ - □ - □ - - - - - - -
-- a b c d e f g h i j k l m n o p q r
white
(18, r) -> (16, r)
Moving encoding:
['(18, r) ', ' (16, r)']
*** Server Opponent's move ***
18 - - ■ - - - ■ - - - ■ - - - - □ - -
17 - ■ - - - - - - □ - □ - □ - □ - - -
16 - - - - ■ - ■ - - - - - - - - - ■ □
15 □ - - - - - - - - - - - - ■ - ■ - -
14 - □ - - - - - - - - - - - - - - - -
13 - - - - □ - - - □ - - - - - - ■ - ■
12 ■ - - □ - □ - - - - - - - □ - - - -
11 - - - - □ - - - - - - ■ - - - - - ■
10 ■ - ■ - - - - - - - - - - - - - - -
 9 - - - - - - - ■ - ■ - - - - - - - ■
 8 - - - - - □ - - - - - - - - - - - -
 7 □ - - - - - □ - - - - - - - - - - -
 6 - - - - - - - - - □ - □ - □ - - - □
 5 □ - - ■ - - - - - - - - - - - - - -
 4 - - - - - - - - - - - - - - - - - -
 3 □ - - ■ - ■ - ■ - ■ - - - ■ - - - ■
 2 - - - - - - - - - - - - ■ - ■ - - -
 1 □ - □ - □ - □ - □ - □ - - - - - - -
-- a b c d e f g h i j k l m n o p q r
black
Move[17:17]:[15:17]

Move[17:10]:[15:10]

?Move(98164):

Moving decoding:
[17:10]:[15:10]

*** Motley Crew's move ***
18 - - ■ - - - ■ - - - - - - - - □ - -
17 - ■ - - - - - - □ - - - □ - □ - - -
16 - - - - ■ - ■ - - - ■ - - - - - ■ □
15 □ - - - - - - - - - - - - ■ - ■ - -
14 - □ - - - - - - - - - - - - - - - -
13 - - - - □ - - - □ - - - - - - ■ - ■
12 ■ - - □ - □ - - - - - - - □ - - - -
11 - - - - □ - - - - - - ■ - - - - - ■
10 ■ - ■ - - - - - - - - - - - - - - -
 9 - - - - - - - ■ - ■ - - - - - - - ■
 8 - - - - - □ - - - - - - - - - - - -
 7 □ - - - - - □ - - - - - - - - - - -
 6 - - - - - - - - - □ - □ - □ - - - □
 5 □ - - ■ - - - - - - - - - - - - - -
 4 - - - - - - - - - - - - - - - - - -
 3 □ - - ■ - ■ - ■ - ■ - - - ■ - - - ■
 2 - - - - - - - - - - - - ■ - ■ - - -
 1 □ - □ - □ - □ - □ - □ - - - - - - -
-- a b c d e f g h i j k l m n o p q r
white
(16, r) -> (16, p)
Moving encoding:
['(16, r) ', ' (16, p)']
*** Server Opponent's move ***
18 - - ■ - - - ■ - - - - - - - - □ - -
17 - ■ - - - - - - □ - - - □ - □ - - -
16 - - - - ■ - ■ - - - ■ - - - - □ - -
15 □ - - - - - - - - - - - - ■ - ■ - -
14 - □ - - - - - - - - - - - - - - - -
13 - - - - □ - - - □ - - - - - - ■ - ■
12 ■ - - □ - □ - - - - - - - □ - - - -
11 - - - - □ - - - - - - ■ - - - - - ■
10 ■ - ■ - - - - - - - - - - - - - - -
 9 - - - - - - - ■ - ■ - - - - - - - ■
 8 - - - - - □ - - - - - - - - - - - -
 7 □ - - - - - □ - - - - - - - - - - -
 6 - - - - - - - - - □ - □ - □ - - - □
 5 □ - - ■ - - - - - - - - - - - - - -
 4 - - - - - - - - - - - - - - - - - -
 3 □ - - ■ - ■ - ■ - ■ - - - ■ - - - ■
 2 - - - - - - - - - - - - ■ - ■ - - -
 1 □ - □ - □ - □ - □ - □ - - - - - - -
-- a b c d e f g h i j k l m n o p q r
black
Move[15:17]:[15:15]

Move[14:15]:[16:15]

?Move(98105):

Moving decoding:
[14:15]:[16:15]

*** Motley Crew's move ***
18 - - ■ - - - ■ - - - - - - - - □ - -
17 - ■ - - - - - - □ - - - □ - □ ■ - -
16 - - - - ■ - ■ - - - ■ - - - - - - -
15 □ - - - - - - - - - - - - ■ - - - -
14 - □ - - - - - - - - - - - - - - - -
13 - - - - □ - - - □ - - - - - - ■ - ■
12 ■ - - □ - □ - - - - - - - □ - - - -
11 - - - - □ - - - - - - ■ - - - - - ■
10 ■ - ■ - - - - - - - - - - - - - - -
 9 - - - - - - - ■ - ■ - - - - - - - ■
 8 - - - - - □ - - - - - - - - - - - -
 7 □ - - - - - □ - - - - - - - - - - -
 6 - - - - - - - - - □ - □ - □ - - - □
 5 □ - - ■ - - - - - - - - - - - - - -
 4 - - - - - - - - - - - - - - - - - -
 3 □ - - ■ - ■ - ■ - ■ - - - ■ - - - ■
 2 - - - - - - - - - - - - ■ - ■ - - -
 1 □ - □ - □ - □ - □ - □ - - - - - - -
-- a b c d e f g h i j k l m n o p q r
white
(17, o) -> (17, q)
Moving encoding:
['(17, o) ', ' (17, q)']
Motley Crew
Alexs-MacBook-Pro:konane-final-project alexoneill$
